  Determining projects to restore...
  Nothing to do. None of the projects specified contain packages to restore.
C:\Program Files\dotnet\sdk\10.0.203\Microsoft.Common.CurrentVersion.targets(2451,5): warning MSB3277: Found conflicts between different versions of "System.Net.Http" that could not be resolved. [J:\afterimage-tokyo\afterimage-tokyo\GlassRefrain.Core.csproj]
C:\Program Files\dotnet\sdk\10.0.203\Microsoft.Common.CurrentVersion.targets(2451,5): warning MSB3277: There was a conflict between "System.Net.Http, Version=4.1.2.0, Culture=neutral, PublicKeyToken=b03f5f7f11d50a3a" and "System.Net.Http, Version=4.2.0.0, Culture=neutral, PublicKeyToken=b03f5f7f11d50a3a". [J:\afterimage-tokyo\afterimage-tokyo\GlassRefrain.Core.csproj]
C:\Program Files\dotnet\sdk\10.0.203\Microsoft.Common.CurrentVersion.targets(2451,5): warning MSB3277:     "System.Net.Http, Version=4.1.2.0, Culture=neutral, PublicKeyToken=b03f5f7f11d50a3a" was chosen because it was primary and "System.Net.Http, Version=4.2.0.0, Culture=neutral, PublicKeyToken=b03f5f7f11d50a3a" was not. [J:\afterimage-tokyo\afterimage-tokyo\GlassRefrain.Core.csproj]
C:\Program Files\dotnet\sdk\10.0.203\Microsoft.Common.CurrentVersion.targets(2451,5): warning MSB3277:     References which depend on "System.Net.Http, Version=4.1.2.0, Culture=neutral, PublicKeyToken=b03f5f7f11d50a3a" [J:\6000.3.11f1\Editor\Data\NetStandard\compat\2.1.0\shims\netstandard\System.Net.Http.dll]. [J:\afterimage-tokyo\afterimage-tokyo\GlassRefrain.Core.csproj]
C:\Program Files\dotnet\sdk\10.0.203\Microsoft.Common.CurrentVersion.targets(2451,5): warning MSB3277:         J:\6000.3.11f1\Editor\Data\NetStandard\compat\2.1.0\shims\netstandard\System.Net.Http.dll [J:\afterimage-tokyo\afterimage-tokyo\GlassRefrain.Core.csproj]
C:\Program Files\dotnet\sdk\10.0.203\Microsoft.Common.CurrentVersion.targets(2451,5): warning MSB3277:           Project file item includes which caused reference "J:\6000.3.11f1\Editor\Data\NetStandard\compat\2.1.0\shims\netstandard\System.Net.Http.dll". [J:\afterimage-tokyo\afterimage-tokyo\GlassRefrain.Core.csproj]
C:\Program Files\dotnet\sdk\10.0.203\Microsoft.Common.CurrentVersion.targets(2451,5): warning MSB3277:             System.Net.Http [J:\afterimage-tokyo\afterimage-tokyo\GlassRefrain.Core.csproj]
C:\Program Files\dotnet\sdk\10.0.203\Microsoft.Common.CurrentVersion.targets(2451,5): warning MSB3277:     References which depend on or have been unified to "System.Net.Http, Version=4.2.0.0, Culture=neutral, PublicKeyToken=b03f5f7f11d50a3a" []. [J:\afterimage-tokyo\afterimage-tokyo\GlassRefrain.Core.csproj]
C:\Program Files\dotnet\sdk\10.0.203\Microsoft.Common.CurrentVersion.targets(2451,5): warning MSB3277:         J:\afterimage-tokyo\afterimage-tokyo\Library\PackageCache\com.unity.testtools.codecoverage@19a841221620\lib\ReportGenerator\ReportGeneratorMerged.dll [J:\afterimage-tokyo\afterimage-tokyo\GlassRefrain.Core.csproj]
C:\Program Files\dotnet\sdk\10.0.203\Microsoft.Common.CurrentVersion.targets(2451,5): warning MSB3277:           Project file item includes which caused reference "J:\afterimage-tokyo\afterimage-tokyo\Library\PackageCache\com.unity.testtools.codecoverage@19a841221620\lib\ReportGenerator\ReportGeneratorMerged.dll". [J:\afterimage-tokyo\afterimage-tokyo\GlassRefrain.Core.csproj]
C:\Program Files\dotnet\sdk\10.0.203\Microsoft.Common.CurrentVersion.targets(2451,5): warning MSB3277:             ReportGeneratorMerged [J:\afterimage-tokyo\afterimage-tokyo\GlassRefrain.Core.csproj]
C:\Program Files\dotnet\sdk\10.0.203\Microsoft.Common.CurrentVersion.targets(2451,5): warning MSB3277: Found conflicts between different versions of "System.Security.Cryptography.Algorithms" that could not be resolved. [J:\afterimage-tokyo\afterimage-tokyo\GlassRefrain.Core.csproj]
C:\Program Files\dotnet\sdk\10.0.203\Microsoft.Common.CurrentVersion.targets(2451,5): warning MSB3277: There was a conflict between "System.Security.Cryptography.Algorithms, Version=4.2.2.0, Culture=neutral, PublicKeyToken=b03f5f7f11d50a3a" and "System.Security.Cryptography.Algorithms, Version=4.3.0.0, Culture=neutral, PublicKeyToken=b03f5f7f11d50a3a". [J:\afterimage-tokyo\afterimage-tokyo\GlassRefrain.Core.csproj]
C:\Program Files\dotnet\sdk\10.0.203\Microsoft.Common.CurrentVersion.targets(2451,5): warning MSB3277:     "System.Security.Cryptography.Algorithms, Version=4.2.2.0, Culture=neutral, PublicKeyToken=b03f5f7f11d50a3a" was chosen because it was primary and "System.Security.Cryptography.Algorithms, Version=4.3.0.0, Culture=neutral, PublicKeyToken=b03f5f7f11d50a3a" was not. [J:\afterimage-tokyo\afterimage-tokyo\GlassRefrain.Core.csproj]
C:\Program Files\dotnet\sdk\10.0.203\Microsoft.Common.CurrentVersion.targets(2451,5): warning MSB3277:     References which depend on "System.Security.Cryptography.Algorithms, Version=4.2.2.0, Culture=neutral, PublicKeyToken=b03f5f7f11d50a3a" [J:\6000.3.11f1\Editor\Data\NetStandard\compat\2.1.0\shims\netstandard\System.Security.Cryptography.Algorithms.dll]. [J:\afterimage-tokyo\afterimage-tokyo\GlassRefrain.Core.csproj]
C:\Program Files\dotnet\sdk\10.0.203\Microsoft.Common.CurrentVersion.targets(2451,5): warning MSB3277:         J:\6000.3.11f1\Editor\Data\NetStandard\compat\2.1.0\shims\netstandard\System.Security.Cryptography.Algorithms.dll [J:\afterimage-tokyo\afterimage-tokyo\GlassRefrain.Core.csproj]
C:\Program Files\dotnet\sdk\10.0.203\Microsoft.Common.CurrentVersion.targets(2451,5): warning MSB3277:           Project file item includes which caused reference "J:\6000.3.11f1\Editor\Data\NetStandard\compat\2.1.0\shims\netstandard\System.Security.Cryptography.Algorithms.dll". [J:\afterimage-tokyo\afterimage-tokyo\GlassRefrain.Core.csproj]
C:\Program Files\dotnet\sdk\10.0.203\Microsoft.Common.CurrentVersion.targets(2451,5): warning MSB3277:             System.Security.Cryptography.Algorithms [J:\afterimage-tokyo\afterimage-tokyo\GlassRefrain.Core.csproj]
C:\Program Files\dotnet\sdk\10.0.203\Microsoft.Common.CurrentVersion.targets(2451,5): warning MSB3277:     References which depend on or have been unified to "System.Security.Cryptography.Algorithms, Version=4.3.0.0, Culture=neutral, PublicKeyToken=b03f5f7f11d50a3a" []. [J:\afterimage-tokyo\afterimage-tokyo\GlassRefrain.Core.csproj]
C:\Program Files\dotnet\sdk\10.0.203\Microsoft.Common.CurrentVersion.targets(2451,5): warning MSB3277:         J:\afterimage-tokyo\afterimage-tokyo\Library\PackageCache\com.unity.testtools.codecoverage@19a841221620\lib\ReportGenerator\ReportGeneratorMerged.dll [J:\afterimage-tokyo\afterimage-tokyo\GlassRefrain.Core.csproj]
C:\Program Files\dotnet\sdk\10.0.203\Microsoft.Common.CurrentVersion.targets(2451,5): warning MSB3277:           Project file item includes which caused reference "J:\afterimage-tokyo\afterimage-tokyo\Library\PackageCache\com.unity.testtools.codecoverage@19a841221620\lib\ReportGenerator\ReportGeneratorMerged.dll". [J:\afterimage-tokyo\afterimage-tokyo\GlassRefrain.Core.csproj]
C:\Program Files\dotnet\sdk\10.0.203\Microsoft.Common.CurrentVersion.targets(2451,5): warning MSB3277:             ReportGeneratorMerged [J:\afterimage-tokyo\afterimage-tokyo\GlassRefrain.Core.csproj]
  GlassRefrain.Core -> J:\afterimage-tokyo\afterimage-tokyo\Temp\Bin\Debug\GlassRefrain.Core\GlassRefrain.Core.dll
C:\Program Files\dotnet\sdk\10.0.203\Microsoft.Common.CurrentVersion.targets(2451,5): warning MSB3277: Found conflicts between different versions of "System.Net.Http" that could not be resolved. [J:\afterimage-tokyo\afterimage-tokyo\GlassRefrain.Targeting.csproj]
C:\Program Files\dotnet\sdk\10.0.203\Microsoft.Common.CurrentVersion.targets(2451,5): warning MSB3277: There was a conflict between "System.Net.Http, Version=4.1.2.0, Culture=neutral, PublicKeyToken=b03f5f7f11d50a3a" and "System.Net.Http, Version=4.2.0.0, Culture=neutral, PublicKeyToken=b03f5f7f11d50a3a". [J:\afterimage-tokyo\afterimage-tokyo\GlassRefrain.Targeting.csproj]
C:\Program Files\dotnet\sdk\10.0.203\Microsoft.Common.CurrentVersion.targets(2451,5): warning MSB3277:     "System.Net.Http, Version=4.1.2.0, Culture=neutral, PublicKeyToken=b03f5f7f11d50a3a" was chosen because it was primary and "System.Net.Http, Version=4.2.0.0, Culture=neutral, PublicKeyToken=b03f5f7f11d50a3a" was not. [J:\afterimage-tokyo\afterimage-tokyo\GlassRefrain.Targeting.csproj]
C:\Program Files\dotnet\sdk\10.0.203\Microsoft.Common.CurrentVersion.targets(2451,5): warning MSB3277:     References which depend on "System.Net.Http, Version=4.1.2.0, Culture=neutral, PublicKeyToken=b03f5f7f11d50a3a" [J:\6000.3.11f1\Editor\Data\NetStandard\compat\2.1.0\shims\netstandard\System.Net.Http.dll]. [J:\afterimage-tokyo\afterimage-tokyo\GlassRefrain.Targeting.csproj]
C:\Program Files\dotnet\sdk\10.0.203\Microsoft.Common.CurrentVersion.targets(2451,5): warning MSB3277:         J:\6000.3.11f1\Editor\Data\NetStandard\compat\2.1.0\shims\netstandard\System.Net.Http.dll [J:\afterimage-tokyo\afterimage-tokyo\GlassRefrain.Targeting.csproj]
C:\Program Files\dotnet\sdk\10.0.203\Microsoft.Common.CurrentVersion.targets(2451,5): warning MSB3277:           Project file item includes which caused reference "J:\6000.3.11f1\Editor\Data\NetStandard\compat\2.1.0\shims\netstandard\System.Net.Http.dll". [J:\afterimage-tokyo\afterimage-tokyo\GlassRefrain.Targeting.csproj]
C:\Program Files\dotnet\sdk\10.0.203\Microsoft.Common.CurrentVersion.targets(2451,5): warning MSB3277:             System.Net.Http [J:\afterimage-tokyo\afterimage-tokyo\GlassRefrain.Targeting.csproj]
C:\Program Files\dotnet\sdk\10.0.203\Microsoft.Common.CurrentVersion.targets(2451,5): warning MSB3277:     References which depend on or have been unified to "System.Net.Http, Version=4.2.0.0, Culture=neutral, PublicKeyToken=b03f5f7f11d50a3a" []. [J:\afterimage-tokyo\afterimage-tokyo\GlassRefrain.Targeting.csproj]
C:\Program Files\dotnet\sdk\10.0.203\Microsoft.Common.CurrentVersion.targets(2451,5): warning MSB3277:         J:\afterimage-tokyo\afterimage-tokyo\Library\PackageCache\com.unity.testtools.codecoverage@19a841221620\lib\ReportGenerator\ReportGeneratorMerged.dll [J:\afterimage-tokyo\afterimage-tokyo\GlassRefrain.Targeting.csproj]
C:\Program Files\dotnet\sdk\10.0.203\Microsoft.Common.CurrentVersion.targets(2451,5): warning MSB3277:           Project file item includes which caused reference "J:\afterimage-tokyo\afterimage-tokyo\Library\PackageCache\com.unity.testtools.codecoverage@19a841221620\lib\ReportGenerator\ReportGeneratorMerged.dll". [J:\afterimage-tokyo\afterimage-tokyo\GlassRefrain.Targeting.csproj]
C:\Program Files\dotnet\sdk\10.0.203\Microsoft.Common.CurrentVersion.targets(2451,5): warning MSB3277:             ReportGeneratorMerged [J:\afterimage-tokyo\afterimage-tokyo\GlassRefrain.Targeting.csproj]
C:\Program Files\dotnet\sdk\10.0.203\Microsoft.Common.CurrentVersion.targets(2451,5): warning MSB3277: Found conflicts between different versions of "System.Security.Cryptography.Algorithms" that could not be resolved. [J:\afterimage-tokyo\afterimage-tokyo\GlassRefrain.Targeting.csproj]
C:\Program Files\dotnet\sdk\10.0.203\Microsoft.Common.CurrentVersion.targets(2451,5): warning MSB3277: There was a conflict between "System.Security.Cryptography.Algorithms, Version=4.2.2.0, Culture=neutral, PublicKeyToken=b03f5f7f11d50a3a" and "System.Security.Cryptography.Algorithms, Version=4.3.0.0, Culture=neutral, PublicKeyToken=b03f5f7f11d50a3a". [J:\afterimage-tokyo\afterimage-tokyo\GlassRefrain.Targeting.csproj]
C:\Program Files\dotnet\sdk\10.0.203\Microsoft.Common.CurrentVersion.targets(2451,5): warning MSB3277:     "System.Security.Cryptography.Algorithms, Version=4.2.2.0, Culture=neutral, PublicKeyToken=b03f5f7f11d50a3a" was chosen because it was primary and "System.Security.Cryptography.Algorithms, Version=4.3.0.0, Culture=neutral, PublicKeyToken=b03f5f7f11d50a3a" was not. [J:\afterimage-tokyo\afterimage-tokyo\GlassRefrain.Targeting.csproj]
C:\Program Files\dotnet\sdk\10.0.203\Microsoft.Common.CurrentVersion.targets(2451,5): warning MSB3277:     References which depend on "System.Security.Cryptography.Algorithms, Version=4.2.2.0, Culture=neutral, PublicKeyToken=b03f5f7f11d50a3a" [J:\6000.3.11f1\Editor\Data\NetStandard\compat\2.1.0\shims\netstandard\System.Security.Cryptography.Algorithms.dll]. [J:\afterimage-tokyo\afterimage-tokyo\GlassRefrain.Targeting.csproj]
C:\Program Files\dotnet\sdk\10.0.203\Microsoft.Common.CurrentVersion.targets(2451,5): warning MSB3277:         J:\6000.3.11f1\Editor\Data\NetStandard\compat\2.1.0\shims\netstandard\System.Security.Cryptography.Algorithms.dll [J:\afterimage-tokyo\afterimage-tokyo\GlassRefrain.Targeting.csproj]
C:\Program Files\dotnet\sdk\10.0.203\Microsoft.Common.CurrentVersion.targets(2451,5): warning MSB3277:           Project file item includes which caused reference "J:\6000.3.11f1\Editor\Data\NetStandard\compat\2.1.0\shims\netstandard\System.Security.Cryptography.Algorithms.dll". [J:\afterimage-tokyo\afterimage-tokyo\GlassRefrain.Targeting.csproj]
C:\Program Files\dotnet\sdk\10.0.203\Microsoft.Common.CurrentVersion.targets(2451,5): warning MSB3277:             System.Security.Cryptography.Algorithms [J:\afterimage-tokyo\afterimage-tokyo\GlassRefrain.Targeting.csproj]
C:\Program Files\dotnet\sdk\10.0.203\Microsoft.Common.CurrentVersion.targets(2451,5): warning MSB3277:     References which depend on or have been unified to "System.Security.Cryptography.Algorithms, Version=4.3.0.0, Culture=neutral, PublicKeyToken=b03f5f7f11d50a3a" []. [J:\afterimage-tokyo\afterimage-tokyo\GlassRefrain.Targeting.csproj]
C:\Program Files\dotnet\sdk\10.0.203\Microsoft.Common.CurrentVersion.targets(2451,5): warning MSB3277:         J:\afterimage-tokyo\afterimage-tokyo\Library\PackageCache\com.unity.testtools.codecoverage@19a841221620\lib\ReportGenerator\ReportGeneratorMerged.dll [J:\afterimage-tokyo\afterimage-tokyo\GlassRefrain.Targeting.csproj]
C:\Program Files\dotnet\sdk\10.0.203\Microsoft.Common.CurrentVersion.targets(2451,5): warning MSB3277:           Project file item includes which caused reference "J:\afterimage-tokyo\afterimage-tokyo\Library\PackageCache\com.unity.testtools.codecoverage@19a841221620\lib\ReportGenerator\ReportGeneratorMerged.dll". [J:\afterimage-tokyo\afterimage-tokyo\GlassRefrain.Targeting.csproj]
C:\Program Files\dotnet\sdk\10.0.203\Microsoft.Common.CurrentVersion.targets(2451,5): warning MSB3277:             ReportGeneratorMerged [J:\afterimage-tokyo\afterimage-tokyo\GlassRefrain.Targeting.csproj]
  GlassRefrain.Targeting -> J:\afterimage-tokyo\afterimage-tokyo\Temp\Bin\Debug\GlassRefrain.Targeting\GlassRefrain.Targeting.dll
C:\Program Files\dotnet\sdk\10.0.203\Microsoft.Common.CurrentVersion.targets(2451,5): warning MSB3277: Found conflicts between different versions of "System.Net.Http" that could not be resolved. [J:\afterimage-tokyo\afterimage-tokyo\GlassRefrain.Combat.csproj]
C:\Program Files\dotnet\sdk\10.0.203\Microsoft.Common.CurrentVersion.targets(2451,5): warning MSB3277: There was a conflict between "System.Net.Http, Version=4.1.2.0, Culture=neutral, PublicKeyToken=b03f5f7f11d50a3a" and "System.Net.Http, Version=4.2.0.0, Culture=neutral, PublicKeyToken=b03f5f7f11d50a3a". [J:\afterimage-tokyo\afterimage-tokyo\GlassRefrain.Combat.csproj]
C:\Program Files\dotnet\sdk\10.0.203\Microsoft.Common.CurrentVersion.targets(2451,5): warning MSB3277:     "System.Net.Http, Version=4.1.2.0, Culture=neutral, PublicKeyToken=b03f5f7f11d50a3a" was chosen because it was primary and "System.Net.Http, Version=4.2.0.0, Culture=neutral, PublicKeyToken=b03f5f7f11d50a3a" was not. [J:\afterimage-tokyo\afterimage-tokyo\GlassRefrain.Combat.csproj]
C:\Program Files\dotnet\sdk\10.0.203\Microsoft.Common.CurrentVersion.targets(2451,5): warning MSB3277:     References which depend on "System.Net.Http, Version=4.1.2.0, Culture=neutral, PublicKeyToken=b03f5f7f11d50a3a" [J:\6000.3.11f1\Editor\Data\NetStandard\compat\2.1.0\shims\netstandard\System.Net.Http.dll]. [J:\afterimage-tokyo\afterimage-tokyo\GlassRefrain.Combat.csproj]
C:\Program Files\dotnet\sdk\10.0.203\Microsoft.Common.CurrentVersion.targets(2451,5): warning MSB3277:         J:\6000.3.11f1\Editor\Data\NetStandard\compat\2.1.0\shims\netstandard\System.Net.Http.dll [J:\afterimage-tokyo\afterimage-tokyo\GlassRefrain.Combat.csproj]
C:\Program Files\dotnet\sdk\10.0.203\Microsoft.Common.CurrentVersion.targets(2451,5): warning MSB3277:           Project file item includes which caused reference "J:\6000.3.11f1\Editor\Data\NetStandard\compat\2.1.0\shims\netstandard\System.Net.Http.dll". [J:\afterimage-tokyo\afterimage-tokyo\GlassRefrain.Combat.csproj]
C:\Program Files\dotnet\sdk\10.0.203\Microsoft.Common.CurrentVersion.targets(2451,5): warning MSB3277:             System.Net.Http [J:\afterimage-tokyo\afterimage-tokyo\GlassRefrain.Combat.csproj]
C:\Program Files\dotnet\sdk\10.0.203\Microsoft.Common.CurrentVersion.targets(2451,5): warning MSB3277:     References which depend on or have been unified to "System.Net.Http, Version=4.2.0.0, Culture=neutral, PublicKeyToken=b03f5f7f11d50a3a" []. [J:\afterimage-tokyo\afterimage-tokyo\GlassRefrain.Combat.csproj]
C:\Program Files\dotnet\sdk\10.0.203\Microsoft.Common.CurrentVersion.targets(2451,5): warning MSB3277:         J:\afterimage-tokyo\afterimage-tokyo\Library\PackageCache\com.unity.testtools.codecoverage@19a841221620\lib\ReportGenerator\ReportGeneratorMerged.dll [J:\afterimage-tokyo\afterimage-tokyo\GlassRefrain.Combat.csproj]
C:\Program Files\dotnet\sdk\10.0.203\Microsoft.Common.CurrentVersion.targets(2451,5): warning MSB3277:           Project file item includes which caused reference "J:\afterimage-tokyo\afterimage-tokyo\Library\PackageCache\com.unity.testtools.codecoverage@19a841221620\lib\ReportGenerator\ReportGeneratorMerged.dll". [J:\afterimage-tokyo\afterimage-tokyo\GlassRefrain.Combat.csproj]
C:\Program Files\dotnet\sdk\10.0.203\Microsoft.Common.CurrentVersion.targets(2451,5): warning MSB3277:             ReportGeneratorMerged [J:\afterimage-tokyo\afterimage-tokyo\GlassRefrain.Combat.csproj]
C:\Program Files\dotnet\sdk\10.0.203\Microsoft.Common.CurrentVersion.targets(2451,5): warning MSB3277: Found conflicts between different versions of "System.Security.Cryptography.Algorithms" that could not be resolved. [J:\afterimage-tokyo\afterimage-tokyo\GlassRefrain.Combat.csproj]
C:\Program Files\dotnet\sdk\10.0.203\Microsoft.Common.CurrentVersion.targets(2451,5): warning MSB3277: There was a conflict between "System.Security.Cryptography.Algorithms, Version=4.2.2.0, Culture=neutral, PublicKeyToken=b03f5f7f11d50a3a" and "System.Security.Cryptography.Algorithms, Version=4.3.0.0, Culture=neutral, PublicKeyToken=b03f5f7f11d50a3a". [J:\afterimage-tokyo\afterimage-tokyo\GlassRefrain.Combat.csproj]
C:\Program Files\dotnet\sdk\10.0.203\Microsoft.Common.CurrentVersion.targets(2451,5): warning MSB3277:     "System.Security.Cryptography.Algorithms, Version=4.2.2.0, Culture=neutral, PublicKeyToken=b03f5f7f11d50a3a" was chosen because it was primary and "System.Security.Cryptography.Algorithms, Version=4.3.0.0, Culture=neutral, PublicKeyToken=b03f5f7f11d50a3a" was not. [J:\afterimage-tokyo\afterimage-tokyo\GlassRefrain.Combat.csproj]
C:\Program Files\dotnet\sdk\10.0.203\Microsoft.Common.CurrentVersion.targets(2451,5): warning MSB3277:     References which depend on "System.Security.Cryptography.Algorithms, Version=4.2.2.0, Culture=neutral, PublicKeyToken=b03f5f7f11d50a3a" [J:\6000.3.11f1\Editor\Data\NetStandard\compat\2.1.0\shims\netstandard\System.Security.Cryptography.Algorithms.dll]. [J:\afterimage-tokyo\afterimage-tokyo\GlassRefrain.Combat.csproj]
C:\Program Files\dotnet\sdk\10.0.203\Microsoft.Common.CurrentVersion.targets(2451,5): warning MSB3277:         J:\6000.3.11f1\Editor\Data\NetStandard\compat\2.1.0\shims\netstandard\System.Security.Cryptography.Algorithms.dll [J:\afterimage-tokyo\afterimage-tokyo\GlassRefrain.Combat.csproj]
C:\Program Files\dotnet\sdk\10.0.203\Microsoft.Common.CurrentVersion.targets(2451,5): warning MSB3277:           Project file item includes which caused reference "J:\6000.3.11f1\Editor\Data\NetStandard\compat\2.1.0\shims\netstandard\System.Security.Cryptography.Algorithms.dll". [J:\afterimage-tokyo\afterimage-tokyo\GlassRefrain.Combat.csproj]
C:\Program Files\dotnet\sdk\10.0.203\Microsoft.Common.CurrentVersion.targets(2451,5): warning MSB3277:             System.Security.Cryptography.Algorithms [J:\afterimage-tokyo\afterimage-tokyo\GlassRefrain.Combat.csproj]
C:\Program Files\dotnet\sdk\10.0.203\Microsoft.Common.CurrentVersion.targets(2451,5): warning MSB3277:     References which depend on or have been unified to "System.Security.Cryptography.Algorithms, Version=4.3.0.0, Culture=neutral, PublicKeyToken=b03f5f7f11d50a3a" []. [J:\afterimage-tokyo\afterimage-tokyo\GlassRefrain.Combat.csproj]
C:\Program Files\dotnet\sdk\10.0.203\Microsoft.Common.CurrentVersion.targets(2451,5): warning MSB3277:         J:\afterimage-tokyo\afterimage-tokyo\Library\PackageCache\com.unity.testtools.codecoverage@19a841221620\lib\ReportGenerator\ReportGeneratorMerged.dll [J:\afterimage-tokyo\afterimage-tokyo\GlassRefrain.Combat.csproj]
C:\Program Files\dotnet\sdk\10.0.203\Microsoft.Common.CurrentVersion.targets(2451,5): warning MSB3277:           Project file item includes which caused reference "J:\afterimage-tokyo\afterimage-tokyo\Library\PackageCache\com.unity.testtools.codecoverage@19a841221620\lib\ReportGenerator\ReportGeneratorMerged.dll". [J:\afterimage-tokyo\afterimage-tokyo\GlassRefrain.Combat.csproj]
C:\Program Files\dotnet\sdk\10.0.203\Microsoft.Common.CurrentVersion.targets(2451,5): warning MSB3277:             ReportGeneratorMerged [J:\afterimage-tokyo\afterimage-tokyo\GlassRefrain.Combat.csproj]
  GlassRefrain.Combat -> J:\afterimage-tokyo\afterimage-tokyo\Temp\Bin\Debug\GlassRefrain.Combat\GlassRefrain.Combat.dll
C:\Program Files\dotnet\sdk\10.0.203\Microsoft.Common.CurrentVersion.targets(2451,5): warning MSB3277: Found conflicts between different versions of "System.Net.Http" that could not be resolved. [J:\afterimage-tokyo\afterimage-tokyo\GlassRefrain.Locomotion.csproj]
C:\Program Files\dotnet\sdk\10.0.203\Microsoft.Common.CurrentVersion.targets(2451,5): warning MSB3277: There was a conflict between "System.Net.Http, Version=4.1.2.0, Culture=neutral, PublicKeyToken=b03f5f7f11d50a3a" and "System.Net.Http, Version=4.2.0.0, Culture=neutral, PublicKeyToken=b03f5f7f11d50a3a". [J:\afterimage-tokyo\afterimage-tokyo\GlassRefrain.Locomotion.csproj]
C:\Program Files\dotnet\sdk\10.0.203\Microsoft.Common.CurrentVersion.targets(2451,5): warning MSB3277:     "System.Net.Http, Version=4.1.2.0, Culture=neutral, PublicKeyToken=b03f5f7f11d50a3a" was chosen because it was primary and "System.Net.Http, Version=4.2.0.0, Culture=neutral, PublicKeyToken=b03f5f7f11d50a3a" was not. [J:\afterimage-tokyo\afterimage-tokyo\GlassRefrain.Locomotion.csproj]
C:\Program Files\dotnet\sdk\10.0.203\Microsoft.Common.CurrentVersion.targets(2451,5): warning MSB3277:     References which depend on "System.Net.Http, Version=4.1.2.0, Culture=neutral, PublicKeyToken=b03f5f7f11d50a3a" [J:\6000.3.11f1\Editor\Data\NetStandard\compat\2.1.0\shims\netstandard\System.Net.Http.dll]. [J:\afterimage-tokyo\afterimage-tokyo\GlassRefrain.Locomotion.csproj]
C:\Program Files\dotnet\sdk\10.0.203\Microsoft.Common.CurrentVersion.targets(2451,5): warning MSB3277:         J:\6000.3.11f1\Editor\Data\NetStandard\compat\2.1.0\shims\netstandard\System.Net.Http.dll [J:\afterimage-tokyo\afterimage-tokyo\GlassRefrain.Locomotion.csproj]
C:\Program Files\dotnet\sdk\10.0.203\Microsoft.Common.CurrentVersion.targets(2451,5): warning MSB3277:           Project file item includes which caused reference "J:\6000.3.11f1\Editor\Data\NetStandard\compat\2.1.0\shims\netstandard\System.Net.Http.dll". [J:\afterimage-tokyo\afterimage-tokyo\GlassRefrain.Locomotion.csproj]
C:\Program Files\dotnet\sdk\10.0.203\Microsoft.Common.CurrentVersion.targets(2451,5): warning MSB3277:             System.Net.Http [J:\afterimage-tokyo\afterimage-tokyo\GlassRefrain.Locomotion.csproj]
C:\Program Files\dotnet\sdk\10.0.203\Microsoft.Common.CurrentVersion.targets(2451,5): warning MSB3277:     References which depend on or have been unified to "System.Net.Http, Version=4.2.0.0, Culture=neutral, PublicKeyToken=b03f5f7f11d50a3a" []. [J:\afterimage-tokyo\afterimage-tokyo\GlassRefrain.Locomotion.csproj]
C:\Program Files\dotnet\sdk\10.0.203\Microsoft.Common.CurrentVersion.targets(2451,5): warning MSB3277:         J:\afterimage-tokyo\afterimage-tokyo\Library\PackageCache\com.unity.testtools.codecoverage@19a841221620\lib\ReportGenerator\ReportGeneratorMerged.dll [J:\afterimage-tokyo\afterimage-tokyo\GlassRefrain.Locomotion.csproj]
C:\Program Files\dotnet\sdk\10.0.203\Microsoft.Common.CurrentVersion.targets(2451,5): warning MSB3277:           Project file item includes which caused reference "J:\afterimage-tokyo\afterimage-tokyo\Library\PackageCache\com.unity.testtools.codecoverage@19a841221620\lib\ReportGenerator\ReportGeneratorMerged.dll". [J:\afterimage-tokyo\afterimage-tokyo\GlassRefrain.Locomotion.csproj]
C:\Program Files\dotnet\sdk\10.0.203\Microsoft.Common.CurrentVersion.targets(2451,5): warning MSB3277:             ReportGeneratorMerged [J:\afterimage-tokyo\afterimage-tokyo\GlassRefrain.Locomotion.csproj]
C:\Program Files\dotnet\sdk\10.0.203\Microsoft.Common.CurrentVersion.targets(2451,5): warning MSB3277: Found conflicts between different versions of "System.Security.Cryptography.Algorithms" that could not be resolved. [J:\afterimage-tokyo\afterimage-tokyo\GlassRefrain.Locomotion.csproj]
C:\Program Files\dotnet\sdk\10.0.203\Microsoft.Common.CurrentVersion.targets(2451,5): warning MSB3277: There was a conflict between "System.Security.Cryptography.Algorithms, Version=4.2.2.0, Culture=neutral, PublicKeyToken=b03f5f7f11d50a3a" and "System.Security.Cryptography.Algorithms, Version=4.3.0.0, Culture=neutral, PublicKeyToken=b03f5f7f11d50a3a". [J:\afterimage-tokyo\afterimage-tokyo\GlassRefrain.Locomotion.csproj]
C:\Program Files\dotnet\sdk\10.0.203\Microsoft.Common.CurrentVersion.targets(2451,5): warning MSB3277:     "System.Security.Cryptography.Algorithms, Version=4.2.2.0, Culture=neutral, PublicKeyToken=b03f5f7f11d50a3a" was chosen because it was primary and "System.Security.Cryptography.Algorithms, Version=4.3.0.0, Culture=neutral, PublicKeyToken=b03f5f7f11d50a3a" was not. [J:\afterimage-tokyo\afterimage-tokyo\GlassRefrain.Locomotion.csproj]
C:\Program Files\dotnet\sdk\10.0.203\Microsoft.Common.CurrentVersion.targets(2451,5): warning MSB3277:     References which depend on "System.Security.Cryptography.Algorithms, Version=4.2.2.0, Culture=neutral, PublicKeyToken=b03f5f7f11d50a3a" [J:\6000.3.11f1\Editor\Data\NetStandard\compat\2.1.0\shims\netstandard\System.Security.Cryptography.Algorithms.dll]. [J:\afterimage-tokyo\afterimage-tokyo\GlassRefrain.Locomotion.csproj]
C:\Program Files\dotnet\sdk\10.0.203\Microsoft.Common.CurrentVersion.targets(2451,5): warning MSB3277:         J:\6000.3.11f1\Editor\Data\NetStandard\compat\2.1.0\shims\netstandard\System.Security.Cryptography.Algorithms.dll [J:\afterimage-tokyo\afterimage-tokyo\GlassRefrain.Locomotion.csproj]
C:\Program Files\dotnet\sdk\10.0.203\Microsoft.Common.CurrentVersion.targets(2451,5): warning MSB3277:           Project file item includes which caused reference "J:\6000.3.11f1\Editor\Data\NetStandard\compat\2.1.0\shims\netstandard\System.Security.Cryptography.Algorithms.dll". [J:\afterimage-tokyo\afterimage-tokyo\GlassRefrain.Locomotion.csproj]
C:\Program Files\dotnet\sdk\10.0.203\Microsoft.Common.CurrentVersion.targets(2451,5): warning MSB3277:             System.Security.Cryptography.Algorithms [J:\afterimage-tokyo\afterimage-tokyo\GlassRefrain.Locomotion.csproj]
C:\Program Files\dotnet\sdk\10.0.203\Microsoft.Common.CurrentVersion.targets(2451,5): warning MSB3277:     References which depend on or have been unified to "System.Security.Cryptography.Algorithms, Version=4.3.0.0, Culture=neutral, PublicKeyToken=b03f5f7f11d50a3a" []. [J:\afterimage-tokyo\afterimage-tokyo\GlassRefrain.Locomotion.csproj]
C:\Program Files\dotnet\sdk\10.0.203\Microsoft.Common.CurrentVersion.targets(2451,5): warning MSB3277:         J:\afterimage-tokyo\afterimage-tokyo\Library\PackageCache\com.unity.testtools.codecoverage@19a841221620\lib\ReportGenerator\ReportGeneratorMerged.dll [J:\afterimage-tokyo\afterimage-tokyo\GlassRefrain.Locomotion.csproj]
C:\Program Files\dotnet\sdk\10.0.203\Microsoft.Common.CurrentVersion.targets(2451,5): warning MSB3277:           Project file item includes which caused reference "J:\afterimage-tokyo\afterimage-tokyo\Library\PackageCache\com.unity.testtools.codecoverage@19a841221620\lib\ReportGenerator\ReportGeneratorMerged.dll". [J:\afterimage-tokyo\afterimage-tokyo\GlassRefrain.Locomotion.csproj]
C:\Program Files\dotnet\sdk\10.0.203\Microsoft.Common.CurrentVersion.targets(2451,5): warning MSB3277:             ReportGeneratorMerged [J:\afterimage-tokyo\afterimage-tokyo\GlassRefrain.Locomotion.csproj]
C:\Program Files\dotnet\sdk\10.0.203\Microsoft.Common.CurrentVersion.targets(2451,5): warning MSB3277: Found conflicts between different versions of "System.Net.Http" that could not be resolved. [J:\afterimage-tokyo\afterimage-tokyo\GlassRefrain.DebugOverlay.csproj]
C:\Program Files\dotnet\sdk\10.0.203\Microsoft.Common.CurrentVersion.targets(2451,5): warning MSB3277: There was a conflict between "System.Net.Http, Version=4.1.2.0, Culture=neutral, PublicKeyToken=b03f5f7f11d50a3a" and "System.Net.Http, Version=4.2.0.0, Culture=neutral, PublicKeyToken=b03f5f7f11d50a3a". [J:\afterimage-tokyo\afterimage-tokyo\GlassRefrain.DebugOverlay.csproj]
C:\Program Files\dotnet\sdk\10.0.203\Microsoft.Common.CurrentVersion.targets(2451,5): warning MSB3277:     "System.Net.Http, Version=4.1.2.0, Culture=neutral, PublicKeyToken=b03f5f7f11d50a3a" was chosen because it was primary and "System.Net.Http, Version=4.2.0.0, Culture=neutral, PublicKeyToken=b03f5f7f11d50a3a" was not. [J:\afterimage-tokyo\afterimage-tokyo\GlassRefrain.DebugOverlay.csproj]
C:\Program Files\dotnet\sdk\10.0.203\Microsoft.Common.CurrentVersion.targets(2451,5): warning MSB3277:     References which depend on "System.Net.Http, Version=4.1.2.0, Culture=neutral, PublicKeyToken=b03f5f7f11d50a3a" [J:\6000.3.11f1\Editor\Data\NetStandard\compat\2.1.0\shims\netstandard\System.Net.Http.dll]. [J:\afterimage-tokyo\afterimage-tokyo\GlassRefrain.DebugOverlay.csproj]
C:\Program Files\dotnet\sdk\10.0.203\Microsoft.Common.CurrentVersion.targets(2451,5): warning MSB3277:         J:\6000.3.11f1\Editor\Data\NetStandard\compat\2.1.0\shims\netstandard\System.Net.Http.dll [J:\afterimage-tokyo\afterimage-tokyo\GlassRefrain.DebugOverlay.csproj]
C:\Program Files\dotnet\sdk\10.0.203\Microsoft.Common.CurrentVersion.targets(2451,5): warning MSB3277:           Project file item includes which caused reference "J:\6000.3.11f1\Editor\Data\NetStandard\compat\2.1.0\shims\netstandard\System.Net.Http.dll". [J:\afterimage-tokyo\afterimage-tokyo\GlassRefrain.DebugOverlay.csproj]
C:\Program Files\dotnet\sdk\10.0.203\Microsoft.Common.CurrentVersion.targets(2451,5): warning MSB3277:             System.Net.Http [J:\afterimage-tokyo\afterimage-tokyo\GlassRefrain.DebugOverlay.csproj]
C:\Program Files\dotnet\sdk\10.0.203\Microsoft.Common.CurrentVersion.targets(2451,5): warning MSB3277:     References which depend on or have been unified to "System.Net.Http, Version=4.2.0.0, Culture=neutral, PublicKeyToken=b03f5f7f11d50a3a" []. [J:\afterimage-tokyo\afterimage-tokyo\GlassRefrain.DebugOverlay.csproj]
C:\Program Files\dotnet\sdk\10.0.203\Microsoft.Common.CurrentVersion.targets(2451,5): warning MSB3277:         J:\afterimage-tokyo\afterimage-tokyo\Library\PackageCache\com.unity.testtools.codecoverage@19a841221620\lib\ReportGenerator\ReportGeneratorMerged.dll [J:\afterimage-tokyo\afterimage-tokyo\GlassRefrain.DebugOverlay.csproj]
C:\Program Files\dotnet\sdk\10.0.203\Microsoft.Common.CurrentVersion.targets(2451,5): warning MSB3277:           Project file item includes which caused reference "J:\afterimage-tokyo\afterimage-tokyo\Library\PackageCache\com.unity.testtools.codecoverage@19a841221620\lib\ReportGenerator\ReportGeneratorMerged.dll". [J:\afterimage-tokyo\afterimage-tokyo\GlassRefrain.DebugOverlay.csproj]
C:\Program Files\dotnet\sdk\10.0.203\Microsoft.Common.CurrentVersion.targets(2451,5): warning MSB3277:             ReportGeneratorMerged [J:\afterimage-tokyo\afterimage-tokyo\GlassRefrain.DebugOverlay.csproj]
C:\Program Files\dotnet\sdk\10.0.203\Microsoft.Common.CurrentVersion.targets(2451,5): warning MSB3277: Found conflicts between different versions of "System.Security.Cryptography.Algorithms" that could not be resolved. [J:\afterimage-tokyo\afterimage-tokyo\GlassRefrain.DebugOverlay.csproj]
C:\Program Files\dotnet\sdk\10.0.203\Microsoft.Common.CurrentVersion.targets(2451,5): warning MSB3277: There was a conflict between "System.Security.Cryptography.Algorithms, Version=4.2.2.0, Culture=neutral, PublicKeyToken=b03f5f7f11d50a3a" and "System.Security.Cryptography.Algorithms, Version=4.3.0.0, Culture=neutral, PublicKeyToken=b03f5f7f11d50a3a". [J:\afterimage-tokyo\afterimage-tokyo\GlassRefrain.DebugOverlay.csproj]
C:\Program Files\dotnet\sdk\10.0.203\Microsoft.Common.CurrentVersion.targets(2451,5): warning MSB3277:     "System.Security.Cryptography.Algorithms, Version=4.2.2.0, Culture=neutral, PublicKeyToken=b03f5f7f11d50a3a" was chosen because it was primary and "System.Security.Cryptography.Algorithms, Version=4.3.0.0, Culture=neutral, PublicKeyToken=b03f5f7f11d50a3a" was not. [J:\afterimage-tokyo\afterimage-tokyo\GlassRefrain.DebugOverlay.csproj]
C:\Program Files\dotnet\sdk\10.0.203\Microsoft.Common.CurrentVersion.targets(2451,5): warning MSB3277:     References which depend on "System.Security.Cryptography.Algorithms, Version=4.2.2.0, Culture=neutral, PublicKeyToken=b03f5f7f11d50a3a" [J:\6000.3.11f1\Editor\Data\NetStandard\compat\2.1.0\shims\netstandard\System.Security.Cryptography.Algorithms.dll]. [J:\afterimage-tokyo\afterimage-tokyo\GlassRefrain.DebugOverlay.csproj]
C:\Program Files\dotnet\sdk\10.0.203\Microsoft.Common.CurrentVersion.targets(2451,5): warning MSB3277:         J:\6000.3.11f1\Editor\Data\NetStandard\compat\2.1.0\shims\netstandard\System.Security.Cryptography.Algorithms.dll [J:\afterimage-tokyo\afterimage-tokyo\GlassRefrain.DebugOverlay.csproj]
C:\Program Files\dotnet\sdk\10.0.203\Microsoft.Common.CurrentVersion.targets(2451,5): warning MSB3277:           Project file item includes which caused reference "J:\6000.3.11f1\Editor\Data\NetStandard\compat\2.1.0\shims\netstandard\System.Security.Cryptography.Algorithms.dll". [J:\afterimage-tokyo\afterimage-tokyo\GlassRefrain.DebugOverlay.csproj]
C:\Program Files\dotnet\sdk\10.0.203\Microsoft.Common.CurrentVersion.targets(2451,5): warning MSB3277:             System.Security.Cryptography.Algorithms [J:\afterimage-tokyo\afterimage-tokyo\GlassRefrain.DebugOverlay.csproj]
C:\Program Files\dotnet\sdk\10.0.203\Microsoft.Common.CurrentVersion.targets(2451,5): warning MSB3277:     References which depend on or have been unified to "System.Security.Cryptography.Algorithms, Version=4.3.0.0, Culture=neutral, PublicKeyToken=b03f5f7f11d50a3a" []. [J:\afterimage-tokyo\afterimage-tokyo\GlassRefrain.DebugOverlay.csproj]
C:\Program Files\dotnet\sdk\10.0.203\Microsoft.Common.CurrentVersion.targets(2451,5): warning MSB3277:         J:\afterimage-tokyo\afterimage-tokyo\Library\PackageCache\com.unity.testtools.codecoverage@19a841221620\lib\ReportGenerator\ReportGeneratorMerged.dll [J:\afterimage-tokyo\afterimage-tokyo\GlassRefrain.DebugOverlay.csproj]
C:\Program Files\dotnet\sdk\10.0.203\Microsoft.Common.CurrentVersion.targets(2451,5): warning MSB3277:           Project file item includes which caused reference "J:\afterimage-tokyo\afterimage-tokyo\Library\PackageCache\com.unity.testtools.codecoverage@19a841221620\lib\ReportGenerator\ReportGeneratorMerged.dll". [J:\afterimage-tokyo\afterimage-tokyo\GlassRefrain.DebugOverlay.csproj]
C:\Program Files\dotnet\sdk\10.0.203\Microsoft.Common.CurrentVersion.targets(2451,5): warning MSB3277:             ReportGeneratorMerged [J:\afterimage-tokyo\afterimage-tokyo\GlassRefrain.DebugOverlay.csproj]
  GlassRefrain.Locomotion -> J:\afterimage-tokyo\afterimage-tokyo\Temp\Bin\Debug\GlassRefrain.Locomotion\GlassRefrain.Locomotion.dll
C:\Program Files\dotnet\sdk\10.0.203\Microsoft.Common.CurrentVersion.targets(2451,5): warning MSB3277: Found conflicts between different versions of "System.Net.Http" that could not be resolved. [J:\afterimage-tokyo\afterimage-tokyo\GlassRefrain.Encounter.csproj]
C:\Program Files\dotnet\sdk\10.0.203\Microsoft.Common.CurrentVersion.targets(2451,5): warning MSB3277: There was a conflict between "System.Net.Http, Version=4.1.2.0, Culture=neutral, PublicKeyToken=b03f5f7f11d50a3a" and "System.Net.Http, Version=4.2.0.0, Culture=neutral, PublicKeyToken=b03f5f7f11d50a3a". [J:\afterimage-tokyo\afterimage-tokyo\GlassRefrain.Encounter.csproj]
C:\Program Files\dotnet\sdk\10.0.203\Microsoft.Common.CurrentVersion.targets(2451,5): warning MSB3277:     "System.Net.Http, Version=4.1.2.0, Culture=neutral, PublicKeyToken=b03f5f7f11d50a3a" was chosen because it was primary and "System.Net.Http, Version=4.2.0.0, Culture=neutral, PublicKeyToken=b03f5f7f11d50a3a" was not. [J:\afterimage-tokyo\afterimage-tokyo\GlassRefrain.Encounter.csproj]
C:\Program Files\dotnet\sdk\10.0.203\Microsoft.Common.CurrentVersion.targets(2451,5): warning MSB3277:     References which depend on "System.Net.Http, Version=4.1.2.0, Culture=neutral, PublicKeyToken=b03f5f7f11d50a3a" [J:\6000.3.11f1\Editor\Data\NetStandard\compat\2.1.0\shims\netstandard\System.Net.Http.dll]. [J:\afterimage-tokyo\afterimage-tokyo\GlassRefrain.Encounter.csproj]
C:\Program Files\dotnet\sdk\10.0.203\Microsoft.Common.CurrentVersion.targets(2451,5): warning MSB3277:         J:\6000.3.11f1\Editor\Data\NetStandard\compat\2.1.0\shims\netstandard\System.Net.Http.dll [J:\afterimage-tokyo\afterimage-tokyo\GlassRefrain.Encounter.csproj]
C:\Program Files\dotnet\sdk\10.0.203\Microsoft.Common.CurrentVersion.targets(2451,5): warning MSB3277:           Project file item includes which caused reference "J:\6000.3.11f1\Editor\Data\NetStandard\compat\2.1.0\shims\netstandard\System.Net.Http.dll". [J:\afterimage-tokyo\afterimage-tokyo\GlassRefrain.Encounter.csproj]
C:\Program Files\dotnet\sdk\10.0.203\Microsoft.Common.CurrentVersion.targets(2451,5): warning MSB3277:             System.Net.Http [J:\afterimage-tokyo\afterimage-tokyo\GlassRefrain.Encounter.csproj]
C:\Program Files\dotnet\sdk\10.0.203\Microsoft.Common.CurrentVersion.targets(2451,5): warning MSB3277:     References which depend on or have been unified to "System.Net.Http, Version=4.2.0.0, Culture=neutral, PublicKeyToken=b03f5f7f11d50a3a" []. [J:\afterimage-tokyo\afterimage-tokyo\GlassRefrain.Encounter.csproj]
C:\Program Files\dotnet\sdk\10.0.203\Microsoft.Common.CurrentVersion.targets(2451,5): warning MSB3277:         J:\afterimage-tokyo\afterimage-tokyo\Library\PackageCache\com.unity.testtools.codecoverage@19a841221620\lib\ReportGenerator\ReportGeneratorMerged.dll [J:\afterimage-tokyo\afterimage-tokyo\GlassRefrain.Encounter.csproj]
C:\Program Files\dotnet\sdk\10.0.203\Microsoft.Common.CurrentVersion.targets(2451,5): warning MSB3277:           Project file item includes which caused reference "J:\afterimage-tokyo\afterimage-tokyo\Library\PackageCache\com.unity.testtools.codecoverage@19a841221620\lib\ReportGenerator\ReportGeneratorMerged.dll". [J:\afterimage-tokyo\afterimage-tokyo\GlassRefrain.Encounter.csproj]
C:\Program Files\dotnet\sdk\10.0.203\Microsoft.Common.CurrentVersion.targets(2451,5): warning MSB3277:             ReportGeneratorMerged [J:\afterimage-tokyo\afterimage-tokyo\GlassRefrain.Encounter.csproj]
C:\Program Files\dotnet\sdk\10.0.203\Microsoft.Common.CurrentVersion.targets(2451,5): warning MSB3277: Found conflicts between different versions of "System.Security.Cryptography.Algorithms" that could not be resolved. [J:\afterimage-tokyo\afterimage-tokyo\GlassRefrain.Encounter.csproj]
C:\Program Files\dotnet\sdk\10.0.203\Microsoft.Common.CurrentVersion.targets(2451,5): warning MSB3277: There was a conflict between "System.Security.Cryptography.Algorithms, Version=4.2.2.0, Culture=neutral, PublicKeyToken=b03f5f7f11d50a3a" and "System.Security.Cryptography.Algorithms, Version=4.3.0.0, Culture=neutral, PublicKeyToken=b03f5f7f11d50a3a". [J:\afterimage-tokyo\afterimage-tokyo\GlassRefrain.Encounter.csproj]
C:\Program Files\dotnet\sdk\10.0.203\Microsoft.Common.CurrentVersion.targets(2451,5): warning MSB3277:     "System.Security.Cryptography.Algorithms, Version=4.2.2.0, Culture=neutral, PublicKeyToken=b03f5f7f11d50a3a" was chosen because it was primary and "System.Security.Cryptography.Algorithms, Version=4.3.0.0, Culture=neutral, PublicKeyToken=b03f5f7f11d50a3a" was not. [J:\afterimage-tokyo\afterimage-tokyo\GlassRefrain.Encounter.csproj]
C:\Program Files\dotnet\sdk\10.0.203\Microsoft.Common.CurrentVersion.targets(2451,5): warning MSB3277:     References which depend on "System.Security.Cryptography.Algorithms, Version=4.2.2.0, Culture=neutral, PublicKeyToken=b03f5f7f11d50a3a" [J:\6000.3.11f1\Editor\Data\NetStandard\compat\2.1.0\shims\netstandard\System.Security.Cryptography.Algorithms.dll]. [J:\afterimage-tokyo\afterimage-tokyo\GlassRefrain.Encounter.csproj]
C:\Program Files\dotnet\sdk\10.0.203\Microsoft.Common.CurrentVersion.targets(2451,5): warning MSB3277:         J:\6000.3.11f1\Editor\Data\NetStandard\compat\2.1.0\shims\netstandard\System.Security.Cryptography.Algorithms.dll [J:\afterimage-tokyo\afterimage-tokyo\GlassRefrain.Encounter.csproj]
C:\Program Files\dotnet\sdk\10.0.203\Microsoft.Common.CurrentVersion.targets(2451,5): warning MSB3277:           Project file item includes which caused reference "J:\6000.3.11f1\Editor\Data\NetStandard\compat\2.1.0\shims\netstandard\System.Security.Cryptography.Algorithms.dll". [J:\afterimage-tokyo\afterimage-tokyo\GlassRefrain.Encounter.csproj]
C:\Program Files\dotnet\sdk\10.0.203\Microsoft.Common.CurrentVersion.targets(2451,5): warning MSB3277:             System.Security.Cryptography.Algorithms [J:\afterimage-tokyo\afterimage-tokyo\GlassRefrain.Encounter.csproj]
C:\Program Files\dotnet\sdk\10.0.203\Microsoft.Common.CurrentVersion.targets(2451,5): warning MSB3277:     References which depend on or have been unified to "System.Security.Cryptography.Algorithms, Version=4.3.0.0, Culture=neutral, PublicKeyToken=b03f5f7f11d50a3a" []. [J:\afterimage-tokyo\afterimage-tokyo\GlassRefrain.Encounter.csproj]
C:\Program Files\dotnet\sdk\10.0.203\Microsoft.Common.CurrentVersion.targets(2451,5): warning MSB3277:         J:\afterimage-tokyo\afterimage-tokyo\Library\PackageCache\com.unity.testtools.codecoverage@19a841221620\lib\ReportGenerator\ReportGeneratorMerged.dll [J:\afterimage-tokyo\afterimage-tokyo\GlassRefrain.Encounter.csproj]
C:\Program Files\dotnet\sdk\10.0.203\Microsoft.Common.CurrentVersion.targets(2451,5): warning MSB3277:           Project file item includes which caused reference "J:\afterimage-tokyo\afterimage-tokyo\Library\PackageCache\com.unity.testtools.codecoverage@19a841221620\lib\ReportGenerator\ReportGeneratorMerged.dll". [J:\afterimage-tokyo\afterimage-tokyo\GlassRefrain.Encounter.csproj]
C:\Program Files\dotnet\sdk\10.0.203\Microsoft.Common.CurrentVersion.targets(2451,5): warning MSB3277:             ReportGeneratorMerged [J:\afterimage-tokyo\afterimage-tokyo\GlassRefrain.Encounter.csproj]
C:\Program Files\dotnet\sdk\10.0.203\Microsoft.Common.CurrentVersion.targets(2451,5): warning MSB3277: Found conflicts between different versions of "System.Net.Http" that could not be resolved. [J:\afterimage-tokyo\afterimage-tokyo\GlassRefrain.Memory.csproj]
C:\Program Files\dotnet\sdk\10.0.203\Microsoft.Common.CurrentVersion.targets(2451,5): warning MSB3277: There was a conflict between "System.Net.Http, Version=4.1.2.0, Culture=neutral, PublicKeyToken=b03f5f7f11d50a3a" and "System.Net.Http, Version=4.2.0.0, Culture=neutral, PublicKeyToken=b03f5f7f11d50a3a". [J:\afterimage-tokyo\afterimage-tokyo\GlassRefrain.Memory.csproj]
C:\Program Files\dotnet\sdk\10.0.203\Microsoft.Common.CurrentVersion.targets(2451,5): warning MSB3277:     "System.Net.Http, Version=4.1.2.0, Culture=neutral, PublicKeyToken=b03f5f7f11d50a3a" was chosen because it was primary and "System.Net.Http, Version=4.2.0.0, Culture=neutral, PublicKeyToken=b03f5f7f11d50a3a" was not. [J:\afterimage-tokyo\afterimage-tokyo\GlassRefrain.Memory.csproj]
C:\Program Files\dotnet\sdk\10.0.203\Microsoft.Common.CurrentVersion.targets(2451,5): warning MSB3277:     References which depend on "System.Net.Http, Version=4.1.2.0, Culture=neutral, PublicKeyToken=b03f5f7f11d50a3a" [J:\6000.3.11f1\Editor\Data\NetStandard\compat\2.1.0\shims\netstandard\System.Net.Http.dll]. [J:\afterimage-tokyo\afterimage-tokyo\GlassRefrain.Memory.csproj]
C:\Program Files\dotnet\sdk\10.0.203\Microsoft.Common.CurrentVersion.targets(2451,5): warning MSB3277:         J:\6000.3.11f1\Editor\Data\NetStandard\compat\2.1.0\shims\netstandard\System.Net.Http.dll [J:\afterimage-tokyo\afterimage-tokyo\GlassRefrain.Memory.csproj]
C:\Program Files\dotnet\sdk\10.0.203\Microsoft.Common.CurrentVersion.targets(2451,5): warning MSB3277:           Project file item includes which caused reference "J:\6000.3.11f1\Editor\Data\NetStandard\compat\2.1.0\shims\netstandard\System.Net.Http.dll". [J:\afterimage-tokyo\afterimage-tokyo\GlassRefrain.Memory.csproj]
C:\Program Files\dotnet\sdk\10.0.203\Microsoft.Common.CurrentVersion.targets(2451,5): warning MSB3277:             System.Net.Http [J:\afterimage-tokyo\afterimage-tokyo\GlassRefrain.Memory.csproj]
C:\Program Files\dotnet\sdk\10.0.203\Microsoft.Common.CurrentVersion.targets(2451,5): warning MSB3277:     References which depend on or have been unified to "System.Net.Http, Version=4.2.0.0, Culture=neutral, PublicKeyToken=b03f5f7f11d50a3a" []. [J:\afterimage-tokyo\afterimage-tokyo\GlassRefrain.Memory.csproj]
C:\Program Files\dotnet\sdk\10.0.203\Microsoft.Common.CurrentVersion.targets(2451,5): warning MSB3277:         J:\afterimage-tokyo\afterimage-tokyo\Library\PackageCache\com.unity.testtools.codecoverage@19a841221620\lib\ReportGenerator\ReportGeneratorMerged.dll [J:\afterimage-tokyo\afterimage-tokyo\GlassRefrain.Memory.csproj]
C:\Program Files\dotnet\sdk\10.0.203\Microsoft.Common.CurrentVersion.targets(2451,5): warning MSB3277:           Project file item includes which caused reference "J:\afterimage-tokyo\afterimage-tokyo\Library\PackageCache\com.unity.testtools.codecoverage@19a841221620\lib\ReportGenerator\ReportGeneratorMerged.dll". [J:\afterimage-tokyo\afterimage-tokyo\GlassRefrain.Memory.csproj]
C:\Program Files\dotnet\sdk\10.0.203\Microsoft.Common.CurrentVersion.targets(2451,5): warning MSB3277:             ReportGeneratorMerged [J:\afterimage-tokyo\afterimage-tokyo\GlassRefrain.Memory.csproj]
C:\Program Files\dotnet\sdk\10.0.203\Microsoft.Common.CurrentVersion.targets(2451,5): warning MSB3277: Found conflicts between different versions of "System.Security.Cryptography.Algorithms" that could not be resolved. [J:\afterimage-tokyo\afterimage-tokyo\GlassRefrain.Memory.csproj]
C:\Program Files\dotnet\sdk\10.0.203\Microsoft.Common.CurrentVersion.targets(2451,5): warning MSB3277: There was a conflict between "System.Security.Cryptography.Algorithms, Version=4.2.2.0, Culture=neutral, PublicKeyToken=b03f5f7f11d50a3a" and "System.Security.Cryptography.Algorithms, Version=4.3.0.0, Culture=neutral, PublicKeyToken=b03f5f7f11d50a3a". [J:\afterimage-tokyo\afterimage-tokyo\GlassRefrain.Memory.csproj]
C:\Program Files\dotnet\sdk\10.0.203\Microsoft.Common.CurrentVersion.targets(2451,5): warning MSB3277:     "System.Security.Cryptography.Algorithms, Version=4.2.2.0, Culture=neutral, PublicKeyToken=b03f5f7f11d50a3a" was chosen because it was primary and "System.Security.Cryptography.Algorithms, Version=4.3.0.0, Culture=neutral, PublicKeyToken=b03f5f7f11d50a3a" was not. [J:\afterimage-tokyo\afterimage-tokyo\GlassRefrain.Memory.csproj]
C:\Program Files\dotnet\sdk\10.0.203\Microsoft.Common.CurrentVersion.targets(2451,5): warning MSB3277:     References which depend on "System.Security.Cryptography.Algorithms, Version=4.2.2.0, Culture=neutral, PublicKeyToken=b03f5f7f11d50a3a" [J:\6000.3.11f1\Editor\Data\NetStandard\compat\2.1.0\shims\netstandard\System.Security.Cryptography.Algorithms.dll]. [J:\afterimage-tokyo\afterimage-tokyo\GlassRefrain.Memory.csproj]
C:\Program Files\dotnet\sdk\10.0.203\Microsoft.Common.CurrentVersion.targets(2451,5): warning MSB3277:         J:\6000.3.11f1\Editor\Data\NetStandard\compat\2.1.0\shims\netstandard\System.Security.Cryptography.Algorithms.dll [J:\afterimage-tokyo\afterimage-tokyo\GlassRefrain.Memory.csproj]
C:\Program Files\dotnet\sdk\10.0.203\Microsoft.Common.CurrentVersion.targets(2451,5): warning MSB3277:           Project file item includes which caused reference "J:\6000.3.11f1\Editor\Data\NetStandard\compat\2.1.0\shims\netstandard\System.Security.Cryptography.Algorithms.dll". [J:\afterimage-tokyo\afterimage-tokyo\GlassRefrain.Memory.csproj]
C:\Program Files\dotnet\sdk\10.0.203\Microsoft.Common.CurrentVersion.targets(2451,5): warning MSB3277:             System.Security.Cryptography.Algorithms [J:\afterimage-tokyo\afterimage-tokyo\GlassRefrain.Memory.csproj]
C:\Program Files\dotnet\sdk\10.0.203\Microsoft.Common.CurrentVersion.targets(2451,5): warning MSB3277:     References which depend on or have been unified to "System.Security.Cryptography.Algorithms, Version=4.3.0.0, Culture=neutral, PublicKeyToken=b03f5f7f11d50a3a" []. [J:\afterimage-tokyo\afterimage-tokyo\GlassRefrain.Memory.csproj]
C:\Program Files\dotnet\sdk\10.0.203\Microsoft.Common.CurrentVersion.targets(2451,5): warning MSB3277:         J:\afterimage-tokyo\afterimage-tokyo\Library\PackageCache\com.unity.testtools.codecoverage@19a841221620\lib\ReportGenerator\ReportGeneratorMerged.dll [J:\afterimage-tokyo\afterimage-tokyo\GlassRefrain.Memory.csproj]
C:\Program Files\dotnet\sdk\10.0.203\Microsoft.Common.CurrentVersion.targets(2451,5): warning MSB3277:           Project file item includes which caused reference "J:\afterimage-tokyo\afterimage-tokyo\Library\PackageCache\com.unity.testtools.codecoverage@19a841221620\lib\ReportGenerator\ReportGeneratorMerged.dll". [J:\afterimage-tokyo\afterimage-tokyo\GlassRefrain.Memory.csproj]
C:\Program Files\dotnet\sdk\10.0.203\Microsoft.Common.CurrentVersion.targets(2451,5): warning MSB3277:             ReportGeneratorMerged [J:\afterimage-tokyo\afterimage-tokyo\GlassRefrain.Memory.csproj]
  GlassRefrain.DebugOverlay -> J:\afterimage-tokyo\afterimage-tokyo\Temp\Bin\Debug\GlassRefrain.DebugOverlay\GlassRefrain.DebugOverlay.dll
C:\Program Files\dotnet\sdk\10.0.203\Microsoft.Common.CurrentVersion.targets(2451,5): warning MSB3277: Found conflicts between different versions of "System.Net.Http" that could not be resolved. [J:\afterimage-tokyo\afterimage-tokyo\GlassRefrain.Camera.csproj]
C:\Program Files\dotnet\sdk\10.0.203\Microsoft.Common.CurrentVersion.targets(2451,5): warning MSB3277: There was a conflict between "System.Net.Http, Version=4.1.2.0, Culture=neutral, PublicKeyToken=b03f5f7f11d50a3a" and "System.Net.Http, Version=4.2.0.0, Culture=neutral, PublicKeyToken=b03f5f7f11d50a3a". [J:\afterimage-tokyo\afterimage-tokyo\GlassRefrain.Camera.csproj]
C:\Program Files\dotnet\sdk\10.0.203\Microsoft.Common.CurrentVersion.targets(2451,5): warning MSB3277:     "System.Net.Http, Version=4.1.2.0, Culture=neutral, PublicKeyToken=b03f5f7f11d50a3a" was chosen because it was primary and "System.Net.Http, Version=4.2.0.0, Culture=neutral, PublicKeyToken=b03f5f7f11d50a3a" was not. [J:\afterimage-tokyo\afterimage-tokyo\GlassRefrain.Camera.csproj]
C:\Program Files\dotnet\sdk\10.0.203\Microsoft.Common.CurrentVersion.targets(2451,5): warning MSB3277:     References which depend on "System.Net.Http, Version=4.1.2.0, Culture=neutral, PublicKeyToken=b03f5f7f11d50a3a" [J:\6000.3.11f1\Editor\Data\NetStandard\compat\2.1.0\shims\netstandard\System.Net.Http.dll]. [J:\afterimage-tokyo\afterimage-tokyo\GlassRefrain.Camera.csproj]
C:\Program Files\dotnet\sdk\10.0.203\Microsoft.Common.CurrentVersion.targets(2451,5): warning MSB3277:         J:\6000.3.11f1\Editor\Data\NetStandard\compat\2.1.0\shims\netstandard\System.Net.Http.dll [J:\afterimage-tokyo\afterimage-tokyo\GlassRefrain.Camera.csproj]
C:\Program Files\dotnet\sdk\10.0.203\Microsoft.Common.CurrentVersion.targets(2451,5): warning MSB3277:           Project file item includes which caused reference "J:\6000.3.11f1\Editor\Data\NetStandard\compat\2.1.0\shims\netstandard\System.Net.Http.dll". [J:\afterimage-tokyo\afterimage-tokyo\GlassRefrain.Camera.csproj]
C:\Program Files\dotnet\sdk\10.0.203\Microsoft.Common.CurrentVersion.targets(2451,5): warning MSB3277:             System.Net.Http [J:\afterimage-tokyo\afterimage-tokyo\GlassRefrain.Camera.csproj]
C:\Program Files\dotnet\sdk\10.0.203\Microsoft.Common.CurrentVersion.targets(2451,5): warning MSB3277:     References which depend on or have been unified to "System.Net.Http, Version=4.2.0.0, Culture=neutral, PublicKeyToken=b03f5f7f11d50a3a" []. [J:\afterimage-tokyo\afterimage-tokyo\GlassRefrain.Camera.csproj]
C:\Program Files\dotnet\sdk\10.0.203\Microsoft.Common.CurrentVersion.targets(2451,5): warning MSB3277:         J:\afterimage-tokyo\afterimage-tokyo\Library\PackageCache\com.unity.testtools.codecoverage@19a841221620\lib\ReportGenerator\ReportGeneratorMerged.dll [J:\afterimage-tokyo\afterimage-tokyo\GlassRefrain.Camera.csproj]
C:\Program Files\dotnet\sdk\10.0.203\Microsoft.Common.CurrentVersion.targets(2451,5): warning MSB3277:           Project file item includes which caused reference "J:\afterimage-tokyo\afterimage-tokyo\Library\PackageCache\com.unity.testtools.codecoverage@19a841221620\lib\ReportGenerator\ReportGeneratorMerged.dll". [J:\afterimage-tokyo\afterimage-tokyo\GlassRefrain.Camera.csproj]
C:\Program Files\dotnet\sdk\10.0.203\Microsoft.Common.CurrentVersion.targets(2451,5): warning MSB3277:             ReportGeneratorMerged [J:\afterimage-tokyo\afterimage-tokyo\GlassRefrain.Camera.csproj]
C:\Program Files\dotnet\sdk\10.0.203\Microsoft.Common.CurrentVersion.targets(2451,5): warning MSB3277: Found conflicts between different versions of "System.Security.Cryptography.Algorithms" that could not be resolved. [J:\afterimage-tokyo\afterimage-tokyo\GlassRefrain.Camera.csproj]
C:\Program Files\dotnet\sdk\10.0.203\Microsoft.Common.CurrentVersion.targets(2451,5): warning MSB3277: There was a conflict between "System.Security.Cryptography.Algorithms, Version=4.2.2.0, Culture=neutral, PublicKeyToken=b03f5f7f11d50a3a" and "System.Security.Cryptography.Algorithms, Version=4.3.0.0, Culture=neutral, PublicKeyToken=b03f5f7f11d50a3a". [J:\afterimage-tokyo\afterimage-tokyo\GlassRefrain.Camera.csproj]
C:\Program Files\dotnet\sdk\10.0.203\Microsoft.Common.CurrentVersion.targets(2451,5): warning MSB3277:     "System.Security.Cryptography.Algorithms, Version=4.2.2.0, Culture=neutral, PublicKeyToken=b03f5f7f11d50a3a" was chosen because it was primary and "System.Security.Cryptography.Algorithms, Version=4.3.0.0, Culture=neutral, PublicKeyToken=b03f5f7f11d50a3a" was not. [J:\afterimage-tokyo\afterimage-tokyo\GlassRefrain.Camera.csproj]
C:\Program Files\dotnet\sdk\10.0.203\Microsoft.Common.CurrentVersion.targets(2451,5): warning MSB3277:     References which depend on "System.Security.Cryptography.Algorithms, Version=4.2.2.0, Culture=neutral, PublicKeyToken=b03f5f7f11d50a3a" [J:\6000.3.11f1\Editor\Data\NetStandard\compat\2.1.0\shims\netstandard\System.Security.Cryptography.Algorithms.dll]. [J:\afterimage-tokyo\afterimage-tokyo\GlassRefrain.Camera.csproj]
C:\Program Files\dotnet\sdk\10.0.203\Microsoft.Common.CurrentVersion.targets(2451,5): warning MSB3277:         J:\6000.3.11f1\Editor\Data\NetStandard\compat\2.1.0\shims\netstandard\System.Security.Cryptography.Algorithms.dll [J:\afterimage-tokyo\afterimage-tokyo\GlassRefrain.Camera.csproj]
C:\Program Files\dotnet\sdk\10.0.203\Microsoft.Common.CurrentVersion.targets(2451,5): warning MSB3277:           Project file item includes which caused reference "J:\6000.3.11f1\Editor\Data\NetStandard\compat\2.1.0\shims\netstandard\System.Security.Cryptography.Algorithms.dll". [J:\afterimage-tokyo\afterimage-tokyo\GlassRefrain.Camera.csproj]
C:\Program Files\dotnet\sdk\10.0.203\Microsoft.Common.CurrentVersion.targets(2451,5): warning MSB3277:             System.Security.Cryptography.Algorithms [J:\afterimage-tokyo\afterimage-tokyo\GlassRefrain.Camera.csproj]
C:\Program Files\dotnet\sdk\10.0.203\Microsoft.Common.CurrentVersion.targets(2451,5): warning MSB3277:     References which depend on or have been unified to "System.Security.Cryptography.Algorithms, Version=4.3.0.0, Culture=neutral, PublicKeyToken=b03f5f7f11d50a3a" []. [J:\afterimage-tokyo\afterimage-tokyo\GlassRefrain.Camera.csproj]
C:\Program Files\dotnet\sdk\10.0.203\Microsoft.Common.CurrentVersion.targets(2451,5): warning MSB3277:         J:\afterimage-tokyo\afterimage-tokyo\Library\PackageCache\com.unity.testtools.codecoverage@19a841221620\lib\ReportGenerator\ReportGeneratorMerged.dll [J:\afterimage-tokyo\afterimage-tokyo\GlassRefrain.Camera.csproj]
C:\Program Files\dotnet\sdk\10.0.203\Microsoft.Common.CurrentVersion.targets(2451,5): warning MSB3277:           Project file item includes which caused reference "J:\afterimage-tokyo\afterimage-tokyo\Library\PackageCache\com.unity.testtools.codecoverage@19a841221620\lib\ReportGenerator\ReportGeneratorMerged.dll". [J:\afterimage-tokyo\afterimage-tokyo\GlassRefrain.Camera.csproj]
C:\Program Files\dotnet\sdk\10.0.203\Microsoft.Common.CurrentVersion.targets(2451,5): warning MSB3277:             ReportGeneratorMerged [J:\afterimage-tokyo\afterimage-tokyo\GlassRefrain.Camera.csproj]
C:\Program Files\dotnet\sdk\10.0.203\Microsoft.Common.CurrentVersion.targets(2451,5): warning MSB3277: Found conflicts between different versions of "System.Net.Http" that could not be resolved. [J:\afterimage-tokyo\afterimage-tokyo\GlassRefrain.Input.csproj]
C:\Program Files\dotnet\sdk\10.0.203\Microsoft.Common.CurrentVersion.targets(2451,5): warning MSB3277: There was a conflict between "System.Net.Http, Version=4.1.2.0, Culture=neutral, PublicKeyToken=b03f5f7f11d50a3a" and "System.Net.Http, Version=4.2.0.0, Culture=neutral, PublicKeyToken=b03f5f7f11d50a3a". [J:\afterimage-tokyo\afterimage-tokyo\GlassRefrain.Input.csproj]
C:\Program Files\dotnet\sdk\10.0.203\Microsoft.Common.CurrentVersion.targets(2451,5): warning MSB3277:     "System.Net.Http, Version=4.1.2.0, Culture=neutral, PublicKeyToken=b03f5f7f11d50a3a" was chosen because it was primary and "System.Net.Http, Version=4.2.0.0, Culture=neutral, PublicKeyToken=b03f5f7f11d50a3a" was not. [J:\afterimage-tokyo\afterimage-tokyo\GlassRefrain.Input.csproj]
C:\Program Files\dotnet\sdk\10.0.203\Microsoft.Common.CurrentVersion.targets(2451,5): warning MSB3277:     References which depend on "System.Net.Http, Version=4.1.2.0, Culture=neutral, PublicKeyToken=b03f5f7f11d50a3a" [J:\6000.3.11f1\Editor\Data\NetStandard\compat\2.1.0\shims\netstandard\System.Net.Http.dll]. [J:\afterimage-tokyo\afterimage-tokyo\GlassRefrain.Input.csproj]
C:\Program Files\dotnet\sdk\10.0.203\Microsoft.Common.CurrentVersion.targets(2451,5): warning MSB3277:         J:\6000.3.11f1\Editor\Data\NetStandard\compat\2.1.0\shims\netstandard\System.Net.Http.dll [J:\afterimage-tokyo\afterimage-tokyo\GlassRefrain.Input.csproj]
C:\Program Files\dotnet\sdk\10.0.203\Microsoft.Common.CurrentVersion.targets(2451,5): warning MSB3277:           Project file item includes which caused reference "J:\6000.3.11f1\Editor\Data\NetStandard\compat\2.1.0\shims\netstandard\System.Net.Http.dll". [J:\afterimage-tokyo\afterimage-tokyo\GlassRefrain.Input.csproj]
C:\Program Files\dotnet\sdk\10.0.203\Microsoft.Common.CurrentVersion.targets(2451,5): warning MSB3277:             System.Net.Http [J:\afterimage-tokyo\afterimage-tokyo\GlassRefrain.Input.csproj]
C:\Program Files\dotnet\sdk\10.0.203\Microsoft.Common.CurrentVersion.targets(2451,5): warning MSB3277:     References which depend on or have been unified to "System.Net.Http, Version=4.2.0.0, Culture=neutral, PublicKeyToken=b03f5f7f11d50a3a" []. [J:\afterimage-tokyo\afterimage-tokyo\GlassRefrain.Input.csproj]
C:\Program Files\dotnet\sdk\10.0.203\Microsoft.Common.CurrentVersion.targets(2451,5): warning MSB3277:         J:\afterimage-tokyo\afterimage-tokyo\Library\PackageCache\com.unity.testtools.codecoverage@19a841221620\lib\ReportGenerator\ReportGeneratorMerged.dll [J:\afterimage-tokyo\afterimage-tokyo\GlassRefrain.Input.csproj]
C:\Program Files\dotnet\sdk\10.0.203\Microsoft.Common.CurrentVersion.targets(2451,5): warning MSB3277:           Project file item includes which caused reference "J:\afterimage-tokyo\afterimage-tokyo\Library\PackageCache\com.unity.testtools.codecoverage@19a841221620\lib\ReportGenerator\ReportGeneratorMerged.dll". [J:\afterimage-tokyo\afterimage-tokyo\GlassRefrain.Input.csproj]
C:\Program Files\dotnet\sdk\10.0.203\Microsoft.Common.CurrentVersion.targets(2451,5): warning MSB3277:             ReportGeneratorMerged [J:\afterimage-tokyo\afterimage-tokyo\GlassRefrain.Input.csproj]
C:\Program Files\dotnet\sdk\10.0.203\Microsoft.Common.CurrentVersion.targets(2451,5): warning MSB3277: Found conflicts between different versions of "System.Security.Cryptography.Algorithms" that could not be resolved. [J:\afterimage-tokyo\afterimage-tokyo\GlassRefrain.Input.csproj]
C:\Program Files\dotnet\sdk\10.0.203\Microsoft.Common.CurrentVersion.targets(2451,5): warning MSB3277: There was a conflict between "System.Security.Cryptography.Algorithms, Version=4.2.2.0, Culture=neutral, PublicKeyToken=b03f5f7f11d50a3a" and "System.Security.Cryptography.Algorithms, Version=4.3.0.0, Culture=neutral, PublicKeyToken=b03f5f7f11d50a3a". [J:\afterimage-tokyo\afterimage-tokyo\GlassRefrain.Input.csproj]
C:\Program Files\dotnet\sdk\10.0.203\Microsoft.Common.CurrentVersion.targets(2451,5): warning MSB3277:     "System.Security.Cryptography.Algorithms, Version=4.2.2.0, Culture=neutral, PublicKeyToken=b03f5f7f11d50a3a" was chosen because it was primary and "System.Security.Cryptography.Algorithms, Version=4.3.0.0, Culture=neutral, PublicKeyToken=b03f5f7f11d50a3a" was not. [J:\afterimage-tokyo\afterimage-tokyo\GlassRefrain.Input.csproj]
C:\Program Files\dotnet\sdk\10.0.203\Microsoft.Common.CurrentVersion.targets(2451,5): warning MSB3277:     References which depend on "System.Security.Cryptography.Algorithms, Version=4.2.2.0, Culture=neutral, PublicKeyToken=b03f5f7f11d50a3a" [J:\6000.3.11f1\Editor\Data\NetStandard\compat\2.1.0\shims\netstandard\System.Security.Cryptography.Algorithms.dll]. [J:\afterimage-tokyo\afterimage-tokyo\GlassRefrain.Input.csproj]
C:\Program Files\dotnet\sdk\10.0.203\Microsoft.Common.CurrentVersion.targets(2451,5): warning MSB3277:         J:\6000.3.11f1\Editor\Data\NetStandard\compat\2.1.0\shims\netstandard\System.Security.Cryptography.Algorithms.dll [J:\afterimage-tokyo\afterimage-tokyo\GlassRefrain.Input.csproj]
C:\Program Files\dotnet\sdk\10.0.203\Microsoft.Common.CurrentVersion.targets(2451,5): warning MSB3277:           Project file item includes which caused reference "J:\6000.3.11f1\Editor\Data\NetStandard\compat\2.1.0\shims\netstandard\System.Security.Cryptography.Algorithms.dll". [J:\afterimage-tokyo\afterimage-tokyo\GlassRefrain.Input.csproj]
C:\Program Files\dotnet\sdk\10.0.203\Microsoft.Common.CurrentVersion.targets(2451,5): warning MSB3277:             System.Security.Cryptography.Algorithms [J:\afterimage-tokyo\afterimage-tokyo\GlassRefrain.Input.csproj]
C:\Program Files\dotnet\sdk\10.0.203\Microsoft.Common.CurrentVersion.targets(2451,5): warning MSB3277:     References which depend on or have been unified to "System.Security.Cryptography.Algorithms, Version=4.3.0.0, Culture=neutral, PublicKeyToken=b03f5f7f11d50a3a" []. [J:\afterimage-tokyo\afterimage-tokyo\GlassRefrain.Input.csproj]
C:\Program Files\dotnet\sdk\10.0.203\Microsoft.Common.CurrentVersion.targets(2451,5): warning MSB3277:         J:\afterimage-tokyo\afterimage-tokyo\Library\PackageCache\com.unity.testtools.codecoverage@19a841221620\lib\ReportGenerator\ReportGeneratorMerged.dll [J:\afterimage-tokyo\afterimage-tokyo\GlassRefrain.Input.csproj]
C:\Program Files\dotnet\sdk\10.0.203\Microsoft.Common.CurrentVersion.targets(2451,5): warning MSB3277:           Project file item includes which caused reference "J:\afterimage-tokyo\afterimage-tokyo\Library\PackageCache\com.unity.testtools.codecoverage@19a841221620\lib\ReportGenerator\ReportGeneratorMerged.dll". [J:\afterimage-tokyo\afterimage-tokyo\GlassRefrain.Input.csproj]
C:\Program Files\dotnet\sdk\10.0.203\Microsoft.Common.CurrentVersion.targets(2451,5): warning MSB3277:             ReportGeneratorMerged [J:\afterimage-tokyo\afterimage-tokyo\GlassRefrain.Input.csproj]
  GlassRefrain.Encounter -> J:\afterimage-tokyo\afterimage-tokyo\Temp\Bin\Debug\GlassRefrain.Encounter\GlassRefrain.Encounter.dll
  GlassRefrain.Memory -> J:\afterimage-tokyo\afterimage-tokyo\Temp\Bin\Debug\GlassRefrain.Memory\GlassRefrain.Memory.dll
  GlassRefrain.Camera -> J:\afterimage-tokyo\afterimage-tokyo\Temp\Bin\Debug\GlassRefrain.Camera\GlassRefrain.Camera.dll
  GlassRefrain.Input -> J:\afterimage-tokyo\afterimage-tokyo\Temp\Bin\Debug\GlassRefrain.Input\GlassRefrain.Input.dll
C:\Program Files\dotnet\sdk\10.0.203\Microsoft.Common.CurrentVersion.targets(2451,5): warning MSB3277: Found conflicts between different versions of "System.Net.Http" that could not be resolved. [J:\afterimage-tokyo\afterimage-tokyo\GlassRefrain.Enemy.csproj]
C:\Program Files\dotnet\sdk\10.0.203\Microsoft.Common.CurrentVersion.targets(2451,5): warning MSB3277: There was a conflict between "System.Net.Http, Version=4.1.2.0, Culture=neutral, PublicKeyToken=b03f5f7f11d50a3a" and "System.Net.Http, Version=4.2.0.0, Culture=neutral, PublicKeyToken=b03f5f7f11d50a3a". [J:\afterimage-tokyo\afterimage-tokyo\GlassRefrain.Enemy.csproj]
C:\Program Files\dotnet\sdk\10.0.203\Microsoft.Common.CurrentVersion.targets(2451,5): warning MSB3277:     "System.Net.Http, Version=4.1.2.0, Culture=neutral, PublicKeyToken=b03f5f7f11d50a3a" was chosen because it was primary and "System.Net.Http, Version=4.2.0.0, Culture=neutral, PublicKeyToken=b03f5f7f11d50a3a" was not. [J:\afterimage-tokyo\afterimage-tokyo\GlassRefrain.Enemy.csproj]
C:\Program Files\dotnet\sdk\10.0.203\Microsoft.Common.CurrentVersion.targets(2451,5): warning MSB3277:     References which depend on "System.Net.Http, Version=4.1.2.0, Culture=neutral, PublicKeyToken=b03f5f7f11d50a3a" [J:\6000.3.11f1\Editor\Data\NetStandard\compat\2.1.0\shims\netstandard\System.Net.Http.dll]. [J:\afterimage-tokyo\afterimage-tokyo\GlassRefrain.Enemy.csproj]
C:\Program Files\dotnet\sdk\10.0.203\Microsoft.Common.CurrentVersion.targets(2451,5): warning MSB3277:         J:\6000.3.11f1\Editor\Data\NetStandard\compat\2.1.0\shims\netstandard\System.Net.Http.dll [J:\afterimage-tokyo\afterimage-tokyo\GlassRefrain.Enemy.csproj]
C:\Program Files\dotnet\sdk\10.0.203\Microsoft.Common.CurrentVersion.targets(2451,5): warning MSB3277:           Project file item includes which caused reference "J:\6000.3.11f1\Editor\Data\NetStandard\compat\2.1.0\shims\netstandard\System.Net.Http.dll". [J:\afterimage-tokyo\afterimage-tokyo\GlassRefrain.Enemy.csproj]
C:\Program Files\dotnet\sdk\10.0.203\Microsoft.Common.CurrentVersion.targets(2451,5): warning MSB3277:             System.Net.Http [J:\afterimage-tokyo\afterimage-tokyo\GlassRefrain.Enemy.csproj]
C:\Program Files\dotnet\sdk\10.0.203\Microsoft.Common.CurrentVersion.targets(2451,5): warning MSB3277:     References which depend on or have been unified to "System.Net.Http, Version=4.2.0.0, Culture=neutral, PublicKeyToken=b03f5f7f11d50a3a" []. [J:\afterimage-tokyo\afterimage-tokyo\GlassRefrain.Enemy.csproj]
C:\Program Files\dotnet\sdk\10.0.203\Microsoft.Common.CurrentVersion.targets(2451,5): warning MSB3277:         J:\afterimage-tokyo\afterimage-tokyo\Library\PackageCache\com.unity.testtools.codecoverage@19a841221620\lib\ReportGenerator\ReportGeneratorMerged.dll [J:\afterimage-tokyo\afterimage-tokyo\GlassRefrain.Enemy.csproj]
C:\Program Files\dotnet\sdk\10.0.203\Microsoft.Common.CurrentVersion.targets(2451,5): warning MSB3277:           Project file item includes which caused reference "J:\afterimage-tokyo\afterimage-tokyo\Library\PackageCache\com.unity.testtools.codecoverage@19a841221620\lib\ReportGenerator\ReportGeneratorMerged.dll". [J:\afterimage-tokyo\afterimage-tokyo\GlassRefrain.Enemy.csproj]
C:\Program Files\dotnet\sdk\10.0.203\Microsoft.Common.CurrentVersion.targets(2451,5): warning MSB3277:             ReportGeneratorMerged [J:\afterimage-tokyo\afterimage-tokyo\GlassRefrain.Enemy.csproj]
C:\Program Files\dotnet\sdk\10.0.203\Microsoft.Common.CurrentVersion.targets(2451,5): warning MSB3277: Found conflicts between different versions of "System.Security.Cryptography.Algorithms" that could not be resolved. [J:\afterimage-tokyo\afterimage-tokyo\GlassRefrain.Enemy.csproj]
C:\Program Files\dotnet\sdk\10.0.203\Microsoft.Common.CurrentVersion.targets(2451,5): warning MSB3277: There was a conflict between "System.Security.Cryptography.Algorithms, Version=4.2.2.0, Culture=neutral, PublicKeyToken=b03f5f7f11d50a3a" and "System.Security.Cryptography.Algorithms, Version=4.3.0.0, Culture=neutral, PublicKeyToken=b03f5f7f11d50a3a". [J:\afterimage-tokyo\afterimage-tokyo\GlassRefrain.Enemy.csproj]
C:\Program Files\dotnet\sdk\10.0.203\Microsoft.Common.CurrentVersion.targets(2451,5): warning MSB3277:     "System.Security.Cryptography.Algorithms, Version=4.2.2.0, Culture=neutral, PublicKeyToken=b03f5f7f11d50a3a" was chosen because it was primary and "System.Security.Cryptography.Algorithms, Version=4.3.0.0, Culture=neutral, PublicKeyToken=b03f5f7f11d50a3a" was not. [J:\afterimage-tokyo\afterimage-tokyo\GlassRefrain.Enemy.csproj]
C:\Program Files\dotnet\sdk\10.0.203\Microsoft.Common.CurrentVersion.targets(2451,5): warning MSB3277:     References which depend on "System.Security.Cryptography.Algorithms, Version=4.2.2.0, Culture=neutral, PublicKeyToken=b03f5f7f11d50a3a" [J:\6000.3.11f1\Editor\Data\NetStandard\compat\2.1.0\shims\netstandard\System.Security.Cryptography.Algorithms.dll]. [J:\afterimage-tokyo\afterimage-tokyo\GlassRefrain.Enemy.csproj]
C:\Program Files\dotnet\sdk\10.0.203\Microsoft.Common.CurrentVersion.targets(2451,5): warning MSB3277:         J:\6000.3.11f1\Editor\Data\NetStandard\compat\2.1.0\shims\netstandard\System.Security.Cryptography.Algorithms.dll [J:\afterimage-tokyo\afterimage-tokyo\GlassRefrain.Enemy.csproj]
C:\Program Files\dotnet\sdk\10.0.203\Microsoft.Common.CurrentVersion.targets(2451,5): warning MSB3277:           Project file item includes which caused reference "J:\6000.3.11f1\Editor\Data\NetStandard\compat\2.1.0\shims\netstandard\System.Security.Cryptography.Algorithms.dll". [J:\afterimage-tokyo\afterimage-tokyo\GlassRefrain.Enemy.csproj]
C:\Program Files\dotnet\sdk\10.0.203\Microsoft.Common.CurrentVersion.targets(2451,5): warning MSB3277:             System.Security.Cryptography.Algorithms [J:\afterimage-tokyo\afterimage-tokyo\GlassRefrain.Enemy.csproj]
C:\Program Files\dotnet\sdk\10.0.203\Microsoft.Common.CurrentVersion.targets(2451,5): warning MSB3277:     References which depend on or have been unified to "System.Security.Cryptography.Algorithms, Version=4.3.0.0, Culture=neutral, PublicKeyToken=b03f5f7f11d50a3a" []. [J:\afterimage-tokyo\afterimage-tokyo\GlassRefrain.Enemy.csproj]
C:\Program Files\dotnet\sdk\10.0.203\Microsoft.Common.CurrentVersion.targets(2451,5): warning MSB3277:         J:\afterimage-tokyo\afterimage-tokyo\Library\PackageCache\com.unity.testtools.codecoverage@19a841221620\lib\ReportGenerator\ReportGeneratorMerged.dll [J:\afterimage-tokyo\afterimage-tokyo\GlassRefrain.Enemy.csproj]
C:\Program Files\dotnet\sdk\10.0.203\Microsoft.Common.CurrentVersion.targets(2451,5): warning MSB3277:           Project file item includes which caused reference "J:\afterimage-tokyo\afterimage-tokyo\Library\PackageCache\com.unity.testtools.codecoverage@19a841221620\lib\ReportGenerator\ReportGeneratorMerged.dll". [J:\afterimage-tokyo\afterimage-tokyo\GlassRefrain.Enemy.csproj]
C:\Program Files\dotnet\sdk\10.0.203\Microsoft.Common.CurrentVersion.targets(2451,5): warning MSB3277:             ReportGeneratorMerged [J:\afterimage-tokyo\afterimage-tokyo\GlassRefrain.Enemy.csproj]
C:\Program Files\dotnet\sdk\10.0.203\Microsoft.Common.CurrentVersion.targets(2451,5): warning MSB3277: Found conflicts between different versions of "System.Net.Http" that could not be resolved. [J:\afterimage-tokyo\afterimage-tokyo\GlassRefrain.Health.csproj]
C:\Program Files\dotnet\sdk\10.0.203\Microsoft.Common.CurrentVersion.targets(2451,5): warning MSB3277: There was a conflict between "System.Net.Http, Version=4.1.2.0, Culture=neutral, PublicKeyToken=b03f5f7f11d50a3a" and "System.Net.Http, Version=4.2.0.0, Culture=neutral, PublicKeyToken=b03f5f7f11d50a3a". [J:\afterimage-tokyo\afterimage-tokyo\GlassRefrain.Health.csproj]
C:\Program Files\dotnet\sdk\10.0.203\Microsoft.Common.CurrentVersion.targets(2451,5): warning MSB3277:     "System.Net.Http, Version=4.1.2.0, Culture=neutral, PublicKeyToken=b03f5f7f11d50a3a" was chosen because it was primary and "System.Net.Http, Version=4.2.0.0, Culture=neutral, PublicKeyToken=b03f5f7f11d50a3a" was not. [J:\afterimage-tokyo\afterimage-tokyo\GlassRefrain.Health.csproj]
C:\Program Files\dotnet\sdk\10.0.203\Microsoft.Common.CurrentVersion.targets(2451,5): warning MSB3277:     References which depend on "System.Net.Http, Version=4.1.2.0, Culture=neutral, PublicKeyToken=b03f5f7f11d50a3a" [J:\6000.3.11f1\Editor\Data\NetStandard\compat\2.1.0\shims\netstandard\System.Net.Http.dll]. [J:\afterimage-tokyo\afterimage-tokyo\GlassRefrain.Health.csproj]
C:\Program Files\dotnet\sdk\10.0.203\Microsoft.Common.CurrentVersion.targets(2451,5): warning MSB3277:         J:\6000.3.11f1\Editor\Data\NetStandard\compat\2.1.0\shims\netstandard\System.Net.Http.dll [J:\afterimage-tokyo\afterimage-tokyo\GlassRefrain.Health.csproj]
C:\Program Files\dotnet\sdk\10.0.203\Microsoft.Common.CurrentVersion.targets(2451,5): warning MSB3277:           Project file item includes which caused reference "J:\6000.3.11f1\Editor\Data\NetStandard\compat\2.1.0\shims\netstandard\System.Net.Http.dll". [J:\afterimage-tokyo\afterimage-tokyo\GlassRefrain.Health.csproj]
C:\Program Files\dotnet\sdk\10.0.203\Microsoft.Common.CurrentVersion.targets(2451,5): warning MSB3277:             System.Net.Http [J:\afterimage-tokyo\afterimage-tokyo\GlassRefrain.Health.csproj]
C:\Program Files\dotnet\sdk\10.0.203\Microsoft.Common.CurrentVersion.targets(2451,5): warning MSB3277:     References which depend on or have been unified to "System.Net.Http, Version=4.2.0.0, Culture=neutral, PublicKeyToken=b03f5f7f11d50a3a" []. [J:\afterimage-tokyo\afterimage-tokyo\GlassRefrain.Health.csproj]
C:\Program Files\dotnet\sdk\10.0.203\Microsoft.Common.CurrentVersion.targets(2451,5): warning MSB3277:         J:\afterimage-tokyo\afterimage-tokyo\Library\PackageCache\com.unity.testtools.codecoverage@19a841221620\lib\ReportGenerator\ReportGeneratorMerged.dll [J:\afterimage-tokyo\afterimage-tokyo\GlassRefrain.Health.csproj]
C:\Program Files\dotnet\sdk\10.0.203\Microsoft.Common.CurrentVersion.targets(2451,5): warning MSB3277:           Project file item includes which caused reference "J:\afterimage-tokyo\afterimage-tokyo\Library\PackageCache\com.unity.testtools.codecoverage@19a841221620\lib\ReportGenerator\ReportGeneratorMerged.dll". [J:\afterimage-tokyo\afterimage-tokyo\GlassRefrain.Health.csproj]
C:\Program Files\dotnet\sdk\10.0.203\Microsoft.Common.CurrentVersion.targets(2451,5): warning MSB3277:             ReportGeneratorMerged [J:\afterimage-tokyo\afterimage-tokyo\GlassRefrain.Health.csproj]
C:\Program Files\dotnet\sdk\10.0.203\Microsoft.Common.CurrentVersion.targets(2451,5): warning MSB3277: Found conflicts between different versions of "System.Security.Cryptography.Algorithms" that could not be resolved. [J:\afterimage-tokyo\afterimage-tokyo\GlassRefrain.Health.csproj]
C:\Program Files\dotnet\sdk\10.0.203\Microsoft.Common.CurrentVersion.targets(2451,5): warning MSB3277: There was a conflict between "System.Security.Cryptography.Algorithms, Version=4.2.2.0, Culture=neutral, PublicKeyToken=b03f5f7f11d50a3a" and "System.Security.Cryptography.Algorithms, Version=4.3.0.0, Culture=neutral, PublicKeyToken=b03f5f7f11d50a3a". [J:\afterimage-tokyo\afterimage-tokyo\GlassRefrain.Health.csproj]
C:\Program Files\dotnet\sdk\10.0.203\Microsoft.Common.CurrentVersion.targets(2451,5): warning MSB3277:     "System.Security.Cryptography.Algorithms, Version=4.2.2.0, Culture=neutral, PublicKeyToken=b03f5f7f11d50a3a" was chosen because it was primary and "System.Security.Cryptography.Algorithms, Version=4.3.0.0, Culture=neutral, PublicKeyToken=b03f5f7f11d50a3a" was not. [J:\afterimage-tokyo\afterimage-tokyo\GlassRefrain.Health.csproj]
C:\Program Files\dotnet\sdk\10.0.203\Microsoft.Common.CurrentVersion.targets(2451,5): warning MSB3277:     References which depend on "System.Security.Cryptography.Algorithms, Version=4.2.2.0, Culture=neutral, PublicKeyToken=b03f5f7f11d50a3a" [J:\6000.3.11f1\Editor\Data\NetStandard\compat\2.1.0\shims\netstandard\System.Security.Cryptography.Algorithms.dll]. [J:\afterimage-tokyo\afterimage-tokyo\GlassRefrain.Health.csproj]
C:\Program Files\dotnet\sdk\10.0.203\Microsoft.Common.CurrentVersion.targets(2451,5): warning MSB3277:         J:\6000.3.11f1\Editor\Data\NetStandard\compat\2.1.0\shims\netstandard\System.Security.Cryptography.Algorithms.dll [J:\afterimage-tokyo\afterimage-tokyo\GlassRefrain.Health.csproj]
C:\Program Files\dotnet\sdk\10.0.203\Microsoft.Common.CurrentVersion.targets(2451,5): warning MSB3277:           Project file item includes which caused reference "J:\6000.3.11f1\Editor\Data\NetStandard\compat\2.1.0\shims\netstandard\System.Security.Cryptography.Algorithms.dll". [J:\afterimage-tokyo\afterimage-tokyo\GlassRefrain.Health.csproj]
C:\Program Files\dotnet\sdk\10.0.203\Microsoft.Common.CurrentVersion.targets(2451,5): warning MSB3277:             System.Security.Cryptography.Algorithms [J:\afterimage-tokyo\afterimage-tokyo\GlassRefrain.Health.csproj]
C:\Program Files\dotnet\sdk\10.0.203\Microsoft.Common.CurrentVersion.targets(2451,5): warning MSB3277:     References which depend on or have been unified to "System.Security.Cryptography.Algorithms, Version=4.3.0.0, Culture=neutral, PublicKeyToken=b03f5f7f11d50a3a" []. [J:\afterimage-tokyo\afterimage-tokyo\GlassRefrain.Health.csproj]
C:\Program Files\dotnet\sdk\10.0.203\Microsoft.Common.CurrentVersion.targets(2451,5): warning MSB3277:         J:\afterimage-tokyo\afterimage-tokyo\Library\PackageCache\com.unity.testtools.codecoverage@19a841221620\lib\ReportGenerator\ReportGeneratorMerged.dll [J:\afterimage-tokyo\afterimage-tokyo\GlassRefrain.Health.csproj]
C:\Program Files\dotnet\sdk\10.0.203\Microsoft.Common.CurrentVersion.targets(2451,5): warning MSB3277:           Project file item includes which caused reference "J:\afterimage-tokyo\afterimage-tokyo\Library\PackageCache\com.unity.testtools.codecoverage@19a841221620\lib\ReportGenerator\ReportGeneratorMerged.dll". [J:\afterimage-tokyo\afterimage-tokyo\GlassRefrain.Health.csproj]
C:\Program Files\dotnet\sdk\10.0.203\Microsoft.Common.CurrentVersion.targets(2451,5): warning MSB3277:             ReportGeneratorMerged [J:\afterimage-tokyo\afterimage-tokyo\GlassRefrain.Health.csproj]
  GlassRefrain.Enemy -> J:\afterimage-tokyo\afterimage-tokyo\Temp\Bin\Debug\GlassRefrain.Enemy\GlassRefrain.Enemy.dll
  GlassRefrain.Health -> J:\afterimage-tokyo\afterimage-tokyo\Temp\Bin\Debug\GlassRefrain.Health\GlassRefrain.Health.dll
C:\Program Files\dotnet\sdk\10.0.203\Microsoft.Common.CurrentVersion.targets(2451,5): warning MSB3277: Found conflicts between different versions of "System.Net.Http" that could not be resolved. [J:\afterimage-tokyo\afterimage-tokyo\GlassRefrain.Infrastructure.csproj]
C:\Program Files\dotnet\sdk\10.0.203\Microsoft.Common.CurrentVersion.targets(2451,5): warning MSB3277: There was a conflict between "System.Net.Http, Version=4.1.2.0, Culture=neutral, PublicKeyToken=b03f5f7f11d50a3a" and "System.Net.Http, Version=4.2.0.0, Culture=neutral, PublicKeyToken=b03f5f7f11d50a3a". [J:\afterimage-tokyo\afterimage-tokyo\GlassRefrain.Infrastructure.csproj]
C:\Program Files\dotnet\sdk\10.0.203\Microsoft.Common.CurrentVersion.targets(2451,5): warning MSB3277:     "System.Net.Http, Version=4.1.2.0, Culture=neutral, PublicKeyToken=b03f5f7f11d50a3a" was chosen because it was primary and "System.Net.Http, Version=4.2.0.0, Culture=neutral, PublicKeyToken=b03f5f7f11d50a3a" was not. [J:\afterimage-tokyo\afterimage-tokyo\GlassRefrain.Infrastructure.csproj]
C:\Program Files\dotnet\sdk\10.0.203\Microsoft.Common.CurrentVersion.targets(2451,5): warning MSB3277:     References which depend on "System.Net.Http, Version=4.1.2.0, Culture=neutral, PublicKeyToken=b03f5f7f11d50a3a" [J:\6000.3.11f1\Editor\Data\NetStandard\compat\2.1.0\shims\netstandard\System.Net.Http.dll]. [J:\afterimage-tokyo\afterimage-tokyo\GlassRefrain.Infrastructure.csproj]
C:\Program Files\dotnet\sdk\10.0.203\Microsoft.Common.CurrentVersion.targets(2451,5): warning MSB3277:         J:\6000.3.11f1\Editor\Data\NetStandard\compat\2.1.0\shims\netstandard\System.Net.Http.dll [J:\afterimage-tokyo\afterimage-tokyo\GlassRefrain.Infrastructure.csproj]
C:\Program Files\dotnet\sdk\10.0.203\Microsoft.Common.CurrentVersion.targets(2451,5): warning MSB3277:           Project file item includes which caused reference "J:\6000.3.11f1\Editor\Data\NetStandard\compat\2.1.0\shims\netstandard\System.Net.Http.dll". [J:\afterimage-tokyo\afterimage-tokyo\GlassRefrain.Infrastructure.csproj]
C:\Program Files\dotnet\sdk\10.0.203\Microsoft.Common.CurrentVersion.targets(2451,5): warning MSB3277:             System.Net.Http [J:\afterimage-tokyo\afterimage-tokyo\GlassRefrain.Infrastructure.csproj]
C:\Program Files\dotnet\sdk\10.0.203\Microsoft.Common.CurrentVersion.targets(2451,5): warning MSB3277:     References which depend on or have been unified to "System.Net.Http, Version=4.2.0.0, Culture=neutral, PublicKeyToken=b03f5f7f11d50a3a" []. [J:\afterimage-tokyo\afterimage-tokyo\GlassRefrain.Infrastructure.csproj]
C:\Program Files\dotnet\sdk\10.0.203\Microsoft.Common.CurrentVersion.targets(2451,5): warning MSB3277:         J:\afterimage-tokyo\afterimage-tokyo\Library\PackageCache\com.unity.testtools.codecoverage@19a841221620\lib\ReportGenerator\ReportGeneratorMerged.dll [J:\afterimage-tokyo\afterimage-tokyo\GlassRefrain.Infrastructure.csproj]
C:\Program Files\dotnet\sdk\10.0.203\Microsoft.Common.CurrentVersion.targets(2451,5): warning MSB3277:           Project file item includes which caused reference "J:\afterimage-tokyo\afterimage-tokyo\Library\PackageCache\com.unity.testtools.codecoverage@19a841221620\lib\ReportGenerator\ReportGeneratorMerged.dll". [J:\afterimage-tokyo\afterimage-tokyo\GlassRefrain.Infrastructure.csproj]
C:\Program Files\dotnet\sdk\10.0.203\Microsoft.Common.CurrentVersion.targets(2451,5): warning MSB3277:             ReportGeneratorMerged [J:\afterimage-tokyo\afterimage-tokyo\GlassRefrain.Infrastructure.csproj]
C:\Program Files\dotnet\sdk\10.0.203\Microsoft.Common.CurrentVersion.targets(2451,5): warning MSB3277: Found conflicts between different versions of "System.Security.Cryptography.Algorithms" that could not be resolved. [J:\afterimage-tokyo\afterimage-tokyo\GlassRefrain.Infrastructure.csproj]
C:\Program Files\dotnet\sdk\10.0.203\Microsoft.Common.CurrentVersion.targets(2451,5): warning MSB3277: There was a conflict between "System.Security.Cryptography.Algorithms, Version=4.2.2.0, Culture=neutral, PublicKeyToken=b03f5f7f11d50a3a" and "System.Security.Cryptography.Algorithms, Version=4.3.0.0, Culture=neutral, PublicKeyToken=b03f5f7f11d50a3a". [J:\afterimage-tokyo\afterimage-tokyo\GlassRefrain.Infrastructure.csproj]
C:\Program Files\dotnet\sdk\10.0.203\Microsoft.Common.CurrentVersion.targets(2451,5): warning MSB3277:     "System.Security.Cryptography.Algorithms, Version=4.2.2.0, Culture=neutral, PublicKeyToken=b03f5f7f11d50a3a" was chosen because it was primary and "System.Security.Cryptography.Algorithms, Version=4.3.0.0, Culture=neutral, PublicKeyToken=b03f5f7f11d50a3a" was not. [J:\afterimage-tokyo\afterimage-tokyo\GlassRefrain.Infrastructure.csproj]
C:\Program Files\dotnet\sdk\10.0.203\Microsoft.Common.CurrentVersion.targets(2451,5): warning MSB3277:     References which depend on "System.Security.Cryptography.Algorithms, Version=4.2.2.0, Culture=neutral, PublicKeyToken=b03f5f7f11d50a3a" [J:\6000.3.11f1\Editor\Data\NetStandard\compat\2.1.0\shims\netstandard\System.Security.Cryptography.Algorithms.dll]. [J:\afterimage-tokyo\afterimage-tokyo\GlassRefrain.Infrastructure.csproj]
C:\Program Files\dotnet\sdk\10.0.203\Microsoft.Common.CurrentVersion.targets(2451,5): warning MSB3277:         J:\6000.3.11f1\Editor\Data\NetStandard\compat\2.1.0\shims\netstandard\System.Security.Cryptography.Algorithms.dll [J:\afterimage-tokyo\afterimage-tokyo\GlassRefrain.Infrastructure.csproj]
C:\Program Files\dotnet\sdk\10.0.203\Microsoft.Common.CurrentVersion.targets(2451,5): warning MSB3277:           Project file item includes which caused reference "J:\6000.3.11f1\Editor\Data\NetStandard\compat\2.1.0\shims\netstandard\System.Security.Cryptography.Algorithms.dll". [J:\afterimage-tokyo\afterimage-tokyo\GlassRefrain.Infrastructure.csproj]
C:\Program Files\dotnet\sdk\10.0.203\Microsoft.Common.CurrentVersion.targets(2451,5): warning MSB3277:             System.Security.Cryptography.Algorithms [J:\afterimage-tokyo\afterimage-tokyo\GlassRefrain.Infrastructure.csproj]
C:\Program Files\dotnet\sdk\10.0.203\Microsoft.Common.CurrentVersion.targets(2451,5): warning MSB3277:     References which depend on or have been unified to "System.Security.Cryptography.Algorithms, Version=4.3.0.0, Culture=neutral, PublicKeyToken=b03f5f7f11d50a3a" []. [J:\afterimage-tokyo\afterimage-tokyo\GlassRefrain.Infrastructure.csproj]
C:\Program Files\dotnet\sdk\10.0.203\Microsoft.Common.CurrentVersion.targets(2451,5): warning MSB3277:         J:\afterimage-tokyo\afterimage-tokyo\Library\PackageCache\com.unity.testtools.codecoverage@19a841221620\lib\ReportGenerator\ReportGeneratorMerged.dll [J:\afterimage-tokyo\afterimage-tokyo\GlassRefrain.Infrastructure.csproj]
C:\Program Files\dotnet\sdk\10.0.203\Microsoft.Common.CurrentVersion.targets(2451,5): warning MSB3277:           Project file item includes which caused reference "J:\afterimage-tokyo\afterimage-tokyo\Library\PackageCache\com.unity.testtools.codecoverage@19a841221620\lib\ReportGenerator\ReportGeneratorMerged.dll". [J:\afterimage-tokyo\afterimage-tokyo\GlassRefrain.Infrastructure.csproj]
C:\Program Files\dotnet\sdk\10.0.203\Microsoft.Common.CurrentVersion.targets(2451,5): warning MSB3277:             ReportGeneratorMerged [J:\afterimage-tokyo\afterimage-tokyo\GlassRefrain.Infrastructure.csproj]
  GlassRefrain.Infrastructure -> J:\afterimage-tokyo\afterimage-tokyo\Temp\Bin\Debug\GlassRefrain.Infrastructure\GlassRefrain.Infrastructure.dll
C:\Program Files\dotnet\sdk\10.0.203\Microsoft.Common.CurrentVersion.targets(2451,5): warning MSB3277: Found conflicts between different versions of "System.Net.Http" that could not be resolved. [J:\afterimage-tokyo\afterimage-tokyo\GlassRefrain.Bootstrap.csproj]
C:\Program Files\dotnet\sdk\10.0.203\Microsoft.Common.CurrentVersion.targets(2451,5): warning MSB3277: There was a conflict between "System.Net.Http, Version=4.1.2.0, Culture=neutral, PublicKeyToken=b03f5f7f11d50a3a" and "System.Net.Http, Version=4.2.0.0, Culture=neutral, PublicKeyToken=b03f5f7f11d50a3a". [J:\afterimage-tokyo\afterimage-tokyo\GlassRefrain.Bootstrap.csproj]
C:\Program Files\dotnet\sdk\10.0.203\Microsoft.Common.CurrentVersion.targets(2451,5): warning MSB3277:     "System.Net.Http, Version=4.1.2.0, Culture=neutral, PublicKeyToken=b03f5f7f11d50a3a" was chosen because it was primary and "System.Net.Http, Version=4.2.0.0, Culture=neutral, PublicKeyToken=b03f5f7f11d50a3a" was not. [J:\afterimage-tokyo\afterimage-tokyo\GlassRefrain.Bootstrap.csproj]
C:\Program Files\dotnet\sdk\10.0.203\Microsoft.Common.CurrentVersion.targets(2451,5): warning MSB3277:     References which depend on "System.Net.Http, Version=4.1.2.0, Culture=neutral, PublicKeyToken=b03f5f7f11d50a3a" [J:\6000.3.11f1\Editor\Data\NetStandard\compat\2.1.0\shims\netstandard\System.Net.Http.dll]. [J:\afterimage-tokyo\afterimage-tokyo\GlassRefrain.Bootstrap.csproj]
C:\Program Files\dotnet\sdk\10.0.203\Microsoft.Common.CurrentVersion.targets(2451,5): warning MSB3277:         J:\6000.3.11f1\Editor\Data\NetStandard\compat\2.1.0\shims\netstandard\System.Net.Http.dll [J:\afterimage-tokyo\afterimage-tokyo\GlassRefrain.Bootstrap.csproj]
C:\Program Files\dotnet\sdk\10.0.203\Microsoft.Common.CurrentVersion.targets(2451,5): warning MSB3277:           Project file item includes which caused reference "J:\6000.3.11f1\Editor\Data\NetStandard\compat\2.1.0\shims\netstandard\System.Net.Http.dll". [J:\afterimage-tokyo\afterimage-tokyo\GlassRefrain.Bootstrap.csproj]
C:\Program Files\dotnet\sdk\10.0.203\Microsoft.Common.CurrentVersion.targets(2451,5): warning MSB3277:             System.Net.Http [J:\afterimage-tokyo\afterimage-tokyo\GlassRefrain.Bootstrap.csproj]
C:\Program Files\dotnet\sdk\10.0.203\Microsoft.Common.CurrentVersion.targets(2451,5): warning MSB3277:     References which depend on or have been unified to "System.Net.Http, Version=4.2.0.0, Culture=neutral, PublicKeyToken=b03f5f7f11d50a3a" []. [J:\afterimage-tokyo\afterimage-tokyo\GlassRefrain.Bootstrap.csproj]
C:\Program Files\dotnet\sdk\10.0.203\Microsoft.Common.CurrentVersion.targets(2451,5): warning MSB3277:         J:\afterimage-tokyo\afterimage-tokyo\Library\PackageCache\com.unity.testtools.codecoverage@19a841221620\lib\ReportGenerator\ReportGeneratorMerged.dll [J:\afterimage-tokyo\afterimage-tokyo\GlassRefrain.Bootstrap.csproj]
C:\Program Files\dotnet\sdk\10.0.203\Microsoft.Common.CurrentVersion.targets(2451,5): warning MSB3277:           Project file item includes which caused reference "J:\afterimage-tokyo\afterimage-tokyo\Library\PackageCache\com.unity.testtools.codecoverage@19a841221620\lib\ReportGenerator\ReportGeneratorMerged.dll". [J:\afterimage-tokyo\afterimage-tokyo\GlassRefrain.Bootstrap.csproj]
C:\Program Files\dotnet\sdk\10.0.203\Microsoft.Common.CurrentVersion.targets(2451,5): warning MSB3277:             ReportGeneratorMerged [J:\afterimage-tokyo\afterimage-tokyo\GlassRefrain.Bootstrap.csproj]
C:\Program Files\dotnet\sdk\10.0.203\Microsoft.Common.CurrentVersion.targets(2451,5): warning MSB3277: Found conflicts between different versions of "System.Security.Cryptography.Algorithms" that could not be resolved. [J:\afterimage-tokyo\afterimage-tokyo\GlassRefrain.Bootstrap.csproj]
C:\Program Files\dotnet\sdk\10.0.203\Microsoft.Common.CurrentVersion.targets(2451,5): warning MSB3277: There was a conflict between "System.Security.Cryptography.Algorithms, Version=4.2.2.0, Culture=neutral, PublicKeyToken=b03f5f7f11d50a3a" and "System.Security.Cryptography.Algorithms, Version=4.3.0.0, Culture=neutral, PublicKeyToken=b03f5f7f11d50a3a". [J:\afterimage-tokyo\afterimage-tokyo\GlassRefrain.Bootstrap.csproj]
C:\Program Files\dotnet\sdk\10.0.203\Microsoft.Common.CurrentVersion.targets(2451,5): warning MSB3277:     "System.Security.Cryptography.Algorithms, Version=4.2.2.0, Culture=neutral, PublicKeyToken=b03f5f7f11d50a3a" was chosen because it was primary and "System.Security.Cryptography.Algorithms, Version=4.3.0.0, Culture=neutral, PublicKeyToken=b03f5f7f11d50a3a" was not. [J:\afterimage-tokyo\afterimage-tokyo\GlassRefrain.Bootstrap.csproj]
C:\Program Files\dotnet\sdk\10.0.203\Microsoft.Common.CurrentVersion.targets(2451,5): warning MSB3277:     References which depend on "System.Security.Cryptography.Algorithms, Version=4.2.2.0, Culture=neutral, PublicKeyToken=b03f5f7f11d50a3a" [J:\6000.3.11f1\Editor\Data\NetStandard\compat\2.1.0\shims\netstandard\System.Security.Cryptography.Algorithms.dll]. [J:\afterimage-tokyo\afterimage-tokyo\GlassRefrain.Bootstrap.csproj]
C:\Program Files\dotnet\sdk\10.0.203\Microsoft.Common.CurrentVersion.targets(2451,5): warning MSB3277:         J:\6000.3.11f1\Editor\Data\NetStandard\compat\2.1.0\shims\netstandard\System.Security.Cryptography.Algorithms.dll [J:\afterimage-tokyo\afterimage-tokyo\GlassRefrain.Bootstrap.csproj]
C:\Program Files\dotnet\sdk\10.0.203\Microsoft.Common.CurrentVersion.targets(2451,5): warning MSB3277:           Project file item includes which caused reference "J:\6000.3.11f1\Editor\Data\NetStandard\compat\2.1.0\shims\netstandard\System.Security.Cryptography.Algorithms.dll". [J:\afterimage-tokyo\afterimage-tokyo\GlassRefrain.Bootstrap.csproj]
C:\Program Files\dotnet\sdk\10.0.203\Microsoft.Common.CurrentVersion.targets(2451,5): warning MSB3277:             System.Security.Cryptography.Algorithms [J:\afterimage-tokyo\afterimage-tokyo\GlassRefrain.Bootstrap.csproj]
C:\Program Files\dotnet\sdk\10.0.203\Microsoft.Common.CurrentVersion.targets(2451,5): warning MSB3277:     References which depend on or have been unified to "System.Security.Cryptography.Algorithms, Version=4.3.0.0, Culture=neutral, PublicKeyToken=b03f5f7f11d50a3a" []. [J:\afterimage-tokyo\afterimage-tokyo\GlassRefrain.Bootstrap.csproj]
C:\Program Files\dotnet\sdk\10.0.203\Microsoft.Common.CurrentVersion.targets(2451,5): warning MSB3277:         J:\afterimage-tokyo\afterimage-tokyo\Library\PackageCache\com.unity.testtools.codecoverage@19a841221620\lib\ReportGenerator\ReportGeneratorMerged.dll [J:\afterimage-tokyo\afterimage-tokyo\GlassRefrain.Bootstrap.csproj]
C:\Program Files\dotnet\sdk\10.0.203\Microsoft.Common.CurrentVersion.targets(2451,5): warning MSB3277:           Project file item includes which caused reference "J:\afterimage-tokyo\afterimage-tokyo\Library\PackageCache\com.unity.testtools.codecoverage@19a841221620\lib\ReportGenerator\ReportGeneratorMerged.dll". [J:\afterimage-tokyo\afterimage-tokyo\GlassRefrain.Bootstrap.csproj]
C:\Program Files\dotnet\sdk\10.0.203\Microsoft.Common.CurrentVersion.targets(2451,5): warning MSB3277:             ReportGeneratorMerged [J:\afterimage-tokyo\afterimage-tokyo\GlassRefrain.Bootstrap.csproj]
  GlassRefrain.Bootstrap -> J:\afterimage-tokyo\afterimage-tokyo\Temp\Bin\Debug\GlassRefrain.Bootstrap\GlassRefrain.Bootstrap.dll
J:\afterimage-tokyo\afterimage-tokyo\Assets\_Project\Tests\EditMode\LocomotionBasis_test.cs(522,9): error CS1028: Unexpected preprocessor directive [J:\afterimage-tokyo\afterimage-tokyo\GlassRefrain.Tests.EditMode.csproj]

Build FAILED.

C:\Program Files\dotnet\sdk\10.0.203\Microsoft.Common.CurrentVersion.targets(2451,5): warning MSB3277: Found conflicts between different versions of "System.Net.Http" that could not be resolved. [J:\afterimage-tokyo\afterimage-tokyo\GlassRefrain.Core.csproj]
C:\Program Files\dotnet\sdk\10.0.203\Microsoft.Common.CurrentVersion.targets(2451,5): warning MSB3277: There was a conflict between "System.Net.Http, Version=4.1.2.0, Culture=neutral, PublicKeyToken=b03f5f7f11d50a3a" and "System.Net.Http, Version=4.2.0.0, Culture=neutral, PublicKeyToken=b03f5f7f11d50a3a". [J:\afterimage-tokyo\afterimage-tokyo\GlassRefrain.Core.csproj]
C:\Program Files\dotnet\sdk\10.0.203\Microsoft.Common.CurrentVersion.targets(2451,5): warning MSB3277:     "System.Net.Http, Version=4.1.2.0, Culture=neutral, PublicKeyToken=b03f5f7f11d50a3a" was chosen because it was primary and "System.Net.Http, Version=4.2.0.0, Culture=neutral, PublicKeyToken=b03f5f7f11d50a3a" was not. [J:\afterimage-tokyo\afterimage-tokyo\GlassRefrain.Core.csproj]
C:\Program Files\dotnet\sdk\10.0.203\Microsoft.Common.CurrentVersion.targets(2451,5): warning MSB3277:     References which depend on "System.Net.Http, Version=4.1.2.0, Culture=neutral, PublicKeyToken=b03f5f7f11d50a3a" [J:\6000.3.11f1\Editor\Data\NetStandard\compat\2.1.0\shims\netstandard\System.Net.Http.dll]. [J:\afterimage-tokyo\afterimage-tokyo\GlassRefrain.Core.csproj]
C:\Program Files\dotnet\sdk\10.0.203\Microsoft.Common.CurrentVersion.targets(2451,5): warning MSB3277:         J:\6000.3.11f1\Editor\Data\NetStandard\compat\2.1.0\shims\netstandard\System.Net.Http.dll [J:\afterimage-tokyo\afterimage-tokyo\GlassRefrain.Core.csproj]
C:\Program Files\dotnet\sdk\10.0.203\Microsoft.Common.CurrentVersion.targets(2451,5): warning MSB3277:           Project file item includes which caused reference "J:\6000.3.11f1\Editor\Data\NetStandard\compat\2.1.0\shims\netstandard\System.Net.Http.dll". [J:\afterimage-tokyo\afterimage-tokyo\GlassRefrain.Core.csproj]
C:\Program Files\dotnet\sdk\10.0.203\Microsoft.Common.CurrentVersion.targets(2451,5): warning MSB3277:             System.Net.Http [J:\afterimage-tokyo\afterimage-tokyo\GlassRefrain.Core.csproj]
C:\Program Files\dotnet\sdk\10.0.203\Microsoft.Common.CurrentVersion.targets(2451,5): warning MSB3277:     References which depend on or have been unified to "System.Net.Http, Version=4.2.0.0, Culture=neutral, PublicKeyToken=b03f5f7f11d50a3a" []. [J:\afterimage-tokyo\afterimage-tokyo\GlassRefrain.Core.csproj]
C:\Program Files\dotnet\sdk\10.0.203\Microsoft.Common.CurrentVersion.targets(2451,5): warning MSB3277:         J:\afterimage-tokyo\afterimage-tokyo\Library\PackageCache\com.unity.testtools.codecoverage@19a841221620\lib\ReportGenerator\ReportGeneratorMerged.dll [J:\afterimage-tokyo\afterimage-tokyo\GlassRefrain.Core.csproj]
C:\Program Files\dotnet\sdk\10.0.203\Microsoft.Common.CurrentVersion.targets(2451,5): warning MSB3277:           Project file item includes which caused reference "J:\afterimage-tokyo\afterimage-tokyo\Library\PackageCache\com.unity.testtools.codecoverage@19a841221620\lib\ReportGenerator\ReportGeneratorMerged.dll". [J:\afterimage-tokyo\afterimage-tokyo\GlassRefrain.Core.csproj]
C:\Program Files\dotnet\sdk\10.0.203\Microsoft.Common.CurrentVersion.targets(2451,5): warning MSB3277:             ReportGeneratorMerged [J:\afterimage-tokyo\afterimage-tokyo\GlassRefrain.Core.csproj]
C:\Program Files\dotnet\sdk\10.0.203\Microsoft.Common.CurrentVersion.targets(2451,5): warning MSB3277: Found conflicts between different versions of "System.Security.Cryptography.Algorithms" that could not be resolved. [J:\afterimage-tokyo\afterimage-tokyo\GlassRefrain.Core.csproj]
C:\Program Files\dotnet\sdk\10.0.203\Microsoft.Common.CurrentVersion.targets(2451,5): warning MSB3277: There was a conflict between "System.Security.Cryptography.Algorithms, Version=4.2.2.0, Culture=neutral, PublicKeyToken=b03f5f7f11d50a3a" and "System.Security.Cryptography.Algorithms, Version=4.3.0.0, Culture=neutral, PublicKeyToken=b03f5f7f11d50a3a". [J:\afterimage-tokyo\afterimage-tokyo\GlassRefrain.Core.csproj]
C:\Program Files\dotnet\sdk\10.0.203\Microsoft.Common.CurrentVersion.targets(2451,5): warning MSB3277:     "System.Security.Cryptography.Algorithms, Version=4.2.2.0, Culture=neutral, PublicKeyToken=b03f5f7f11d50a3a" was chosen because it was primary and "System.Security.Cryptography.Algorithms, Version=4.3.0.0, Culture=neutral, PublicKeyToken=b03f5f7f11d50a3a" was not. [J:\afterimage-tokyo\afterimage-tokyo\GlassRefrain.Core.csproj]
C:\Program Files\dotnet\sdk\10.0.203\Microsoft.Common.CurrentVersion.targets(2451,5): warning MSB3277:     References which depend on "System.Security.Cryptography.Algorithms, Version=4.2.2.0, Culture=neutral, PublicKeyToken=b03f5f7f11d50a3a" [J:\6000.3.11f1\Editor\Data\NetStandard\compat\2.1.0\shims\netstandard\System.Security.Cryptography.Algorithms.dll]. [J:\afterimage-tokyo\afterimage-tokyo\GlassRefrain.Core.csproj]
C:\Program Files\dotnet\sdk\10.0.203\Microsoft.Common.CurrentVersion.targets(2451,5): warning MSB3277:         J:\6000.3.11f1\Editor\Data\NetStandard\compat\2.1.0\shims\netstandard\System.Security.Cryptography.Algorithms.dll [J:\afterimage-tokyo\afterimage-tokyo\GlassRefrain.Core.csproj]
C:\Program Files\dotnet\sdk\10.0.203\Microsoft.Common.CurrentVersion.targets(2451,5): warning MSB3277:           Project file item includes which caused reference "J:\6000.3.11f1\Editor\Data\NetStandard\compat\2.1.0\shims\netstandard\System.Security.Cryptography.Algorithms.dll". [J:\afterimage-tokyo\afterimage-tokyo\GlassRefrain.Core.csproj]
C:\Program Files\dotnet\sdk\10.0.203\Microsoft.Common.CurrentVersion.targets(2451,5): warning MSB3277:             System.Security.Cryptography.Algorithms [J:\afterimage-tokyo\afterimage-tokyo\GlassRefrain.Core.csproj]
C:\Program Files\dotnet\sdk\10.0.203\Microsoft.Common.CurrentVersion.targets(2451,5): warning MSB3277:     References which depend on or have been unified to "System.Security.Cryptography.Algorithms, Version=4.3.0.0, Culture=neutral, PublicKeyToken=b03f5f7f11d50a3a" []. [J:\afterimage-tokyo\afterimage-tokyo\GlassRefrain.Core.csproj]
C:\Program Files\dotnet\sdk\10.0.203\Microsoft.Common.CurrentVersion.targets(2451,5): warning MSB3277:         J:\afterimage-tokyo\afterimage-tokyo\Library\PackageCache\com.unity.testtools.codecoverage@19a841221620\lib\ReportGenerator\ReportGeneratorMerged.dll [J:\afterimage-tokyo\afterimage-tokyo\GlassRefrain.Core.csproj]
C:\Program Files\dotnet\sdk\10.0.203\Microsoft.Common.CurrentVersion.targets(2451,5): warning MSB3277:           Project file item includes which caused reference "J:\afterimage-tokyo\afterimage-tokyo\Library\PackageCache\com.unity.testtools.codecoverage@19a841221620\lib\ReportGenerator\ReportGeneratorMerged.dll". [J:\afterimage-tokyo\afterimage-tokyo\GlassRefrain.Core.csproj]
C:\Program Files\dotnet\sdk\10.0.203\Microsoft.Common.CurrentVersion.targets(2451,5): warning MSB3277:             ReportGeneratorMerged [J:\afterimage-tokyo\afterimage-tokyo\GlassRefrain.Core.csproj]
C:\Program Files\dotnet\sdk\10.0.203\Microsoft.Common.CurrentVersion.targets(2451,5): warning MSB3277: Found conflicts between different versions of "System.Net.Http" that could not be resolved. [J:\afterimage-tokyo\afterimage-tokyo\GlassRefrain.Targeting.csproj]
C:\Program Files\dotnet\sdk\10.0.203\Microsoft.Common.CurrentVersion.targets(2451,5): warning MSB3277: There was a conflict between "System.Net.Http, Version=4.1.2.0, Culture=neutral, PublicKeyToken=b03f5f7f11d50a3a" and "System.Net.Http, Version=4.2.0.0, Culture=neutral, PublicKeyToken=b03f5f7f11d50a3a". [J:\afterimage-tokyo\afterimage-tokyo\GlassRefrain.Targeting.csproj]
C:\Program Files\dotnet\sdk\10.0.203\Microsoft.Common.CurrentVersion.targets(2451,5): warning MSB3277:     "System.Net.Http, Version=4.1.2.0, Culture=neutral, PublicKeyToken=b03f5f7f11d50a3a" was chosen because it was primary and "System.Net.Http, Version=4.2.0.0, Culture=neutral, PublicKeyToken=b03f5f7f11d50a3a" was not. [J:\afterimage-tokyo\afterimage-tokyo\GlassRefrain.Targeting.csproj]
C:\Program Files\dotnet\sdk\10.0.203\Microsoft.Common.CurrentVersion.targets(2451,5): warning MSB3277:     References which depend on "System.Net.Http, Version=4.1.2.0, Culture=neutral, PublicKeyToken=b03f5f7f11d50a3a" [J:\6000.3.11f1\Editor\Data\NetStandard\compat\2.1.0\shims\netstandard\System.Net.Http.dll]. [J:\afterimage-tokyo\afterimage-tokyo\GlassRefrain.Targeting.csproj]
C:\Program Files\dotnet\sdk\10.0.203\Microsoft.Common.CurrentVersion.targets(2451,5): warning MSB3277:         J:\6000.3.11f1\Editor\Data\NetStandard\compat\2.1.0\shims\netstandard\System.Net.Http.dll [J:\afterimage-tokyo\afterimage-tokyo\GlassRefrain.Targeting.csproj]
C:\Program Files\dotnet\sdk\10.0.203\Microsoft.Common.CurrentVersion.targets(2451,5): warning MSB3277:           Project file item includes which caused reference "J:\6000.3.11f1\Editor\Data\NetStandard\compat\2.1.0\shims\netstandard\System.Net.Http.dll". [J:\afterimage-tokyo\afterimage-tokyo\GlassRefrain.Targeting.csproj]
C:\Program Files\dotnet\sdk\10.0.203\Microsoft.Common.CurrentVersion.targets(2451,5): warning MSB3277:             System.Net.Http [J:\afterimage-tokyo\afterimage-tokyo\GlassRefrain.Targeting.csproj]
C:\Program Files\dotnet\sdk\10.0.203\Microsoft.Common.CurrentVersion.targets(2451,5): warning MSB3277:     References which depend on or have been unified to "System.Net.Http, Version=4.2.0.0, Culture=neutral, PublicKeyToken=b03f5f7f11d50a3a" []. [J:\afterimage-tokyo\afterimage-tokyo\GlassRefrain.Targeting.csproj]
C:\Program Files\dotnet\sdk\10.0.203\Microsoft.Common.CurrentVersion.targets(2451,5): warning MSB3277:         J:\afterimage-tokyo\afterimage-tokyo\Library\PackageCache\com.unity.testtools.codecoverage@19a841221620\lib\ReportGenerator\ReportGeneratorMerged.dll [J:\afterimage-tokyo\afterimage-tokyo\GlassRefrain.Targeting.csproj]
C:\Program Files\dotnet\sdk\10.0.203\Microsoft.Common.CurrentVersion.targets(2451,5): warning MSB3277:           Project file item includes which caused reference "J:\afterimage-tokyo\afterimage-tokyo\Library\PackageCache\com.unity.testtools.codecoverage@19a841221620\lib\ReportGenerator\ReportGeneratorMerged.dll". [J:\afterimage-tokyo\afterimage-tokyo\GlassRefrain.Targeting.csproj]
C:\Program Files\dotnet\sdk\10.0.203\Microsoft.Common.CurrentVersion.targets(2451,5): warning MSB3277:             ReportGeneratorMerged [J:\afterimage-tokyo\afterimage-tokyo\GlassRefrain.Targeting.csproj]
C:\Program Files\dotnet\sdk\10.0.203\Microsoft.Common.CurrentVersion.targets(2451,5): warning MSB3277: Found conflicts between different versions of "System.Security.Cryptography.Algorithms" that could not be resolved. [J:\afterimage-tokyo\afterimage-tokyo\GlassRefrain.Targeting.csproj]
C:\Program Files\dotnet\sdk\10.0.203\Microsoft.Common.CurrentVersion.targets(2451,5): warning MSB3277: There was a conflict between "System.Security.Cryptography.Algorithms, Version=4.2.2.0, Culture=neutral, PublicKeyToken=b03f5f7f11d50a3a" and "System.Security.Cryptography.Algorithms, Version=4.3.0.0, Culture=neutral, PublicKeyToken=b03f5f7f11d50a3a". [J:\afterimage-tokyo\afterimage-tokyo\GlassRefrain.Targeting.csproj]
C:\Program Files\dotnet\sdk\10.0.203\Microsoft.Common.CurrentVersion.targets(2451,5): warning MSB3277:     "System.Security.Cryptography.Algorithms, Version=4.2.2.0, Culture=neutral, PublicKeyToken=b03f5f7f11d50a3a" was chosen because it was primary and "System.Security.Cryptography.Algorithms, Version=4.3.0.0, Culture=neutral, PublicKeyToken=b03f5f7f11d50a3a" was not. [J:\afterimage-tokyo\afterimage-tokyo\GlassRefrain.Targeting.csproj]
C:\Program Files\dotnet\sdk\10.0.203\Microsoft.Common.CurrentVersion.targets(2451,5): warning MSB3277:     References which depend on "System.Security.Cryptography.Algorithms, Version=4.2.2.0, Culture=neutral, PublicKeyToken=b03f5f7f11d50a3a" [J:\6000.3.11f1\Editor\Data\NetStandard\compat\2.1.0\shims\netstandard\System.Security.Cryptography.Algorithms.dll]. [J:\afterimage-tokyo\afterimage-tokyo\GlassRefrain.Targeting.csproj]
C:\Program Files\dotnet\sdk\10.0.203\Microsoft.Common.CurrentVersion.targets(2451,5): warning MSB3277:         J:\6000.3.11f1\Editor\Data\NetStandard\compat\2.1.0\shims\netstandard\System.Security.Cryptography.Algorithms.dll [J:\afterimage-tokyo\afterimage-tokyo\GlassRefrain.Targeting.csproj]
C:\Program Files\dotnet\sdk\10.0.203\Microsoft.Common.CurrentVersion.targets(2451,5): warning MSB3277:           Project file item includes which caused reference "J:\6000.3.11f1\Editor\Data\NetStandard\compat\2.1.0\shims\netstandard\System.Security.Cryptography.Algorithms.dll". [J:\afterimage-tokyo\afterimage-tokyo\GlassRefrain.Targeting.csproj]
C:\Program Files\dotnet\sdk\10.0.203\Microsoft.Common.CurrentVersion.targets(2451,5): warning MSB3277:             System.Security.Cryptography.Algorithms [J:\afterimage-tokyo\afterimage-tokyo\GlassRefrain.Targeting.csproj]
C:\Program Files\dotnet\sdk\10.0.203\Microsoft.Common.CurrentVersion.targets(2451,5): warning MSB3277:     References which depend on or have been unified to "System.Security.Cryptography.Algorithms, Version=4.3.0.0, Culture=neutral, PublicKeyToken=b03f5f7f11d50a3a" []. [J:\afterimage-tokyo\afterimage-tokyo\GlassRefrain.Targeting.csproj]
C:\Program Files\dotnet\sdk\10.0.203\Microsoft.Common.CurrentVersion.targets(2451,5): warning MSB3277:         J:\afterimage-tokyo\afterimage-tokyo\Library\PackageCache\com.unity.testtools.codecoverage@19a841221620\lib\ReportGenerator\ReportGeneratorMerged.dll [J:\afterimage-tokyo\afterimage-tokyo\GlassRefrain.Targeting.csproj]
C:\Program Files\dotnet\sdk\10.0.203\Microsoft.Common.CurrentVersion.targets(2451,5): warning MSB3277:           Project file item includes which caused reference "J:\afterimage-tokyo\afterimage-tokyo\Library\PackageCache\com.unity.testtools.codecoverage@19a841221620\lib\ReportGenerator\ReportGeneratorMerged.dll". [J:\afterimage-tokyo\afterimage-tokyo\GlassRefrain.Targeting.csproj]
C:\Program Files\dotnet\sdk\10.0.203\Microsoft.Common.CurrentVersion.targets(2451,5): warning MSB3277:             ReportGeneratorMerged [J:\afterimage-tokyo\afterimage-tokyo\GlassRefrain.Targeting.csproj]
C:\Program Files\dotnet\sdk\10.0.203\Microsoft.Common.CurrentVersion.targets(2451,5): warning MSB3277: Found conflicts between different versions of "System.Net.Http" that could not be resolved. [J:\afterimage-tokyo\afterimage-tokyo\GlassRefrain.Combat.csproj]
C:\Program Files\dotnet\sdk\10.0.203\Microsoft.Common.CurrentVersion.targets(2451,5): warning MSB3277: There was a conflict between "System.Net.Http, Version=4.1.2.0, Culture=neutral, PublicKeyToken=b03f5f7f11d50a3a" and "System.Net.Http, Version=4.2.0.0, Culture=neutral, PublicKeyToken=b03f5f7f11d50a3a". [J:\afterimage-tokyo\afterimage-tokyo\GlassRefrain.Combat.csproj]
C:\Program Files\dotnet\sdk\10.0.203\Microsoft.Common.CurrentVersion.targets(2451,5): warning MSB3277:     "System.Net.Http, Version=4.1.2.0, Culture=neutral, PublicKeyToken=b03f5f7f11d50a3a" was chosen because it was primary and "System.Net.Http, Version=4.2.0.0, Culture=neutral, PublicKeyToken=b03f5f7f11d50a3a" was not. [J:\afterimage-tokyo\afterimage-tokyo\GlassRefrain.Combat.csproj]
C:\Program Files\dotnet\sdk\10.0.203\Microsoft.Common.CurrentVersion.targets(2451,5): warning MSB3277:     References which depend on "System.Net.Http, Version=4.1.2.0, Culture=neutral, PublicKeyToken=b03f5f7f11d50a3a" [J:\6000.3.11f1\Editor\Data\NetStandard\compat\2.1.0\shims\netstandard\System.Net.Http.dll]. [J:\afterimage-tokyo\afterimage-tokyo\GlassRefrain.Combat.csproj]
C:\Program Files\dotnet\sdk\10.0.203\Microsoft.Common.CurrentVersion.targets(2451,5): warning MSB3277:         J:\6000.3.11f1\Editor\Data\NetStandard\compat\2.1.0\shims\netstandard\System.Net.Http.dll [J:\afterimage-tokyo\afterimage-tokyo\GlassRefrain.Combat.csproj]
C:\Program Files\dotnet\sdk\10.0.203\Microsoft.Common.CurrentVersion.targets(2451,5): warning MSB3277:           Project file item includes which caused reference "J:\6000.3.11f1\Editor\Data\NetStandard\compat\2.1.0\shims\netstandard\System.Net.Http.dll". [J:\afterimage-tokyo\afterimage-tokyo\GlassRefrain.Combat.csproj]
C:\Program Files\dotnet\sdk\10.0.203\Microsoft.Common.CurrentVersion.targets(2451,5): warning MSB3277:             System.Net.Http [J:\afterimage-tokyo\afterimage-tokyo\GlassRefrain.Combat.csproj]
C:\Program Files\dotnet\sdk\10.0.203\Microsoft.Common.CurrentVersion.targets(2451,5): warning MSB3277:     References which depend on or have been unified to "System.Net.Http, Version=4.2.0.0, Culture=neutral, PublicKeyToken=b03f5f7f11d50a3a" []. [J:\afterimage-tokyo\afterimage-tokyo\GlassRefrain.Combat.csproj]
C:\Program Files\dotnet\sdk\10.0.203\Microsoft.Common.CurrentVersion.targets(2451,5): warning MSB3277:         J:\afterimage-tokyo\afterimage-tokyo\Library\PackageCache\com.unity.testtools.codecoverage@19a841221620\lib\ReportGenerator\ReportGeneratorMerged.dll [J:\afterimage-tokyo\afterimage-tokyo\GlassRefrain.Combat.csproj]
C:\Program Files\dotnet\sdk\10.0.203\Microsoft.Common.CurrentVersion.targets(2451,5): warning MSB3277:           Project file item includes which caused reference "J:\afterimage-tokyo\afterimage-tokyo\Library\PackageCache\com.unity.testtools.codecoverage@19a841221620\lib\ReportGenerator\ReportGeneratorMerged.dll". [J:\afterimage-tokyo\afterimage-tokyo\GlassRefrain.Combat.csproj]
C:\Program Files\dotnet\sdk\10.0.203\Microsoft.Common.CurrentVersion.targets(2451,5): warning MSB3277:             ReportGeneratorMerged [J:\afterimage-tokyo\afterimage-tokyo\GlassRefrain.Combat.csproj]
C:\Program Files\dotnet\sdk\10.0.203\Microsoft.Common.CurrentVersion.targets(2451,5): warning MSB3277: Found conflicts between different versions of "System.Security.Cryptography.Algorithms" that could not be resolved. [J:\afterimage-tokyo\afterimage-tokyo\GlassRefrain.Combat.csproj]
C:\Program Files\dotnet\sdk\10.0.203\Microsoft.Common.CurrentVersion.targets(2451,5): warning MSB3277: There was a conflict between "System.Security.Cryptography.Algorithms, Version=4.2.2.0, Culture=neutral, PublicKeyToken=b03f5f7f11d50a3a" and "System.Security.Cryptography.Algorithms, Version=4.3.0.0, Culture=neutral, PublicKeyToken=b03f5f7f11d50a3a". [J:\afterimage-tokyo\afterimage-tokyo\GlassRefrain.Combat.csproj]
C:\Program Files\dotnet\sdk\10.0.203\Microsoft.Common.CurrentVersion.targets(2451,5): warning MSB3277:     "System.Security.Cryptography.Algorithms, Version=4.2.2.0, Culture=neutral, PublicKeyToken=b03f5f7f11d50a3a" was chosen because it was primary and "System.Security.Cryptography.Algorithms, Version=4.3.0.0, Culture=neutral, PublicKeyToken=b03f5f7f11d50a3a" was not. [J:\afterimage-tokyo\afterimage-tokyo\GlassRefrain.Combat.csproj]
C:\Program Files\dotnet\sdk\10.0.203\Microsoft.Common.CurrentVersion.targets(2451,5): warning MSB3277:     References which depend on "System.Security.Cryptography.Algorithms, Version=4.2.2.0, Culture=neutral, PublicKeyToken=b03f5f7f11d50a3a" [J:\6000.3.11f1\Editor\Data\NetStandard\compat\2.1.0\shims\netstandard\System.Security.Cryptography.Algorithms.dll]. [J:\afterimage-tokyo\afterimage-tokyo\GlassRefrain.Combat.csproj]
C:\Program Files\dotnet\sdk\10.0.203\Microsoft.Common.CurrentVersion.targets(2451,5): warning MSB3277:         J:\6000.3.11f1\Editor\Data\NetStandard\compat\2.1.0\shims\netstandard\System.Security.Cryptography.Algorithms.dll [J:\afterimage-tokyo\afterimage-tokyo\GlassRefrain.Combat.csproj]
C:\Program Files\dotnet\sdk\10.0.203\Microsoft.Common.CurrentVersion.targets(2451,5): warning MSB3277:           Project file item includes which caused reference "J:\6000.3.11f1\Editor\Data\NetStandard\compat\2.1.0\shims\netstandard\System.Security.Cryptography.Algorithms.dll". [J:\afterimage-tokyo\afterimage-tokyo\GlassRefrain.Combat.csproj]
C:\Program Files\dotnet\sdk\10.0.203\Microsoft.Common.CurrentVersion.targets(2451,5): warning MSB3277:             System.Security.Cryptography.Algorithms [J:\afterimage-tokyo\afterimage-tokyo\GlassRefrain.Combat.csproj]
C:\Program Files\dotnet\sdk\10.0.203\Microsoft.Common.CurrentVersion.targets(2451,5): warning MSB3277:     References which depend on or have been unified to "System.Security.Cryptography.Algorithms, Version=4.3.0.0, Culture=neutral, PublicKeyToken=b03f5f7f11d50a3a" []. [J:\afterimage-tokyo\afterimage-tokyo\GlassRefrain.Combat.csproj]
C:\Program Files\dotnet\sdk\10.0.203\Microsoft.Common.CurrentVersion.targets(2451,5): warning MSB3277:         J:\afterimage-tokyo\afterimage-tokyo\Library\PackageCache\com.unity.testtools.codecoverage@19a841221620\lib\ReportGenerator\ReportGeneratorMerged.dll [J:\afterimage-tokyo\afterimage-tokyo\GlassRefrain.Combat.csproj]
C:\Program Files\dotnet\sdk\10.0.203\Microsoft.Common.CurrentVersion.targets(2451,5): warning MSB3277:           Project file item includes which caused reference "J:\afterimage-tokyo\afterimage-tokyo\Library\PackageCache\com.unity.testtools.codecoverage@19a841221620\lib\ReportGenerator\ReportGeneratorMerged.dll". [J:\afterimage-tokyo\afterimage-tokyo\GlassRefrain.Combat.csproj]
C:\Program Files\dotnet\sdk\10.0.203\Microsoft.Common.CurrentVersion.targets(2451,5): warning MSB3277:             ReportGeneratorMerged [J:\afterimage-tokyo\afterimage-tokyo\GlassRefrain.Combat.csproj]
C:\Program Files\dotnet\sdk\10.0.203\Microsoft.Common.CurrentVersion.targets(2451,5): warning MSB3277: Found conflicts between different versions of "System.Net.Http" that could not be resolved. [J:\afterimage-tokyo\afterimage-tokyo\GlassRefrain.Locomotion.csproj]
C:\Program Files\dotnet\sdk\10.0.203\Microsoft.Common.CurrentVersion.targets(2451,5): warning MSB3277: There was a conflict between "System.Net.Http, Version=4.1.2.0, Culture=neutral, PublicKeyToken=b03f5f7f11d50a3a" and "System.Net.Http, Version=4.2.0.0, Culture=neutral, PublicKeyToken=b03f5f7f11d50a3a". [J:\afterimage-tokyo\afterimage-tokyo\GlassRefrain.Locomotion.csproj]
C:\Program Files\dotnet\sdk\10.0.203\Microsoft.Common.CurrentVersion.targets(2451,5): warning MSB3277:     "System.Net.Http, Version=4.1.2.0, Culture=neutral, PublicKeyToken=b03f5f7f11d50a3a" was chosen because it was primary and "System.Net.Http, Version=4.2.0.0, Culture=neutral, PublicKeyToken=b03f5f7f11d50a3a" was not. [J:\afterimage-tokyo\afterimage-tokyo\GlassRefrain.Locomotion.csproj]
C:\Program Files\dotnet\sdk\10.0.203\Microsoft.Common.CurrentVersion.targets(2451,5): warning MSB3277:     References which depend on "System.Net.Http, Version=4.1.2.0, Culture=neutral, PublicKeyToken=b03f5f7f11d50a3a" [J:\6000.3.11f1\Editor\Data\NetStandard\compat\2.1.0\shims\netstandard\System.Net.Http.dll]. [J:\afterimage-tokyo\afterimage-tokyo\GlassRefrain.Locomotion.csproj]
C:\Program Files\dotnet\sdk\10.0.203\Microsoft.Common.CurrentVersion.targets(2451,5): warning MSB3277:         J:\6000.3.11f1\Editor\Data\NetStandard\compat\2.1.0\shims\netstandard\System.Net.Http.dll [J:\afterimage-tokyo\afterimage-tokyo\GlassRefrain.Locomotion.csproj]
C:\Program Files\dotnet\sdk\10.0.203\Microsoft.Common.CurrentVersion.targets(2451,5): warning MSB3277:           Project file item includes which caused reference "J:\6000.3.11f1\Editor\Data\NetStandard\compat\2.1.0\shims\netstandard\System.Net.Http.dll". [J:\afterimage-tokyo\afterimage-tokyo\GlassRefrain.Locomotion.csproj]
C:\Program Files\dotnet\sdk\10.0.203\Microsoft.Common.CurrentVersion.targets(2451,5): warning MSB3277:             System.Net.Http [J:\afterimage-tokyo\afterimage-tokyo\GlassRefrain.Locomotion.csproj]
C:\Program Files\dotnet\sdk\10.0.203\Microsoft.Common.CurrentVersion.targets(2451,5): warning MSB3277:     References which depend on or have been unified to "System.Net.Http, Version=4.2.0.0, Culture=neutral, PublicKeyToken=b03f5f7f11d50a3a" []. [J:\afterimage-tokyo\afterimage-tokyo\GlassRefrain.Locomotion.csproj]
C:\Program Files\dotnet\sdk\10.0.203\Microsoft.Common.CurrentVersion.targets(2451,5): warning MSB3277:         J:\afterimage-tokyo\afterimage-tokyo\Library\PackageCache\com.unity.testtools.codecoverage@19a841221620\lib\ReportGenerator\ReportGeneratorMerged.dll [J:\afterimage-tokyo\afterimage-tokyo\GlassRefrain.Locomotion.csproj]
C:\Program Files\dotnet\sdk\10.0.203\Microsoft.Common.CurrentVersion.targets(2451,5): warning MSB3277:           Project file item includes which caused reference "J:\afterimage-tokyo\afterimage-tokyo\Library\PackageCache\com.unity.testtools.codecoverage@19a841221620\lib\ReportGenerator\ReportGeneratorMerged.dll". [J:\afterimage-tokyo\afterimage-tokyo\GlassRefrain.Locomotion.csproj]
C:\Program Files\dotnet\sdk\10.0.203\Microsoft.Common.CurrentVersion.targets(2451,5): warning MSB3277:             ReportGeneratorMerged [J:\afterimage-tokyo\afterimage-tokyo\GlassRefrain.Locomotion.csproj]
C:\Program Files\dotnet\sdk\10.0.203\Microsoft.Common.CurrentVersion.targets(2451,5): warning MSB3277: Found conflicts between different versions of "System.Security.Cryptography.Algorithms" that could not be resolved. [J:\afterimage-tokyo\afterimage-tokyo\GlassRefrain.Locomotion.csproj]
C:\Program Files\dotnet\sdk\10.0.203\Microsoft.Common.CurrentVersion.targets(2451,5): warning MSB3277: There was a conflict between "System.Security.Cryptography.Algorithms, Version=4.2.2.0, Culture=neutral, PublicKeyToken=b03f5f7f11d50a3a" and "System.Security.Cryptography.Algorithms, Version=4.3.0.0, Culture=neutral, PublicKeyToken=b03f5f7f11d50a3a". [J:\afterimage-tokyo\afterimage-tokyo\GlassRefrain.Locomotion.csproj]
C:\Program Files\dotnet\sdk\10.0.203\Microsoft.Common.CurrentVersion.targets(2451,5): warning MSB3277:     "System.Security.Cryptography.Algorithms, Version=4.2.2.0, Culture=neutral, PublicKeyToken=b03f5f7f11d50a3a" was chosen because it was primary and "System.Security.Cryptography.Algorithms, Version=4.3.0.0, Culture=neutral, PublicKeyToken=b03f5f7f11d50a3a" was not. [J:\afterimage-tokyo\afterimage-tokyo\GlassRefrain.Locomotion.csproj]
C:\Program Files\dotnet\sdk\10.0.203\Microsoft.Common.CurrentVersion.targets(2451,5): warning MSB3277:     References which depend on "System.Security.Cryptography.Algorithms, Version=4.2.2.0, Culture=neutral, PublicKeyToken=b03f5f7f11d50a3a" [J:\6000.3.11f1\Editor\Data\NetStandard\compat\2.1.0\shims\netstandard\System.Security.Cryptography.Algorithms.dll]. [J:\afterimage-tokyo\afterimage-tokyo\GlassRefrain.Locomotion.csproj]
C:\Program Files\dotnet\sdk\10.0.203\Microsoft.Common.CurrentVersion.targets(2451,5): warning MSB3277:         J:\6000.3.11f1\Editor\Data\NetStandard\compat\2.1.0\shims\netstandard\System.Security.Cryptography.Algorithms.dll [J:\afterimage-tokyo\afterimage-tokyo\GlassRefrain.Locomotion.csproj]
C:\Program Files\dotnet\sdk\10.0.203\Microsoft.Common.CurrentVersion.targets(2451,5): warning MSB3277:           Project file item includes which caused reference "J:\6000.3.11f1\Editor\Data\NetStandard\compat\2.1.0\shims\netstandard\System.Security.Cryptography.Algorithms.dll". [J:\afterimage-tokyo\afterimage-tokyo\GlassRefrain.Locomotion.csproj]
C:\Program Files\dotnet\sdk\10.0.203\Microsoft.Common.CurrentVersion.targets(2451,5): warning MSB3277:             System.Security.Cryptography.Algorithms [J:\afterimage-tokyo\afterimage-tokyo\GlassRefrain.Locomotion.csproj]
C:\Program Files\dotnet\sdk\10.0.203\Microsoft.Common.CurrentVersion.targets(2451,5): warning MSB3277:     References which depend on or have been unified to "System.Security.Cryptography.Algorithms, Version=4.3.0.0, Culture=neutral, PublicKeyToken=b03f5f7f11d50a3a" []. [J:\afterimage-tokyo\afterimage-tokyo\GlassRefrain.Locomotion.csproj]
C:\Program Files\dotnet\sdk\10.0.203\Microsoft.Common.CurrentVersion.targets(2451,5): warning MSB3277:         J:\afterimage-tokyo\afterimage-tokyo\Library\PackageCache\com.unity.testtools.codecoverage@19a841221620\lib\ReportGenerator\ReportGeneratorMerged.dll [J:\afterimage-tokyo\afterimage-tokyo\GlassRefrain.Locomotion.csproj]
C:\Program Files\dotnet\sdk\10.0.203\Microsoft.Common.CurrentVersion.targets(2451,5): warning MSB3277:           Project file item includes which caused reference "J:\afterimage-tokyo\afterimage-tokyo\Library\PackageCache\com.unity.testtools.codecoverage@19a841221620\lib\ReportGenerator\ReportGeneratorMerged.dll". [J:\afterimage-tokyo\afterimage-tokyo\GlassRefrain.Locomotion.csproj]
C:\Program Files\dotnet\sdk\10.0.203\Microsoft.Common.CurrentVersion.targets(2451,5): warning MSB3277:             ReportGeneratorMerged [J:\afterimage-tokyo\afterimage-tokyo\GlassRefrain.Locomotion.csproj]
C:\Program Files\dotnet\sdk\10.0.203\Microsoft.Common.CurrentVersion.targets(2451,5): warning MSB3277: Found conflicts between different versions of "System.Net.Http" that could not be resolved. [J:\afterimage-tokyo\afterimage-tokyo\GlassRefrain.DebugOverlay.csproj]
C:\Program Files\dotnet\sdk\10.0.203\Microsoft.Common.CurrentVersion.targets(2451,5): warning MSB3277: There was a conflict between "System.Net.Http, Version=4.1.2.0, Culture=neutral, PublicKeyToken=b03f5f7f11d50a3a" and "System.Net.Http, Version=4.2.0.0, Culture=neutral, PublicKeyToken=b03f5f7f11d50a3a". [J:\afterimage-tokyo\afterimage-tokyo\GlassRefrain.DebugOverlay.csproj]
C:\Program Files\dotnet\sdk\10.0.203\Microsoft.Common.CurrentVersion.targets(2451,5): warning MSB3277:     "System.Net.Http, Version=4.1.2.0, Culture=neutral, PublicKeyToken=b03f5f7f11d50a3a" was chosen because it was primary and "System.Net.Http, Version=4.2.0.0, Culture=neutral, PublicKeyToken=b03f5f7f11d50a3a" was not. [J:\afterimage-tokyo\afterimage-tokyo\GlassRefrain.DebugOverlay.csproj]
C:\Program Files\dotnet\sdk\10.0.203\Microsoft.Common.CurrentVersion.targets(2451,5): warning MSB3277:     References which depend on "System.Net.Http, Version=4.1.2.0, Culture=neutral, PublicKeyToken=b03f5f7f11d50a3a" [J:\6000.3.11f1\Editor\Data\NetStandard\compat\2.1.0\shims\netstandard\System.Net.Http.dll]. [J:\afterimage-tokyo\afterimage-tokyo\GlassRefrain.DebugOverlay.csproj]
C:\Program Files\dotnet\sdk\10.0.203\Microsoft.Common.CurrentVersion.targets(2451,5): warning MSB3277:         J:\6000.3.11f1\Editor\Data\NetStandard\compat\2.1.0\shims\netstandard\System.Net.Http.dll [J:\afterimage-tokyo\afterimage-tokyo\GlassRefrain.DebugOverlay.csproj]
C:\Program Files\dotnet\sdk\10.0.203\Microsoft.Common.CurrentVersion.targets(2451,5): warning MSB3277:           Project file item includes which caused reference "J:\6000.3.11f1\Editor\Data\NetStandard\compat\2.1.0\shims\netstandard\System.Net.Http.dll". [J:\afterimage-tokyo\afterimage-tokyo\GlassRefrain.DebugOverlay.csproj]
C:\Program Files\dotnet\sdk\10.0.203\Microsoft.Common.CurrentVersion.targets(2451,5): warning MSB3277:             System.Net.Http [J:\afterimage-tokyo\afterimage-tokyo\GlassRefrain.DebugOverlay.csproj]
C:\Program Files\dotnet\sdk\10.0.203\Microsoft.Common.CurrentVersion.targets(2451,5): warning MSB3277:     References which depend on or have been unified to "System.Net.Http, Version=4.2.0.0, Culture=neutral, PublicKeyToken=b03f5f7f11d50a3a" []. [J:\afterimage-tokyo\afterimage-tokyo\GlassRefrain.DebugOverlay.csproj]
C:\Program Files\dotnet\sdk\10.0.203\Microsoft.Common.CurrentVersion.targets(2451,5): warning MSB3277:         J:\afterimage-tokyo\afterimage-tokyo\Library\PackageCache\com.unity.testtools.codecoverage@19a841221620\lib\ReportGenerator\ReportGeneratorMerged.dll [J:\afterimage-tokyo\afterimage-tokyo\GlassRefrain.DebugOverlay.csproj]
C:\Program Files\dotnet\sdk\10.0.203\Microsoft.Common.CurrentVersion.targets(2451,5): warning MSB3277:           Project file item includes which caused reference "J:\afterimage-tokyo\afterimage-tokyo\Library\PackageCache\com.unity.testtools.codecoverage@19a841221620\lib\ReportGenerator\ReportGeneratorMerged.dll". [J:\afterimage-tokyo\afterimage-tokyo\GlassRefrain.DebugOverlay.csproj]
C:\Program Files\dotnet\sdk\10.0.203\Microsoft.Common.CurrentVersion.targets(2451,5): warning MSB3277:             ReportGeneratorMerged [J:\afterimage-tokyo\afterimage-tokyo\GlassRefrain.DebugOverlay.csproj]
C:\Program Files\dotnet\sdk\10.0.203\Microsoft.Common.CurrentVersion.targets(2451,5): warning MSB3277: Found conflicts between different versions of "System.Security.Cryptography.Algorithms" that could not be resolved. [J:\afterimage-tokyo\afterimage-tokyo\GlassRefrain.DebugOverlay.csproj]
C:\Program Files\dotnet\sdk\10.0.203\Microsoft.Common.CurrentVersion.targets(2451,5): warning MSB3277: There was a conflict between "System.Security.Cryptography.Algorithms, Version=4.2.2.0, Culture=neutral, PublicKeyToken=b03f5f7f11d50a3a" and "System.Security.Cryptography.Algorithms, Version=4.3.0.0, Culture=neutral, PublicKeyToken=b03f5f7f11d50a3a". [J:\afterimage-tokyo\afterimage-tokyo\GlassRefrain.DebugOverlay.csproj]
C:\Program Files\dotnet\sdk\10.0.203\Microsoft.Common.CurrentVersion.targets(2451,5): warning MSB3277:     "System.Security.Cryptography.Algorithms, Version=4.2.2.0, Culture=neutral, PublicKeyToken=b03f5f7f11d50a3a" was chosen because it was primary and "System.Security.Cryptography.Algorithms, Version=4.3.0.0, Culture=neutral, PublicKeyToken=b03f5f7f11d50a3a" was not. [J:\afterimage-tokyo\afterimage-tokyo\GlassRefrain.DebugOverlay.csproj]
C:\Program Files\dotnet\sdk\10.0.203\Microsoft.Common.CurrentVersion.targets(2451,5): warning MSB3277:     References which depend on "System.Security.Cryptography.Algorithms, Version=4.2.2.0, Culture=neutral, PublicKeyToken=b03f5f7f11d50a3a" [J:\6000.3.11f1\Editor\Data\NetStandard\compat\2.1.0\shims\netstandard\System.Security.Cryptography.Algorithms.dll]. [J:\afterimage-tokyo\afterimage-tokyo\GlassRefrain.DebugOverlay.csproj]
C:\Program Files\dotnet\sdk\10.0.203\Microsoft.Common.CurrentVersion.targets(2451,5): warning MSB3277:         J:\6000.3.11f1\Editor\Data\NetStandard\compat\2.1.0\shims\netstandard\System.Security.Cryptography.Algorithms.dll [J:\afterimage-tokyo\afterimage-tokyo\GlassRefrain.DebugOverlay.csproj]
C:\Program Files\dotnet\sdk\10.0.203\Microsoft.Common.CurrentVersion.targets(2451,5): warning MSB3277:           Project file item includes which caused reference "J:\6000.3.11f1\Editor\Data\NetStandard\compat\2.1.0\shims\netstandard\System.Security.Cryptography.Algorithms.dll". [J:\afterimage-tokyo\afterimage-tokyo\GlassRefrain.DebugOverlay.csproj]
C:\Program Files\dotnet\sdk\10.0.203\Microsoft.Common.CurrentVersion.targets(2451,5): warning MSB3277:             System.Security.Cryptography.Algorithms [J:\afterimage-tokyo\afterimage-tokyo\GlassRefrain.DebugOverlay.csproj]
C:\Program Files\dotnet\sdk\10.0.203\Microsoft.Common.CurrentVersion.targets(2451,5): warning MSB3277:     References which depend on or have been unified to "System.Security.Cryptography.Algorithms, Version=4.3.0.0, Culture=neutral, PublicKeyToken=b03f5f7f11d50a3a" []. [J:\afterimage-tokyo\afterimage-tokyo\GlassRefrain.DebugOverlay.csproj]
C:\Program Files\dotnet\sdk\10.0.203\Microsoft.Common.CurrentVersion.targets(2451,5): warning MSB3277:         J:\afterimage-tokyo\afterimage-tokyo\Library\PackageCache\com.unity.testtools.codecoverage@19a841221620\lib\ReportGenerator\ReportGeneratorMerged.dll [J:\afterimage-tokyo\afterimage-tokyo\GlassRefrain.DebugOverlay.csproj]
C:\Program Files\dotnet\sdk\10.0.203\Microsoft.Common.CurrentVersion.targets(2451,5): warning MSB3277:           Project file item includes which caused reference "J:\afterimage-tokyo\afterimage-tokyo\Library\PackageCache\com.unity.testtools.codecoverage@19a841221620\lib\ReportGenerator\ReportGeneratorMerged.dll". [J:\afterimage-tokyo\afterimage-tokyo\GlassRefrain.DebugOverlay.csproj]
C:\Program Files\dotnet\sdk\10.0.203\Microsoft.Common.CurrentVersion.targets(2451,5): warning MSB3277:             ReportGeneratorMerged [J:\afterimage-tokyo\afterimage-tokyo\GlassRefrain.DebugOverlay.csproj]
C:\Program Files\dotnet\sdk\10.0.203\Microsoft.Common.CurrentVersion.targets(2451,5): warning MSB3277: Found conflicts between different versions of "System.Net.Http" that could not be resolved. [J:\afterimage-tokyo\afterimage-tokyo\GlassRefrain.Encounter.csproj]
C:\Program Files\dotnet\sdk\10.0.203\Microsoft.Common.CurrentVersion.targets(2451,5): warning MSB3277: There was a conflict between "System.Net.Http, Version=4.1.2.0, Culture=neutral, PublicKeyToken=b03f5f7f11d50a3a" and "System.Net.Http, Version=4.2.0.0, Culture=neutral, PublicKeyToken=b03f5f7f11d50a3a". [J:\afterimage-tokyo\afterimage-tokyo\GlassRefrain.Encounter.csproj]
C:\Program Files\dotnet\sdk\10.0.203\Microsoft.Common.CurrentVersion.targets(2451,5): warning MSB3277:     "System.Net.Http, Version=4.1.2.0, Culture=neutral, PublicKeyToken=b03f5f7f11d50a3a" was chosen because it was primary and "System.Net.Http, Version=4.2.0.0, Culture=neutral, PublicKeyToken=b03f5f7f11d50a3a" was not. [J:\afterimage-tokyo\afterimage-tokyo\GlassRefrain.Encounter.csproj]
C:\Program Files\dotnet\sdk\10.0.203\Microsoft.Common.CurrentVersion.targets(2451,5): warning MSB3277:     References which depend on "System.Net.Http, Version=4.1.2.0, Culture=neutral, PublicKeyToken=b03f5f7f11d50a3a" [J:\6000.3.11f1\Editor\Data\NetStandard\compat\2.1.0\shims\netstandard\System.Net.Http.dll]. [J:\afterimage-tokyo\afterimage-tokyo\GlassRefrain.Encounter.csproj]
C:\Program Files\dotnet\sdk\10.0.203\Microsoft.Common.CurrentVersion.targets(2451,5): warning MSB3277:         J:\6000.3.11f1\Editor\Data\NetStandard\compat\2.1.0\shims\netstandard\System.Net.Http.dll [J:\afterimage-tokyo\afterimage-tokyo\GlassRefrain.Encounter.csproj]
C:\Program Files\dotnet\sdk\10.0.203\Microsoft.Common.CurrentVersion.targets(2451,5): warning MSB3277:           Project file item includes which caused reference "J:\6000.3.11f1\Editor\Data\NetStandard\compat\2.1.0\shims\netstandard\System.Net.Http.dll". [J:\afterimage-tokyo\afterimage-tokyo\GlassRefrain.Encounter.csproj]
C:\Program Files\dotnet\sdk\10.0.203\Microsoft.Common.CurrentVersion.targets(2451,5): warning MSB3277:             System.Net.Http [J:\afterimage-tokyo\afterimage-tokyo\GlassRefrain.Encounter.csproj]
C:\Program Files\dotnet\sdk\10.0.203\Microsoft.Common.CurrentVersion.targets(2451,5): warning MSB3277:     References which depend on or have been unified to "System.Net.Http, Version=4.2.0.0, Culture=neutral, PublicKeyToken=b03f5f7f11d50a3a" []. [J:\afterimage-tokyo\afterimage-tokyo\GlassRefrain.Encounter.csproj]
C:\Program Files\dotnet\sdk\10.0.203\Microsoft.Common.CurrentVersion.targets(2451,5): warning MSB3277:         J:\afterimage-tokyo\afterimage-tokyo\Library\PackageCache\com.unity.testtools.codecoverage@19a841221620\lib\ReportGenerator\ReportGeneratorMerged.dll [J:\afterimage-tokyo\afterimage-tokyo\GlassRefrain.Encounter.csproj]
C:\Program Files\dotnet\sdk\10.0.203\Microsoft.Common.CurrentVersion.targets(2451,5): warning MSB3277:           Project file item includes which caused reference "J:\afterimage-tokyo\afterimage-tokyo\Library\PackageCache\com.unity.testtools.codecoverage@19a841221620\lib\ReportGenerator\ReportGeneratorMerged.dll". [J:\afterimage-tokyo\afterimage-tokyo\GlassRefrain.Encounter.csproj]
C:\Program Files\dotnet\sdk\10.0.203\Microsoft.Common.CurrentVersion.targets(2451,5): warning MSB3277:             ReportGeneratorMerged [J:\afterimage-tokyo\afterimage-tokyo\GlassRefrain.Encounter.csproj]
C:\Program Files\dotnet\sdk\10.0.203\Microsoft.Common.CurrentVersion.targets(2451,5): warning MSB3277: Found conflicts between different versions of "System.Security.Cryptography.Algorithms" that could not be resolved. [J:\afterimage-tokyo\afterimage-tokyo\GlassRefrain.Encounter.csproj]
C:\Program Files\dotnet\sdk\10.0.203\Microsoft.Common.CurrentVersion.targets(2451,5): warning MSB3277: There was a conflict between "System.Security.Cryptography.Algorithms, Version=4.2.2.0, Culture=neutral, PublicKeyToken=b03f5f7f11d50a3a" and "System.Security.Cryptography.Algorithms, Version=4.3.0.0, Culture=neutral, PublicKeyToken=b03f5f7f11d50a3a". [J:\afterimage-tokyo\afterimage-tokyo\GlassRefrain.Encounter.csproj]
C:\Program Files\dotnet\sdk\10.0.203\Microsoft.Common.CurrentVersion.targets(2451,5): warning MSB3277:     "System.Security.Cryptography.Algorithms, Version=4.2.2.0, Culture=neutral, PublicKeyToken=b03f5f7f11d50a3a" was chosen because it was primary and "System.Security.Cryptography.Algorithms, Version=4.3.0.0, Culture=neutral, PublicKeyToken=b03f5f7f11d50a3a" was not. [J:\afterimage-tokyo\afterimage-tokyo\GlassRefrain.Encounter.csproj]
C:\Program Files\dotnet\sdk\10.0.203\Microsoft.Common.CurrentVersion.targets(2451,5): warning MSB3277:     References which depend on "System.Security.Cryptography.Algorithms, Version=4.2.2.0, Culture=neutral, PublicKeyToken=b03f5f7f11d50a3a" [J:\6000.3.11f1\Editor\Data\NetStandard\compat\2.1.0\shims\netstandard\System.Security.Cryptography.Algorithms.dll]. [J:\afterimage-tokyo\afterimage-tokyo\GlassRefrain.Encounter.csproj]
C:\Program Files\dotnet\sdk\10.0.203\Microsoft.Common.CurrentVersion.targets(2451,5): warning MSB3277:         J:\6000.3.11f1\Editor\Data\NetStandard\compat\2.1.0\shims\netstandard\System.Security.Cryptography.Algorithms.dll [J:\afterimage-tokyo\afterimage-tokyo\GlassRefrain.Encounter.csproj]
C:\Program Files\dotnet\sdk\10.0.203\Microsoft.Common.CurrentVersion.targets(2451,5): warning MSB3277:           Project file item includes which caused reference "J:\6000.3.11f1\Editor\Data\NetStandard\compat\2.1.0\shims\netstandard\System.Security.Cryptography.Algorithms.dll". [J:\afterimage-tokyo\afterimage-tokyo\GlassRefrain.Encounter.csproj]
C:\Program Files\dotnet\sdk\10.0.203\Microsoft.Common.CurrentVersion.targets(2451,5): warning MSB3277:             System.Security.Cryptography.Algorithms [J:\afterimage-tokyo\afterimage-tokyo\GlassRefrain.Encounter.csproj]
C:\Program Files\dotnet\sdk\10.0.203\Microsoft.Common.CurrentVersion.targets(2451,5): warning MSB3277:     References which depend on or have been unified to "System.Security.Cryptography.Algorithms, Version=4.3.0.0, Culture=neutral, PublicKeyToken=b03f5f7f11d50a3a" []. [J:\afterimage-tokyo\afterimage-tokyo\GlassRefrain.Encounter.csproj]
C:\Program Files\dotnet\sdk\10.0.203\Microsoft.Common.CurrentVersion.targets(2451,5): warning MSB3277:         J:\afterimage-tokyo\afterimage-tokyo\Library\PackageCache\com.unity.testtools.codecoverage@19a841221620\lib\ReportGenerator\ReportGeneratorMerged.dll [J:\afterimage-tokyo\afterimage-tokyo\GlassRefrain.Encounter.csproj]
C:\Program Files\dotnet\sdk\10.0.203\Microsoft.Common.CurrentVersion.targets(2451,5): warning MSB3277:           Project file item includes which caused reference "J:\afterimage-tokyo\afterimage-tokyo\Library\PackageCache\com.unity.testtools.codecoverage@19a841221620\lib\ReportGenerator\ReportGeneratorMerged.dll". [J:\afterimage-tokyo\afterimage-tokyo\GlassRefrain.Encounter.csproj]
C:\Program Files\dotnet\sdk\10.0.203\Microsoft.Common.CurrentVersion.targets(2451,5): warning MSB3277:             ReportGeneratorMerged [J:\afterimage-tokyo\afterimage-tokyo\GlassRefrain.Encounter.csproj]
C:\Program Files\dotnet\sdk\10.0.203\Microsoft.Common.CurrentVersion.targets(2451,5): warning MSB3277: Found conflicts between different versions of "System.Net.Http" that could not be resolved. [J:\afterimage-tokyo\afterimage-tokyo\GlassRefrain.Memory.csproj]
C:\Program Files\dotnet\sdk\10.0.203\Microsoft.Common.CurrentVersion.targets(2451,5): warning MSB3277: There was a conflict between "System.Net.Http, Version=4.1.2.0, Culture=neutral, PublicKeyToken=b03f5f7f11d50a3a" and "System.Net.Http, Version=4.2.0.0, Culture=neutral, PublicKeyToken=b03f5f7f11d50a3a". [J:\afterimage-tokyo\afterimage-tokyo\GlassRefrain.Memory.csproj]
C:\Program Files\dotnet\sdk\10.0.203\Microsoft.Common.CurrentVersion.targets(2451,5): warning MSB3277:     "System.Net.Http, Version=4.1.2.0, Culture=neutral, PublicKeyToken=b03f5f7f11d50a3a" was chosen because it was primary and "System.Net.Http, Version=4.2.0.0, Culture=neutral, PublicKeyToken=b03f5f7f11d50a3a" was not. [J:\afterimage-tokyo\afterimage-tokyo\GlassRefrain.Memory.csproj]
C:\Program Files\dotnet\sdk\10.0.203\Microsoft.Common.CurrentVersion.targets(2451,5): warning MSB3277:     References which depend on "System.Net.Http, Version=4.1.2.0, Culture=neutral, PublicKeyToken=b03f5f7f11d50a3a" [J:\6000.3.11f1\Editor\Data\NetStandard\compat\2.1.0\shims\netstandard\System.Net.Http.dll]. [J:\afterimage-tokyo\afterimage-tokyo\GlassRefrain.Memory.csproj]
C:\Program Files\dotnet\sdk\10.0.203\Microsoft.Common.CurrentVersion.targets(2451,5): warning MSB3277:         J:\6000.3.11f1\Editor\Data\NetStandard\compat\2.1.0\shims\netstandard\System.Net.Http.dll [J:\afterimage-tokyo\afterimage-tokyo\GlassRefrain.Memory.csproj]
C:\Program Files\dotnet\sdk\10.0.203\Microsoft.Common.CurrentVersion.targets(2451,5): warning MSB3277:           Project file item includes which caused reference "J:\6000.3.11f1\Editor\Data\NetStandard\compat\2.1.0\shims\netstandard\System.Net.Http.dll". [J:\afterimage-tokyo\afterimage-tokyo\GlassRefrain.Memory.csproj]
C:\Program Files\dotnet\sdk\10.0.203\Microsoft.Common.CurrentVersion.targets(2451,5): warning MSB3277:             System.Net.Http [J:\afterimage-tokyo\afterimage-tokyo\GlassRefrain.Memory.csproj]
C:\Program Files\dotnet\sdk\10.0.203\Microsoft.Common.CurrentVersion.targets(2451,5): warning MSB3277:     References which depend on or have been unified to "System.Net.Http, Version=4.2.0.0, Culture=neutral, PublicKeyToken=b03f5f7f11d50a3a" []. [J:\afterimage-tokyo\afterimage-tokyo\GlassRefrain.Memory.csproj]
C:\Program Files\dotnet\sdk\10.0.203\Microsoft.Common.CurrentVersion.targets(2451,5): warning MSB3277:         J:\afterimage-tokyo\afterimage-tokyo\Library\PackageCache\com.unity.testtools.codecoverage@19a841221620\lib\ReportGenerator\ReportGeneratorMerged.dll [J:\afterimage-tokyo\afterimage-tokyo\GlassRefrain.Memory.csproj]
C:\Program Files\dotnet\sdk\10.0.203\Microsoft.Common.CurrentVersion.targets(2451,5): warning MSB3277:           Project file item includes which caused reference "J:\afterimage-tokyo\afterimage-tokyo\Library\PackageCache\com.unity.testtools.codecoverage@19a841221620\lib\ReportGenerator\ReportGeneratorMerged.dll". [J:\afterimage-tokyo\afterimage-tokyo\GlassRefrain.Memory.csproj]
C:\Program Files\dotnet\sdk\10.0.203\Microsoft.Common.CurrentVersion.targets(2451,5): warning MSB3277:             ReportGeneratorMerged [J:\afterimage-tokyo\afterimage-tokyo\GlassRefrain.Memory.csproj]
C:\Program Files\dotnet\sdk\10.0.203\Microsoft.Common.CurrentVersion.targets(2451,5): warning MSB3277: Found conflicts between different versions of "System.Security.Cryptography.Algorithms" that could not be resolved. [J:\afterimage-tokyo\afterimage-tokyo\GlassRefrain.Memory.csproj]
C:\Program Files\dotnet\sdk\10.0.203\Microsoft.Common.CurrentVersion.targets(2451,5): warning MSB3277: There was a conflict between "System.Security.Cryptography.Algorithms, Version=4.2.2.0, Culture=neutral, PublicKeyToken=b03f5f7f11d50a3a" and "System.Security.Cryptography.Algorithms, Version=4.3.0.0, Culture=neutral, PublicKeyToken=b03f5f7f11d50a3a". [J:\afterimage-tokyo\afterimage-tokyo\GlassRefrain.Memory.csproj]
C:\Program Files\dotnet\sdk\10.0.203\Microsoft.Common.CurrentVersion.targets(2451,5): warning MSB3277:     "System.Security.Cryptography.Algorithms, Version=4.2.2.0, Culture=neutral, PublicKeyToken=b03f5f7f11d50a3a" was chosen because it was primary and "System.Security.Cryptography.Algorithms, Version=4.3.0.0, Culture=neutral, PublicKeyToken=b03f5f7f11d50a3a" was not. [J:\afterimage-tokyo\afterimage-tokyo\GlassRefrain.Memory.csproj]
C:\Program Files\dotnet\sdk\10.0.203\Microsoft.Common.CurrentVersion.targets(2451,5): warning MSB3277:     References which depend on "System.Security.Cryptography.Algorithms, Version=4.2.2.0, Culture=neutral, PublicKeyToken=b03f5f7f11d50a3a" [J:\6000.3.11f1\Editor\Data\NetStandard\compat\2.1.0\shims\netstandard\System.Security.Cryptography.Algorithms.dll]. [J:\afterimage-tokyo\afterimage-tokyo\GlassRefrain.Memory.csproj]
C:\Program Files\dotnet\sdk\10.0.203\Microsoft.Common.CurrentVersion.targets(2451,5): warning MSB3277:         J:\6000.3.11f1\Editor\Data\NetStandard\compat\2.1.0\shims\netstandard\System.Security.Cryptography.Algorithms.dll [J:\afterimage-tokyo\afterimage-tokyo\GlassRefrain.Memory.csproj]
C:\Program Files\dotnet\sdk\10.0.203\Microsoft.Common.CurrentVersion.targets(2451,5): warning MSB3277:           Project file item includes which caused reference "J:\6000.3.11f1\Editor\Data\NetStandard\compat\2.1.0\shims\netstandard\System.Security.Cryptography.Algorithms.dll". [J:\afterimage-tokyo\afterimage-tokyo\GlassRefrain.Memory.csproj]
C:\Program Files\dotnet\sdk\10.0.203\Microsoft.Common.CurrentVersion.targets(2451,5): warning MSB3277:             System.Security.Cryptography.Algorithms [J:\afterimage-tokyo\afterimage-tokyo\GlassRefrain.Memory.csproj]
C:\Program Files\dotnet\sdk\10.0.203\Microsoft.Common.CurrentVersion.targets(2451,5): warning MSB3277:     References which depend on or have been unified to "System.Security.Cryptography.Algorithms, Version=4.3.0.0, Culture=neutral, PublicKeyToken=b03f5f7f11d50a3a" []. [J:\afterimage-tokyo\afterimage-tokyo\GlassRefrain.Memory.csproj]
C:\Program Files\dotnet\sdk\10.0.203\Microsoft.Common.CurrentVersion.targets(2451,5): warning MSB3277:         J:\afterimage-tokyo\afterimage-tokyo\Library\PackageCache\com.unity.testtools.codecoverage@19a841221620\lib\ReportGenerator\ReportGeneratorMerged.dll [J:\afterimage-tokyo\afterimage-tokyo\GlassRefrain.Memory.csproj]
C:\Program Files\dotnet\sdk\10.0.203\Microsoft.Common.CurrentVersion.targets(2451,5): warning MSB3277:           Project file item includes which caused reference "J:\afterimage-tokyo\afterimage-tokyo\Library\PackageCache\com.unity.testtools.codecoverage@19a841221620\lib\ReportGenerator\ReportGeneratorMerged.dll". [J:\afterimage-tokyo\afterimage-tokyo\GlassRefrain.Memory.csproj]
C:\Program Files\dotnet\sdk\10.0.203\Microsoft.Common.CurrentVersion.targets(2451,5): warning MSB3277:             ReportGeneratorMerged [J:\afterimage-tokyo\afterimage-tokyo\GlassRefrain.Memory.csproj]
C:\Program Files\dotnet\sdk\10.0.203\Microsoft.Common.CurrentVersion.targets(2451,5): warning MSB3277: Found conflicts between different versions of "System.Net.Http" that could not be resolved. [J:\afterimage-tokyo\afterimage-tokyo\GlassRefrain.Camera.csproj]
C:\Program Files\dotnet\sdk\10.0.203\Microsoft.Common.CurrentVersion.targets(2451,5): warning MSB3277: There was a conflict between "System.Net.Http, Version=4.1.2.0, Culture=neutral, PublicKeyToken=b03f5f7f11d50a3a" and "System.Net.Http, Version=4.2.0.0, Culture=neutral, PublicKeyToken=b03f5f7f11d50a3a". [J:\afterimage-tokyo\afterimage-tokyo\GlassRefrain.Camera.csproj]
C:\Program Files\dotnet\sdk\10.0.203\Microsoft.Common.CurrentVersion.targets(2451,5): warning MSB3277:     "System.Net.Http, Version=4.1.2.0, Culture=neutral, PublicKeyToken=b03f5f7f11d50a3a" was chosen because it was primary and "System.Net.Http, Version=4.2.0.0, Culture=neutral, PublicKeyToken=b03f5f7f11d50a3a" was not. [J:\afterimage-tokyo\afterimage-tokyo\GlassRefrain.Camera.csproj]
C:\Program Files\dotnet\sdk\10.0.203\Microsoft.Common.CurrentVersion.targets(2451,5): warning MSB3277:     References which depend on "System.Net.Http, Version=4.1.2.0, Culture=neutral, PublicKeyToken=b03f5f7f11d50a3a" [J:\6000.3.11f1\Editor\Data\NetStandard\compat\2.1.0\shims\netstandard\System.Net.Http.dll]. [J:\afterimage-tokyo\afterimage-tokyo\GlassRefrain.Camera.csproj]
C:\Program Files\dotnet\sdk\10.0.203\Microsoft.Common.CurrentVersion.targets(2451,5): warning MSB3277:         J:\6000.3.11f1\Editor\Data\NetStandard\compat\2.1.0\shims\netstandard\System.Net.Http.dll [J:\afterimage-tokyo\afterimage-tokyo\GlassRefrain.Camera.csproj]
C:\Program Files\dotnet\sdk\10.0.203\Microsoft.Common.CurrentVersion.targets(2451,5): warning MSB3277:           Project file item includes which caused reference "J:\6000.3.11f1\Editor\Data\NetStandard\compat\2.1.0\shims\netstandard\System.Net.Http.dll". [J:\afterimage-tokyo\afterimage-tokyo\GlassRefrain.Camera.csproj]
C:\Program Files\dotnet\sdk\10.0.203\Microsoft.Common.CurrentVersion.targets(2451,5): warning MSB3277:             System.Net.Http [J:\afterimage-tokyo\afterimage-tokyo\GlassRefrain.Camera.csproj]
C:\Program Files\dotnet\sdk\10.0.203\Microsoft.Common.CurrentVersion.targets(2451,5): warning MSB3277:     References which depend on or have been unified to "System.Net.Http, Version=4.2.0.0, Culture=neutral, PublicKeyToken=b03f5f7f11d50a3a" []. [J:\afterimage-tokyo\afterimage-tokyo\GlassRefrain.Camera.csproj]
C:\Program Files\dotnet\sdk\10.0.203\Microsoft.Common.CurrentVersion.targets(2451,5): warning MSB3277:         J:\afterimage-tokyo\afterimage-tokyo\Library\PackageCache\com.unity.testtools.codecoverage@19a841221620\lib\ReportGenerator\ReportGeneratorMerged.dll [J:\afterimage-tokyo\afterimage-tokyo\GlassRefrain.Camera.csproj]
C:\Program Files\dotnet\sdk\10.0.203\Microsoft.Common.CurrentVersion.targets(2451,5): warning MSB3277:           Project file item includes which caused reference "J:\afterimage-tokyo\afterimage-tokyo\Library\PackageCache\com.unity.testtools.codecoverage@19a841221620\lib\ReportGenerator\ReportGeneratorMerged.dll". [J:\afterimage-tokyo\afterimage-tokyo\GlassRefrain.Camera.csproj]
C:\Program Files\dotnet\sdk\10.0.203\Microsoft.Common.CurrentVersion.targets(2451,5): warning MSB3277:             ReportGeneratorMerged [J:\afterimage-tokyo\afterimage-tokyo\GlassRefrain.Camera.csproj]
C:\Program Files\dotnet\sdk\10.0.203\Microsoft.Common.CurrentVersion.targets(2451,5): warning MSB3277: Found conflicts between different versions of "System.Security.Cryptography.Algorithms" that could not be resolved. [J:\afterimage-tokyo\afterimage-tokyo\GlassRefrain.Camera.csproj]
C:\Program Files\dotnet\sdk\10.0.203\Microsoft.Common.CurrentVersion.targets(2451,5): warning MSB3277: There was a conflict between "System.Security.Cryptography.Algorithms, Version=4.2.2.0, Culture=neutral, PublicKeyToken=b03f5f7f11d50a3a" and "System.Security.Cryptography.Algorithms, Version=4.3.0.0, Culture=neutral, PublicKeyToken=b03f5f7f11d50a3a". [J:\afterimage-tokyo\afterimage-tokyo\GlassRefrain.Camera.csproj]
C:\Program Files\dotnet\sdk\10.0.203\Microsoft.Common.CurrentVersion.targets(2451,5): warning MSB3277:     "System.Security.Cryptography.Algorithms, Version=4.2.2.0, Culture=neutral, PublicKeyToken=b03f5f7f11d50a3a" was chosen because it was primary and "System.Security.Cryptography.Algorithms, Version=4.3.0.0, Culture=neutral, PublicKeyToken=b03f5f7f11d50a3a" was not. [J:\afterimage-tokyo\afterimage-tokyo\GlassRefrain.Camera.csproj]
C:\Program Files\dotnet\sdk\10.0.203\Microsoft.Common.CurrentVersion.targets(2451,5): warning MSB3277:     References which depend on "System.Security.Cryptography.Algorithms, Version=4.2.2.0, Culture=neutral, PublicKeyToken=b03f5f7f11d50a3a" [J:\6000.3.11f1\Editor\Data\NetStandard\compat\2.1.0\shims\netstandard\System.Security.Cryptography.Algorithms.dll]. [J:\afterimage-tokyo\afterimage-tokyo\GlassRefrain.Camera.csproj]
C:\Program Files\dotnet\sdk\10.0.203\Microsoft.Common.CurrentVersion.targets(2451,5): warning MSB3277:         J:\6000.3.11f1\Editor\Data\NetStandard\compat\2.1.0\shims\netstandard\System.Security.Cryptography.Algorithms.dll [J:\afterimage-tokyo\afterimage-tokyo\GlassRefrain.Camera.csproj]
C:\Program Files\dotnet\sdk\10.0.203\Microsoft.Common.CurrentVersion.targets(2451,5): warning MSB3277:           Project file item includes which caused reference "J:\6000.3.11f1\Editor\Data\NetStandard\compat\2.1.0\shims\netstandard\System.Security.Cryptography.Algorithms.dll". [J:\afterimage-tokyo\afterimage-tokyo\GlassRefrain.Camera.csproj]
C:\Program Files\dotnet\sdk\10.0.203\Microsoft.Common.CurrentVersion.targets(2451,5): warning MSB3277:             System.Security.Cryptography.Algorithms [J:\afterimage-tokyo\afterimage-tokyo\GlassRefrain.Camera.csproj]
C:\Program Files\dotnet\sdk\10.0.203\Microsoft.Common.CurrentVersion.targets(2451,5): warning MSB3277:     References which depend on or have been unified to "System.Security.Cryptography.Algorithms, Version=4.3.0.0, Culture=neutral, PublicKeyToken=b03f5f7f11d50a3a" []. [J:\afterimage-tokyo\afterimage-tokyo\GlassRefrain.Camera.csproj]
C:\Program Files\dotnet\sdk\10.0.203\Microsoft.Common.CurrentVersion.targets(2451,5): warning MSB3277:         J:\afterimage-tokyo\afterimage-tokyo\Library\PackageCache\com.unity.testtools.codecoverage@19a841221620\lib\ReportGenerator\ReportGeneratorMerged.dll [J:\afterimage-tokyo\afterimage-tokyo\GlassRefrain.Camera.csproj]
C:\Program Files\dotnet\sdk\10.0.203\Microsoft.Common.CurrentVersion.targets(2451,5): warning MSB3277:           Project file item includes which caused reference "J:\afterimage-tokyo\afterimage-tokyo\Library\PackageCache\com.unity.testtools.codecoverage@19a841221620\lib\ReportGenerator\ReportGeneratorMerged.dll". [J:\afterimage-tokyo\afterimage-tokyo\GlassRefrain.Camera.csproj]
C:\Program Files\dotnet\sdk\10.0.203\Microsoft.Common.CurrentVersion.targets(2451,5): warning MSB3277:             ReportGeneratorMerged [J:\afterimage-tokyo\afterimage-tokyo\GlassRefrain.Camera.csproj]
C:\Program Files\dotnet\sdk\10.0.203\Microsoft.Common.CurrentVersion.targets(2451,5): warning MSB3277: Found conflicts between different versions of "System.Net.Http" that could not be resolved. [J:\afterimage-tokyo\afterimage-tokyo\GlassRefrain.Input.csproj]
C:\Program Files\dotnet\sdk\10.0.203\Microsoft.Common.CurrentVersion.targets(2451,5): warning MSB3277: There was a conflict between "System.Net.Http, Version=4.1.2.0, Culture=neutral, PublicKeyToken=b03f5f7f11d50a3a" and "System.Net.Http, Version=4.2.0.0, Culture=neutral, PublicKeyToken=b03f5f7f11d50a3a". [J:\afterimage-tokyo\afterimage-tokyo\GlassRefrain.Input.csproj]
C:\Program Files\dotnet\sdk\10.0.203\Microsoft.Common.CurrentVersion.targets(2451,5): warning MSB3277:     "System.Net.Http, Version=4.1.2.0, Culture=neutral, PublicKeyToken=b03f5f7f11d50a3a" was chosen because it was primary and "System.Net.Http, Version=4.2.0.0, Culture=neutral, PublicKeyToken=b03f5f7f11d50a3a" was not. [J:\afterimage-tokyo\afterimage-tokyo\GlassRefrain.Input.csproj]
C:\Program Files\dotnet\sdk\10.0.203\Microsoft.Common.CurrentVersion.targets(2451,5): warning MSB3277:     References which depend on "System.Net.Http, Version=4.1.2.0, Culture=neutral, PublicKeyToken=b03f5f7f11d50a3a" [J:\6000.3.11f1\Editor\Data\NetStandard\compat\2.1.0\shims\netstandard\System.Net.Http.dll]. [J:\afterimage-tokyo\afterimage-tokyo\GlassRefrain.Input.csproj]
C:\Program Files\dotnet\sdk\10.0.203\Microsoft.Common.CurrentVersion.targets(2451,5): warning MSB3277:         J:\6000.3.11f1\Editor\Data\NetStandard\compat\2.1.0\shims\netstandard\System.Net.Http.dll [J:\afterimage-tokyo\afterimage-tokyo\GlassRefrain.Input.csproj]
C:\Program Files\dotnet\sdk\10.0.203\Microsoft.Common.CurrentVersion.targets(2451,5): warning MSB3277:           Project file item includes which caused reference "J:\6000.3.11f1\Editor\Data\NetStandard\compat\2.1.0\shims\netstandard\System.Net.Http.dll". [J:\afterimage-tokyo\afterimage-tokyo\GlassRefrain.Input.csproj]
C:\Program Files\dotnet\sdk\10.0.203\Microsoft.Common.CurrentVersion.targets(2451,5): warning MSB3277:             System.Net.Http [J:\afterimage-tokyo\afterimage-tokyo\GlassRefrain.Input.csproj]
C:\Program Files\dotnet\sdk\10.0.203\Microsoft.Common.CurrentVersion.targets(2451,5): warning MSB3277:     References which depend on or have been unified to "System.Net.Http, Version=4.2.0.0, Culture=neutral, PublicKeyToken=b03f5f7f11d50a3a" []. [J:\afterimage-tokyo\afterimage-tokyo\GlassRefrain.Input.csproj]
C:\Program Files\dotnet\sdk\10.0.203\Microsoft.Common.CurrentVersion.targets(2451,5): warning MSB3277:         J:\afterimage-tokyo\afterimage-tokyo\Library\PackageCache\com.unity.testtools.codecoverage@19a841221620\lib\ReportGenerator\ReportGeneratorMerged.dll [J:\afterimage-tokyo\afterimage-tokyo\GlassRefrain.Input.csproj]
C:\Program Files\dotnet\sdk\10.0.203\Microsoft.Common.CurrentVersion.targets(2451,5): warning MSB3277:           Project file item includes which caused reference "J:\afterimage-tokyo\afterimage-tokyo\Library\PackageCache\com.unity.testtools.codecoverage@19a841221620\lib\ReportGenerator\ReportGeneratorMerged.dll". [J:\afterimage-tokyo\afterimage-tokyo\GlassRefrain.Input.csproj]
C:\Program Files\dotnet\sdk\10.0.203\Microsoft.Common.CurrentVersion.targets(2451,5): warning MSB3277:             ReportGeneratorMerged [J:\afterimage-tokyo\afterimage-tokyo\GlassRefrain.Input.csproj]
C:\Program Files\dotnet\sdk\10.0.203\Microsoft.Common.CurrentVersion.targets(2451,5): warning MSB3277: Found conflicts between different versions of "System.Security.Cryptography.Algorithms" that could not be resolved. [J:\afterimage-tokyo\afterimage-tokyo\GlassRefrain.Input.csproj]
C:\Program Files\dotnet\sdk\10.0.203\Microsoft.Common.CurrentVersion.targets(2451,5): warning MSB3277: There was a conflict between "System.Security.Cryptography.Algorithms, Version=4.2.2.0, Culture=neutral, PublicKeyToken=b03f5f7f11d50a3a" and "System.Security.Cryptography.Algorithms, Version=4.3.0.0, Culture=neutral, PublicKeyToken=b03f5f7f11d50a3a". [J:\afterimage-tokyo\afterimage-tokyo\GlassRefrain.Input.csproj]
C:\Program Files\dotnet\sdk\10.0.203\Microsoft.Common.CurrentVersion.targets(2451,5): warning MSB3277:     "System.Security.Cryptography.Algorithms, Version=4.2.2.0, Culture=neutral, PublicKeyToken=b03f5f7f11d50a3a" was chosen because it was primary and "System.Security.Cryptography.Algorithms, Version=4.3.0.0, Culture=neutral, PublicKeyToken=b03f5f7f11d50a3a" was not. [J:\afterimage-tokyo\afterimage-tokyo\GlassRefrain.Input.csproj]
C:\Program Files\dotnet\sdk\10.0.203\Microsoft.Common.CurrentVersion.targets(2451,5): warning MSB3277:     References which depend on "System.Security.Cryptography.Algorithms, Version=4.2.2.0, Culture=neutral, PublicKeyToken=b03f5f7f11d50a3a" [J:\6000.3.11f1\Editor\Data\NetStandard\compat\2.1.0\shims\netstandard\System.Security.Cryptography.Algorithms.dll]. [J:\afterimage-tokyo\afterimage-tokyo\GlassRefrain.Input.csproj]
C:\Program Files\dotnet\sdk\10.0.203\Microsoft.Common.CurrentVersion.targets(2451,5): warning MSB3277:         J:\6000.3.11f1\Editor\Data\NetStandard\compat\2.1.0\shims\netstandard\System.Security.Cryptography.Algorithms.dll [J:\afterimage-tokyo\afterimage-tokyo\GlassRefrain.Input.csproj]
C:\Program Files\dotnet\sdk\10.0.203\Microsoft.Common.CurrentVersion.targets(2451,5): warning MSB3277:           Project file item includes which caused reference "J:\6000.3.11f1\Editor\Data\NetStandard\compat\2.1.0\shims\netstandard\System.Security.Cryptography.Algorithms.dll". [J:\afterimage-tokyo\afterimage-tokyo\GlassRefrain.Input.csproj]
C:\Program Files\dotnet\sdk\10.0.203\Microsoft.Common.CurrentVersion.targets(2451,5): warning MSB3277:             System.Security.Cryptography.Algorithms [J:\afterimage-tokyo\afterimage-tokyo\GlassRefrain.Input.csproj]
C:\Program Files\dotnet\sdk\10.0.203\Microsoft.Common.CurrentVersion.targets(2451,5): warning MSB3277:     References which depend on or have been unified to "System.Security.Cryptography.Algorithms, Version=4.3.0.0, Culture=neutral, PublicKeyToken=b03f5f7f11d50a3a" []. [J:\afterimage-tokyo\afterimage-tokyo\GlassRefrain.Input.csproj]
C:\Program Files\dotnet\sdk\10.0.203\Microsoft.Common.CurrentVersion.targets(2451,5): warning MSB3277:         J:\afterimage-tokyo\afterimage-tokyo\Library\PackageCache\com.unity.testtools.codecoverage@19a841221620\lib\ReportGenerator\ReportGeneratorMerged.dll [J:\afterimage-tokyo\afterimage-tokyo\GlassRefrain.Input.csproj]
C:\Program Files\dotnet\sdk\10.0.203\Microsoft.Common.CurrentVersion.targets(2451,5): warning MSB3277:           Project file item includes which caused reference "J:\afterimage-tokyo\afterimage-tokyo\Library\PackageCache\com.unity.testtools.codecoverage@19a841221620\lib\ReportGenerator\ReportGeneratorMerged.dll". [J:\afterimage-tokyo\afterimage-tokyo\GlassRefrain.Input.csproj]
C:\Program Files\dotnet\sdk\10.0.203\Microsoft.Common.CurrentVersion.targets(2451,5): warning MSB3277:             ReportGeneratorMerged [J:\afterimage-tokyo\afterimage-tokyo\GlassRefrain.Input.csproj]
C:\Program Files\dotnet\sdk\10.0.203\Microsoft.Common.CurrentVersion.targets(2451,5): warning MSB3277: Found conflicts between different versions of "System.Net.Http" that could not be resolved. [J:\afterimage-tokyo\afterimage-tokyo\GlassRefrain.Enemy.csproj]
C:\Program Files\dotnet\sdk\10.0.203\Microsoft.Common.CurrentVersion.targets(2451,5): warning MSB3277: There was a conflict between "System.Net.Http, Version=4.1.2.0, Culture=neutral, PublicKeyToken=b03f5f7f11d50a3a" and "System.Net.Http, Version=4.2.0.0, Culture=neutral, PublicKeyToken=b03f5f7f11d50a3a". [J:\afterimage-tokyo\afterimage-tokyo\GlassRefrain.Enemy.csproj]
C:\Program Files\dotnet\sdk\10.0.203\Microsoft.Common.CurrentVersion.targets(2451,5): warning MSB3277:     "System.Net.Http, Version=4.1.2.0, Culture=neutral, PublicKeyToken=b03f5f7f11d50a3a" was chosen because it was primary and "System.Net.Http, Version=4.2.0.0, Culture=neutral, PublicKeyToken=b03f5f7f11d50a3a" was not. [J:\afterimage-tokyo\afterimage-tokyo\GlassRefrain.Enemy.csproj]
C:\Program Files\dotnet\sdk\10.0.203\Microsoft.Common.CurrentVersion.targets(2451,5): warning MSB3277:     References which depend on "System.Net.Http, Version=4.1.2.0, Culture=neutral, PublicKeyToken=b03f5f7f11d50a3a" [J:\6000.3.11f1\Editor\Data\NetStandard\compat\2.1.0\shims\netstandard\System.Net.Http.dll]. [J:\afterimage-tokyo\afterimage-tokyo\GlassRefrain.Enemy.csproj]
C:\Program Files\dotnet\sdk\10.0.203\Microsoft.Common.CurrentVersion.targets(2451,5): warning MSB3277:         J:\6000.3.11f1\Editor\Data\NetStandard\compat\2.1.0\shims\netstandard\System.Net.Http.dll [J:\afterimage-tokyo\afterimage-tokyo\GlassRefrain.Enemy.csproj]
C:\Program Files\dotnet\sdk\10.0.203\Microsoft.Common.CurrentVersion.targets(2451,5): warning MSB3277:           Project file item includes which caused reference "J:\6000.3.11f1\Editor\Data\NetStandard\compat\2.1.0\shims\netstandard\System.Net.Http.dll". [J:\afterimage-tokyo\afterimage-tokyo\GlassRefrain.Enemy.csproj]
C:\Program Files\dotnet\sdk\10.0.203\Microsoft.Common.CurrentVersion.targets(2451,5): warning MSB3277:             System.Net.Http [J:\afterimage-tokyo\afterimage-tokyo\GlassRefrain.Enemy.csproj]
C:\Program Files\dotnet\sdk\10.0.203\Microsoft.Common.CurrentVersion.targets(2451,5): warning MSB3277:     References which depend on or have been unified to "System.Net.Http, Version=4.2.0.0, Culture=neutral, PublicKeyToken=b03f5f7f11d50a3a" []. [J:\afterimage-tokyo\afterimage-tokyo\GlassRefrain.Enemy.csproj]
C:\Program Files\dotnet\sdk\10.0.203\Microsoft.Common.CurrentVersion.targets(2451,5): warning MSB3277:         J:\afterimage-tokyo\afterimage-tokyo\Library\PackageCache\com.unity.testtools.codecoverage@19a841221620\lib\ReportGenerator\ReportGeneratorMerged.dll [J:\afterimage-tokyo\afterimage-tokyo\GlassRefrain.Enemy.csproj]
C:\Program Files\dotnet\sdk\10.0.203\Microsoft.Common.CurrentVersion.targets(2451,5): warning MSB3277:           Project file item includes which caused reference "J:\afterimage-tokyo\afterimage-tokyo\Library\PackageCache\com.unity.testtools.codecoverage@19a841221620\lib\ReportGenerator\ReportGeneratorMerged.dll". [J:\afterimage-tokyo\afterimage-tokyo\GlassRefrain.Enemy.csproj]
C:\Program Files\dotnet\sdk\10.0.203\Microsoft.Common.CurrentVersion.targets(2451,5): warning MSB3277:             ReportGeneratorMerged [J:\afterimage-tokyo\afterimage-tokyo\GlassRefrain.Enemy.csproj]
C:\Program Files\dotnet\sdk\10.0.203\Microsoft.Common.CurrentVersion.targets(2451,5): warning MSB3277: Found conflicts between different versions of "System.Security.Cryptography.Algorithms" that could not be resolved. [J:\afterimage-tokyo\afterimage-tokyo\GlassRefrain.Enemy.csproj]
C:\Program Files\dotnet\sdk\10.0.203\Microsoft.Common.CurrentVersion.targets(2451,5): warning MSB3277: There was a conflict between "System.Security.Cryptography.Algorithms, Version=4.2.2.0, Culture=neutral, PublicKeyToken=b03f5f7f11d50a3a" and "System.Security.Cryptography.Algorithms, Version=4.3.0.0, Culture=neutral, PublicKeyToken=b03f5f7f11d50a3a". [J:\afterimage-tokyo\afterimage-tokyo\GlassRefrain.Enemy.csproj]
C:\Program Files\dotnet\sdk\10.0.203\Microsoft.Common.CurrentVersion.targets(2451,5): warning MSB3277:     "System.Security.Cryptography.Algorithms, Version=4.2.2.0, Culture=neutral, PublicKeyToken=b03f5f7f11d50a3a" was chosen because it was primary and "System.Security.Cryptography.Algorithms, Version=4.3.0.0, Culture=neutral, PublicKeyToken=b03f5f7f11d50a3a" was not. [J:\afterimage-tokyo\afterimage-tokyo\GlassRefrain.Enemy.csproj]
C:\Program Files\dotnet\sdk\10.0.203\Microsoft.Common.CurrentVersion.targets(2451,5): warning MSB3277:     References which depend on "System.Security.Cryptography.Algorithms, Version=4.2.2.0, Culture=neutral, PublicKeyToken=b03f5f7f11d50a3a" [J:\6000.3.11f1\Editor\Data\NetStandard\compat\2.1.0\shims\netstandard\System.Security.Cryptography.Algorithms.dll]. [J:\afterimage-tokyo\afterimage-tokyo\GlassRefrain.Enemy.csproj]
C:\Program Files\dotnet\sdk\10.0.203\Microsoft.Common.CurrentVersion.targets(2451,5): warning MSB3277:         J:\6000.3.11f1\Editor\Data\NetStandard\compat\2.1.0\shims\netstandard\System.Security.Cryptography.Algorithms.dll [J:\afterimage-tokyo\afterimage-tokyo\GlassRefrain.Enemy.csproj]
C:\Program Files\dotnet\sdk\10.0.203\Microsoft.Common.CurrentVersion.targets(2451,5): warning MSB3277:           Project file item includes which caused reference "J:\6000.3.11f1\Editor\Data\NetStandard\compat\2.1.0\shims\netstandard\System.Security.Cryptography.Algorithms.dll". [J:\afterimage-tokyo\afterimage-tokyo\GlassRefrain.Enemy.csproj]
C:\Program Files\dotnet\sdk\10.0.203\Microsoft.Common.CurrentVersion.targets(2451,5): warning MSB3277:             System.Security.Cryptography.Algorithms [J:\afterimage-tokyo\afterimage-tokyo\GlassRefrain.Enemy.csproj]
C:\Program Files\dotnet\sdk\10.0.203\Microsoft.Common.CurrentVersion.targets(2451,5): warning MSB3277:     References which depend on or have been unified to "System.Security.Cryptography.Algorithms, Version=4.3.0.0, Culture=neutral, PublicKeyToken=b03f5f7f11d50a3a" []. [J:\afterimage-tokyo\afterimage-tokyo\GlassRefrain.Enemy.csproj]
C:\Program Files\dotnet\sdk\10.0.203\Microsoft.Common.CurrentVersion.targets(2451,5): warning MSB3277:         J:\afterimage-tokyo\afterimage-tokyo\Library\PackageCache\com.unity.testtools.codecoverage@19a841221620\lib\ReportGenerator\ReportGeneratorMerged.dll [J:\afterimage-tokyo\afterimage-tokyo\GlassRefrain.Enemy.csproj]
C:\Program Files\dotnet\sdk\10.0.203\Microsoft.Common.CurrentVersion.targets(2451,5): warning MSB3277:           Project file item includes which caused reference "J:\afterimage-tokyo\afterimage-tokyo\Library\PackageCache\com.unity.testtools.codecoverage@19a841221620\lib\ReportGenerator\ReportGeneratorMerged.dll". [J:\afterimage-tokyo\afterimage-tokyo\GlassRefrain.Enemy.csproj]
C:\Program Files\dotnet\sdk\10.0.203\Microsoft.Common.CurrentVersion.targets(2451,5): warning MSB3277:             ReportGeneratorMerged [J:\afterimage-tokyo\afterimage-tokyo\GlassRefrain.Enemy.csproj]
C:\Program Files\dotnet\sdk\10.0.203\Microsoft.Common.CurrentVersion.targets(2451,5): warning MSB3277: Found conflicts between different versions of "System.Net.Http" that could not be resolved. [J:\afterimage-tokyo\afterimage-tokyo\GlassRefrain.Health.csproj]
C:\Program Files\dotnet\sdk\10.0.203\Microsoft.Common.CurrentVersion.targets(2451,5): warning MSB3277: There was a conflict between "System.Net.Http, Version=4.1.2.0, Culture=neutral, PublicKeyToken=b03f5f7f11d50a3a" and "System.Net.Http, Version=4.2.0.0, Culture=neutral, PublicKeyToken=b03f5f7f11d50a3a". [J:\afterimage-tokyo\afterimage-tokyo\GlassRefrain.Health.csproj]
C:\Program Files\dotnet\sdk\10.0.203\Microsoft.Common.CurrentVersion.targets(2451,5): warning MSB3277:     "System.Net.Http, Version=4.1.2.0, Culture=neutral, PublicKeyToken=b03f5f7f11d50a3a" was chosen because it was primary and "System.Net.Http, Version=4.2.0.0, Culture=neutral, PublicKeyToken=b03f5f7f11d50a3a" was not. [J:\afterimage-tokyo\afterimage-tokyo\GlassRefrain.Health.csproj]
C:\Program Files\dotnet\sdk\10.0.203\Microsoft.Common.CurrentVersion.targets(2451,5): warning MSB3277:     References which depend on "System.Net.Http, Version=4.1.2.0, Culture=neutral, PublicKeyToken=b03f5f7f11d50a3a" [J:\6000.3.11f1\Editor\Data\NetStandard\compat\2.1.0\shims\netstandard\System.Net.Http.dll]. [J:\afterimage-tokyo\afterimage-tokyo\GlassRefrain.Health.csproj]
C:\Program Files\dotnet\sdk\10.0.203\Microsoft.Common.CurrentVersion.targets(2451,5): warning MSB3277:         J:\6000.3.11f1\Editor\Data\NetStandard\compat\2.1.0\shims\netstandard\System.Net.Http.dll [J:\afterimage-tokyo\afterimage-tokyo\GlassRefrain.Health.csproj]
C:\Program Files\dotnet\sdk\10.0.203\Microsoft.Common.CurrentVersion.targets(2451,5): warning MSB3277:           Project file item includes which caused reference "J:\6000.3.11f1\Editor\Data\NetStandard\compat\2.1.0\shims\netstandard\System.Net.Http.dll". [J:\afterimage-tokyo\afterimage-tokyo\GlassRefrain.Health.csproj]
C:\Program Files\dotnet\sdk\10.0.203\Microsoft.Common.CurrentVersion.targets(2451,5): warning MSB3277:             System.Net.Http [J:\afterimage-tokyo\afterimage-tokyo\GlassRefrain.Health.csproj]
C:\Program Files\dotnet\sdk\10.0.203\Microsoft.Common.CurrentVersion.targets(2451,5): warning MSB3277:     References which depend on or have been unified to "System.Net.Http, Version=4.2.0.0, Culture=neutral, PublicKeyToken=b03f5f7f11d50a3a" []. [J:\afterimage-tokyo\afterimage-tokyo\GlassRefrain.Health.csproj]
C:\Program Files\dotnet\sdk\10.0.203\Microsoft.Common.CurrentVersion.targets(2451,5): warning MSB3277:         J:\afterimage-tokyo\afterimage-tokyo\Library\PackageCache\com.unity.testtools.codecoverage@19a841221620\lib\ReportGenerator\ReportGeneratorMerged.dll [J:\afterimage-tokyo\afterimage-tokyo\GlassRefrain.Health.csproj]
C:\Program Files\dotnet\sdk\10.0.203\Microsoft.Common.CurrentVersion.targets(2451,5): warning MSB3277:           Project file item includes which caused reference "J:\afterimage-tokyo\afterimage-tokyo\Library\PackageCache\com.unity.testtools.codecoverage@19a841221620\lib\ReportGenerator\ReportGeneratorMerged.dll". [J:\afterimage-tokyo\afterimage-tokyo\GlassRefrain.Health.csproj]
C:\Program Files\dotnet\sdk\10.0.203\Microsoft.Common.CurrentVersion.targets(2451,5): warning MSB3277:             ReportGeneratorMerged [J:\afterimage-tokyo\afterimage-tokyo\GlassRefrain.Health.csproj]
C:\Program Files\dotnet\sdk\10.0.203\Microsoft.Common.CurrentVersion.targets(2451,5): warning MSB3277: Found conflicts between different versions of "System.Security.Cryptography.Algorithms" that could not be resolved. [J:\afterimage-tokyo\afterimage-tokyo\GlassRefrain.Health.csproj]
C:\Program Files\dotnet\sdk\10.0.203\Microsoft.Common.CurrentVersion.targets(2451,5): warning MSB3277: There was a conflict between "System.Security.Cryptography.Algorithms, Version=4.2.2.0, Culture=neutral, PublicKeyToken=b03f5f7f11d50a3a" and "System.Security.Cryptography.Algorithms, Version=4.3.0.0, Culture=neutral, PublicKeyToken=b03f5f7f11d50a3a". [J:\afterimage-tokyo\afterimage-tokyo\GlassRefrain.Health.csproj]
C:\Program Files\dotnet\sdk\10.0.203\Microsoft.Common.CurrentVersion.targets(2451,5): warning MSB3277:     "System.Security.Cryptography.Algorithms, Version=4.2.2.0, Culture=neutral, PublicKeyToken=b03f5f7f11d50a3a" was chosen because it was primary and "System.Security.Cryptography.Algorithms, Version=4.3.0.0, Culture=neutral, PublicKeyToken=b03f5f7f11d50a3a" was not. [J:\afterimage-tokyo\afterimage-tokyo\GlassRefrain.Health.csproj]
C:\Program Files\dotnet\sdk\10.0.203\Microsoft.Common.CurrentVersion.targets(2451,5): warning MSB3277:     References which depend on "System.Security.Cryptography.Algorithms, Version=4.2.2.0, Culture=neutral, PublicKeyToken=b03f5f7f11d50a3a" [J:\6000.3.11f1\Editor\Data\NetStandard\compat\2.1.0\shims\netstandard\System.Security.Cryptography.Algorithms.dll]. [J:\afterimage-tokyo\afterimage-tokyo\GlassRefrain.Health.csproj]
C:\Program Files\dotnet\sdk\10.0.203\Microsoft.Common.CurrentVersion.targets(2451,5): warning MSB3277:         J:\6000.3.11f1\Editor\Data\NetStandard\compat\2.1.0\shims\netstandard\System.Security.Cryptography.Algorithms.dll [J:\afterimage-tokyo\afterimage-tokyo\GlassRefrain.Health.csproj]
C:\Program Files\dotnet\sdk\10.0.203\Microsoft.Common.CurrentVersion.targets(2451,5): warning MSB3277:           Project file item includes which caused reference "J:\6000.3.11f1\Editor\Data\NetStandard\compat\2.1.0\shims\netstandard\System.Security.Cryptography.Algorithms.dll". [J:\afterimage-tokyo\afterimage-tokyo\GlassRefrain.Health.csproj]
C:\Program Files\dotnet\sdk\10.0.203\Microsoft.Common.CurrentVersion.targets(2451,5): warning MSB3277:             System.Security.Cryptography.Algorithms [J:\afterimage-tokyo\afterimage-tokyo\GlassRefrain.Health.csproj]
C:\Program Files\dotnet\sdk\10.0.203\Microsoft.Common.CurrentVersion.targets(2451,5): warning MSB3277:     References which depend on or have been unified to "System.Security.Cryptography.Algorithms, Version=4.3.0.0, Culture=neutral, PublicKeyToken=b03f5f7f11d50a3a" []. [J:\afterimage-tokyo\afterimage-tokyo\GlassRefrain.Health.csproj]
C:\Program Files\dotnet\sdk\10.0.203\Microsoft.Common.CurrentVersion.targets(2451,5): warning MSB3277:         J:\afterimage-tokyo\afterimage-tokyo\Library\PackageCache\com.unity.testtools.codecoverage@19a841221620\lib\ReportGenerator\ReportGeneratorMerged.dll [J:\afterimage-tokyo\afterimage-tokyo\GlassRefrain.Health.csproj]
C:\Program Files\dotnet\sdk\10.0.203\Microsoft.Common.CurrentVersion.targets(2451,5): warning MSB3277:           Project file item includes which caused reference "J:\afterimage-tokyo\afterimage-tokyo\Library\PackageCache\com.unity.testtools.codecoverage@19a841221620\lib\ReportGenerator\ReportGeneratorMerged.dll". [J:\afterimage-tokyo\afterimage-tokyo\GlassRefrain.Health.csproj]
C:\Program Files\dotnet\sdk\10.0.203\Microsoft.Common.CurrentVersion.targets(2451,5): warning MSB3277:             ReportGeneratorMerged [J:\afterimage-tokyo\afterimage-tokyo\GlassRefrain.Health.csproj]
C:\Program Files\dotnet\sdk\10.0.203\Microsoft.Common.CurrentVersion.targets(2451,5): warning MSB3277: Found conflicts between different versions of "System.Net.Http" that could not be resolved. [J:\afterimage-tokyo\afterimage-tokyo\GlassRefrain.Infrastructure.csproj]
C:\Program Files\dotnet\sdk\10.0.203\Microsoft.Common.CurrentVersion.targets(2451,5): warning MSB3277: There was a conflict between "System.Net.Http, Version=4.1.2.0, Culture=neutral, PublicKeyToken=b03f5f7f11d50a3a" and "System.Net.Http, Version=4.2.0.0, Culture=neutral, PublicKeyToken=b03f5f7f11d50a3a". [J:\afterimage-tokyo\afterimage-tokyo\GlassRefrain.Infrastructure.csproj]
C:\Program Files\dotnet\sdk\10.0.203\Microsoft.Common.CurrentVersion.targets(2451,5): warning MSB3277:     "System.Net.Http, Version=4.1.2.0, Culture=neutral, PublicKeyToken=b03f5f7f11d50a3a" was chosen because it was primary and "System.Net.Http, Version=4.2.0.0, Culture=neutral, PublicKeyToken=b03f5f7f11d50a3a" was not. [J:\afterimage-tokyo\afterimage-tokyo\GlassRefrain.Infrastructure.csproj]
C:\Program Files\dotnet\sdk\10.0.203\Microsoft.Common.CurrentVersion.targets(2451,5): warning MSB3277:     References which depend on "System.Net.Http, Version=4.1.2.0, Culture=neutral, PublicKeyToken=b03f5f7f11d50a3a" [J:\6000.3.11f1\Editor\Data\NetStandard\compat\2.1.0\shims\netstandard\System.Net.Http.dll]. [J:\afterimage-tokyo\afterimage-tokyo\GlassRefrain.Infrastructure.csproj]
C:\Program Files\dotnet\sdk\10.0.203\Microsoft.Common.CurrentVersion.targets(2451,5): warning MSB3277:         J:\6000.3.11f1\Editor\Data\NetStandard\compat\2.1.0\shims\netstandard\System.Net.Http.dll [J:\afterimage-tokyo\afterimage-tokyo\GlassRefrain.Infrastructure.csproj]
C:\Program Files\dotnet\sdk\10.0.203\Microsoft.Common.CurrentVersion.targets(2451,5): warning MSB3277:           Project file item includes which caused reference "J:\6000.3.11f1\Editor\Data\NetStandard\compat\2.1.0\shims\netstandard\System.Net.Http.dll". [J:\afterimage-tokyo\afterimage-tokyo\GlassRefrain.Infrastructure.csproj]
C:\Program Files\dotnet\sdk\10.0.203\Microsoft.Common.CurrentVersion.targets(2451,5): warning MSB3277:             System.Net.Http [J:\afterimage-tokyo\afterimage-tokyo\GlassRefrain.Infrastructure.csproj]
C:\Program Files\dotnet\sdk\10.0.203\Microsoft.Common.CurrentVersion.targets(2451,5): warning MSB3277:     References which depend on or have been unified to "System.Net.Http, Version=4.2.0.0, Culture=neutral, PublicKeyToken=b03f5f7f11d50a3a" []. [J:\afterimage-tokyo\afterimage-tokyo\GlassRefrain.Infrastructure.csproj]
C:\Program Files\dotnet\sdk\10.0.203\Microsoft.Common.CurrentVersion.targets(2451,5): warning MSB3277:         J:\afterimage-tokyo\afterimage-tokyo\Library\PackageCache\com.unity.testtools.codecoverage@19a841221620\lib\ReportGenerator\ReportGeneratorMerged.dll [J:\afterimage-tokyo\afterimage-tokyo\GlassRefrain.Infrastructure.csproj]
C:\Program Files\dotnet\sdk\10.0.203\Microsoft.Common.CurrentVersion.targets(2451,5): warning MSB3277:           Project file item includes which caused reference "J:\afterimage-tokyo\afterimage-tokyo\Library\PackageCache\com.unity.testtools.codecoverage@19a841221620\lib\ReportGenerator\ReportGeneratorMerged.dll". [J:\afterimage-tokyo\afterimage-tokyo\GlassRefrain.Infrastructure.csproj]
C:\Program Files\dotnet\sdk\10.0.203\Microsoft.Common.CurrentVersion.targets(2451,5): warning MSB3277:             ReportGeneratorMerged [J:\afterimage-tokyo\afterimage-tokyo\GlassRefrain.Infrastructure.csproj]
C:\Program Files\dotnet\sdk\10.0.203\Microsoft.Common.CurrentVersion.targets(2451,5): warning MSB3277: Found conflicts between different versions of "System.Security.Cryptography.Algorithms" that could not be resolved. [J:\afterimage-tokyo\afterimage-tokyo\GlassRefrain.Infrastructure.csproj]
C:\Program Files\dotnet\sdk\10.0.203\Microsoft.Common.CurrentVersion.targets(2451,5): warning MSB3277: There was a conflict between "System.Security.Cryptography.Algorithms, Version=4.2.2.0, Culture=neutral, PublicKeyToken=b03f5f7f11d50a3a" and "System.Security.Cryptography.Algorithms, Version=4.3.0.0, Culture=neutral, PublicKeyToken=b03f5f7f11d50a3a". [J:\afterimage-tokyo\afterimage-tokyo\GlassRefrain.Infrastructure.csproj]
C:\Program Files\dotnet\sdk\10.0.203\Microsoft.Common.CurrentVersion.targets(2451,5): warning MSB3277:     "System.Security.Cryptography.Algorithms, Version=4.2.2.0, Culture=neutral, PublicKeyToken=b03f5f7f11d50a3a" was chosen because it was primary and "System.Security.Cryptography.Algorithms, Version=4.3.0.0, Culture=neutral, PublicKeyToken=b03f5f7f11d50a3a" was not. [J:\afterimage-tokyo\afterimage-tokyo\GlassRefrain.Infrastructure.csproj]
C:\Program Files\dotnet\sdk\10.0.203\Microsoft.Common.CurrentVersion.targets(2451,5): warning MSB3277:     References which depend on "System.Security.Cryptography.Algorithms, Version=4.2.2.0, Culture=neutral, PublicKeyToken=b03f5f7f11d50a3a" [J:\6000.3.11f1\Editor\Data\NetStandard\compat\2.1.0\shims\netstandard\System.Security.Cryptography.Algorithms.dll]. [J:\afterimage-tokyo\afterimage-tokyo\GlassRefrain.Infrastructure.csproj]
C:\Program Files\dotnet\sdk\10.0.203\Microsoft.Common.CurrentVersion.targets(2451,5): warning MSB3277:         J:\6000.3.11f1\Editor\Data\NetStandard\compat\2.1.0\shims\netstandard\System.Security.Cryptography.Algorithms.dll [J:\afterimage-tokyo\afterimage-tokyo\GlassRefrain.Infrastructure.csproj]
C:\Program Files\dotnet\sdk\10.0.203\Microsoft.Common.CurrentVersion.targets(2451,5): warning MSB3277:           Project file item includes which caused reference "J:\6000.3.11f1\Editor\Data\NetStandard\compat\2.1.0\shims\netstandard\System.Security.Cryptography.Algorithms.dll". [J:\afterimage-tokyo\afterimage-tokyo\GlassRefrain.Infrastructure.csproj]
C:\Program Files\dotnet\sdk\10.0.203\Microsoft.Common.CurrentVersion.targets(2451,5): warning MSB3277:             System.Security.Cryptography.Algorithms [J:\afterimage-tokyo\afterimage-tokyo\GlassRefrain.Infrastructure.csproj]
C:\Program Files\dotnet\sdk\10.0.203\Microsoft.Common.CurrentVersion.targets(2451,5): warning MSB3277:     References which depend on or have been unified to "System.Security.Cryptography.Algorithms, Version=4.3.0.0, Culture=neutral, PublicKeyToken=b03f5f7f11d50a3a" []. [J:\afterimage-tokyo\afterimage-tokyo\GlassRefrain.Infrastructure.csproj]
C:\Program Files\dotnet\sdk\10.0.203\Microsoft.Common.CurrentVersion.targets(2451,5): warning MSB3277:         J:\afterimage-tokyo\afterimage-tokyo\Library\PackageCache\com.unity.testtools.codecoverage@19a841221620\lib\ReportGenerator\ReportGeneratorMerged.dll [J:\afterimage-tokyo\afterimage-tokyo\GlassRefrain.Infrastructure.csproj]
C:\Program Files\dotnet\sdk\10.0.203\Microsoft.Common.CurrentVersion.targets(2451,5): warning MSB3277:           Project file item includes which caused reference "J:\afterimage-tokyo\afterimage-tokyo\Library\PackageCache\com.unity.testtools.codecoverage@19a841221620\lib\ReportGenerator\ReportGeneratorMerged.dll". [J:\afterimage-tokyo\afterimage-tokyo\GlassRefrain.Infrastructure.csproj]
C:\Program Files\dotnet\sdk\10.0.203\Microsoft.Common.CurrentVersion.targets(2451,5): warning MSB3277:             ReportGeneratorMerged [J:\afterimage-tokyo\afterimage-tokyo\GlassRefrain.Infrastructure.csproj]
C:\Program Files\dotnet\sdk\10.0.203\Microsoft.Common.CurrentVersion.targets(2451,5): warning MSB3277: Found conflicts between different versions of "System.Net.Http" that could not be resolved. [J:\afterimage-tokyo\afterimage-tokyo\GlassRefrain.Bootstrap.csproj]
C:\Program Files\dotnet\sdk\10.0.203\Microsoft.Common.CurrentVersion.targets(2451,5): warning MSB3277: There was a conflict between "System.Net.Http, Version=4.1.2.0, Culture=neutral, PublicKeyToken=b03f5f7f11d50a3a" and "System.Net.Http, Version=4.2.0.0, Culture=neutral, PublicKeyToken=b03f5f7f11d50a3a". [J:\afterimage-tokyo\afterimage-tokyo\GlassRefrain.Bootstrap.csproj]
C:\Program Files\dotnet\sdk\10.0.203\Microsoft.Common.CurrentVersion.targets(2451,5): warning MSB3277:     "System.Net.Http, Version=4.1.2.0, Culture=neutral, PublicKeyToken=b03f5f7f11d50a3a" was chosen because it was primary and "System.Net.Http, Version=4.2.0.0, Culture=neutral, PublicKeyToken=b03f5f7f11d50a3a" was not. [J:\afterimage-tokyo\afterimage-tokyo\GlassRefrain.Bootstrap.csproj]
C:\Program Files\dotnet\sdk\10.0.203\Microsoft.Common.CurrentVersion.targets(2451,5): warning MSB3277:     References which depend on "System.Net.Http, Version=4.1.2.0, Culture=neutral, PublicKeyToken=b03f5f7f11d50a3a" [J:\6000.3.11f1\Editor\Data\NetStandard\compat\2.1.0\shims\netstandard\System.Net.Http.dll]. [J:\afterimage-tokyo\afterimage-tokyo\GlassRefrain.Bootstrap.csproj]
C:\Program Files\dotnet\sdk\10.0.203\Microsoft.Common.CurrentVersion.targets(2451,5): warning MSB3277:         J:\6000.3.11f1\Editor\Data\NetStandard\compat\2.1.0\shims\netstandard\System.Net.Http.dll [J:\afterimage-tokyo\afterimage-tokyo\GlassRefrain.Bootstrap.csproj]
C:\Program Files\dotnet\sdk\10.0.203\Microsoft.Common.CurrentVersion.targets(2451,5): warning MSB3277:           Project file item includes which caused reference "J:\6000.3.11f1\Editor\Data\NetStandard\compat\2.1.0\shims\netstandard\System.Net.Http.dll". [J:\afterimage-tokyo\afterimage-tokyo\GlassRefrain.Bootstrap.csproj]
C:\Program Files\dotnet\sdk\10.0.203\Microsoft.Common.CurrentVersion.targets(2451,5): warning MSB3277:             System.Net.Http [J:\afterimage-tokyo\afterimage-tokyo\GlassRefrain.Bootstrap.csproj]
C:\Program Files\dotnet\sdk\10.0.203\Microsoft.Common.CurrentVersion.targets(2451,5): warning MSB3277:     References which depend on or have been unified to "System.Net.Http, Version=4.2.0.0, Culture=neutral, PublicKeyToken=b03f5f7f11d50a3a" []. [J:\afterimage-tokyo\afterimage-tokyo\GlassRefrain.Bootstrap.csproj]
C:\Program Files\dotnet\sdk\10.0.203\Microsoft.Common.CurrentVersion.targets(2451,5): warning MSB3277:         J:\afterimage-tokyo\afterimage-tokyo\Library\PackageCache\com.unity.testtools.codecoverage@19a841221620\lib\ReportGenerator\ReportGeneratorMerged.dll [J:\afterimage-tokyo\afterimage-tokyo\GlassRefrain.Bootstrap.csproj]
C:\Program Files\dotnet\sdk\10.0.203\Microsoft.Common.CurrentVersion.targets(2451,5): warning MSB3277:           Project file item includes which caused reference "J:\afterimage-tokyo\afterimage-tokyo\Library\PackageCache\com.unity.testtools.codecoverage@19a841221620\lib\ReportGenerator\ReportGeneratorMerged.dll". [J:\afterimage-tokyo\afterimage-tokyo\GlassRefrain.Bootstrap.csproj]
C:\Program Files\dotnet\sdk\10.0.203\Microsoft.Common.CurrentVersion.targets(2451,5): warning MSB3277:             ReportGeneratorMerged [J:\afterimage-tokyo\afterimage-tokyo\GlassRefrain.Bootstrap.csproj]
C:\Program Files\dotnet\sdk\10.0.203\Microsoft.Common.CurrentVersion.targets(2451,5): warning MSB3277: Found conflicts between different versions of "System.Security.Cryptography.Algorithms" that could not be resolved. [J:\afterimage-tokyo\afterimage-tokyo\GlassRefrain.Bootstrap.csproj]
C:\Program Files\dotnet\sdk\10.0.203\Microsoft.Common.CurrentVersion.targets(2451,5): warning MSB3277: There was a conflict between "System.Security.Cryptography.Algorithms, Version=4.2.2.0, Culture=neutral, PublicKeyToken=b03f5f7f11d50a3a" and "System.Security.Cryptography.Algorithms, Version=4.3.0.0, Culture=neutral, PublicKeyToken=b03f5f7f11d50a3a". [J:\afterimage-tokyo\afterimage-tokyo\GlassRefrain.Bootstrap.csproj]
C:\Program Files\dotnet\sdk\10.0.203\Microsoft.Common.CurrentVersion.targets(2451,5): warning MSB3277:     "System.Security.Cryptography.Algorithms, Version=4.2.2.0, Culture=neutral, PublicKeyToken=b03f5f7f11d50a3a" was chosen because it was primary and "System.Security.Cryptography.Algorithms, Version=4.3.0.0, Culture=neutral, PublicKeyToken=b03f5f7f11d50a3a" was not. [J:\afterimage-tokyo\afterimage-tokyo\GlassRefrain.Bootstrap.csproj]
C:\Program Files\dotnet\sdk\10.0.203\Microsoft.Common.CurrentVersion.targets(2451,5): warning MSB3277:     References which depend on "System.Security.Cryptography.Algorithms, Version=4.2.2.0, Culture=neutral, PublicKeyToken=b03f5f7f11d50a3a" [J:\6000.3.11f1\Editor\Data\NetStandard\compat\2.1.0\shims\netstandard\System.Security.Cryptography.Algorithms.dll]. [J:\afterimage-tokyo\afterimage-tokyo\GlassRefrain.Bootstrap.csproj]
C:\Program Files\dotnet\sdk\10.0.203\Microsoft.Common.CurrentVersion.targets(2451,5): warning MSB3277:         J:\6000.3.11f1\Editor\Data\NetStandard\compat\2.1.0\shims\netstandard\System.Security.Cryptography.Algorithms.dll [J:\afterimage-tokyo\afterimage-tokyo\GlassRefrain.Bootstrap.csproj]
C:\Program Files\dotnet\sdk\10.0.203\Microsoft.Common.CurrentVersion.targets(2451,5): warning MSB3277:           Project file item includes which caused reference "J:\6000.3.11f1\Editor\Data\NetStandard\compat\2.1.0\shims\netstandard\System.Security.Cryptography.Algorithms.dll". [J:\afterimage-tokyo\afterimage-tokyo\GlassRefrain.Bootstrap.csproj]
C:\Program Files\dotnet\sdk\10.0.203\Microsoft.Common.CurrentVersion.targets(2451,5): warning MSB3277:             System.Security.Cryptography.Algorithms [J:\afterimage-tokyo\afterimage-tokyo\GlassRefrain.Bootstrap.csproj]
C:\Program Files\dotnet\sdk\10.0.203\Microsoft.Common.CurrentVersion.targets(2451,5): warning MSB3277:     References which depend on or have been unified to "System.Security.Cryptography.Algorithms, Version=4.3.0.0, Culture=neutral, PublicKeyToken=b03f5f7f11d50a3a" []. [J:\afterimage-tokyo\afterimage-tokyo\GlassRefrain.Bootstrap.csproj]
C:\Program Files\dotnet\sdk\10.0.203\Microsoft.Common.CurrentVersion.targets(2451,5): warning MSB3277:         J:\afterimage-tokyo\afterimage-tokyo\Library\PackageCache\com.unity.testtools.codecoverage@19a841221620\lib\ReportGenerator\ReportGeneratorMerged.dll [J:\afterimage-tokyo\afterimage-tokyo\GlassRefrain.Bootstrap.csproj]
C:\Program Files\dotnet\sdk\10.0.203\Microsoft.Common.CurrentVersion.targets(2451,5): warning MSB3277:           Project file item includes which caused reference "J:\afterimage-tokyo\afterimage-tokyo\Library\PackageCache\com.unity.testtools.codecoverage@19a841221620\lib\ReportGenerator\ReportGeneratorMerged.dll". [J:\afterimage-tokyo\afterimage-tokyo\GlassRefrain.Bootstrap.csproj]
C:\Program Files\dotnet\sdk\10.0.203\Microsoft.Common.CurrentVersion.targets(2451,5): warning MSB3277:             ReportGeneratorMerged [J:\afterimage-tokyo\afterimage-tokyo\GlassRefrain.Bootstrap.csproj]
J:\afterimage-tokyo\afterimage-tokyo\Assets\_Project\Tests\EditMode\LocomotionBasis_test.cs(522,9): error CS1028: Unexpected preprocessor directive [J:\afterimage-tokyo\afterimage-tokyo\GlassRefrain.Tests.EditMode.csproj]
    26 Warning(s)
    1 Error(s)

Time Elapsed 00:00:02.78
